 ITHelper

 Timestamp is 6a34f45f (Fri Jun 19 10:48:47 2026)

 Preferred load address is 0000000140000000

 Start         Length     Name                   Class
 0001:00000000 000233b0H .text$mn                CODE
 0001:000233b0 00000060H .text$mn$00             CODE
 0001:00023410 00000b20H .text$mn$21             CODE
 0001:00023f30 00000ee0H .text$x                 CODE
 0002:00000000 000004b8H .idata$5                DATA
 0002:000004b8 00000038H .00cfg                  DATA
 0002:000004f0 00000008H .CRT$XCA                DATA
 0002:000004f8 00000008H .CRT$XCAA               DATA
 0002:00000500 00000008H .CRT$XCZ                DATA
 0002:00000508 00000008H .CRT$XIA                DATA
 0002:00000510 00000008H .CRT$XIAA               DATA
 0002:00000518 00000008H .CRT$XIAC               DATA
 0002:00000520 00000020H .CRT$XIC                DATA
 0002:00000540 00000008H .CRT$XIZ                DATA
 0002:00000548 00000008H .CRT$XPA                DATA
 0002:00000550 00000010H .CRT$XPX                DATA
 0002:00000560 00000008H .CRT$XPXA               DATA
 0002:00000568 00000008H .CRT$XPZ                DATA
 0002:00000570 00000008H .CRT$XTA                DATA
 0002:00000578 00000008H .CRT$XTZ                DATA
 0002:00000580 00000000H .gehcont$y              DATA
 0002:00000580 00000000H .gfids$y                DATA
 0002:00000580 0000cc10H .rdata                  DATA
 0002:0000d190 00000170H .rdata$00               DATA
 0002:0000d300 00000000H .rdata$CastGuardVftablesA DATA
 0002:0000d300 00000000H .rdata$CastGuardVftablesC DATA
 0002:0000d300 000009dcH .rdata$r                DATA
 0002:0000dcdc 000000ecH .rdata$voltmd           DATA
 0002:0000ddc8 00000370H .rdata$zzzdbg           DATA
 0002:0000e138 00000008H .rtc$IAA                DATA
 0002:0000e140 00000008H .rtc$IZZ                DATA
 0002:0000e148 00000008H .rtc$TAA                DATA
 0002:0000e150 00000008H .rtc$TZZ                DATA
 0002:0000e158 000024d0H .xdata                  DATA
 0002:00010628 00000364H .xdata$x                DATA
 0002:0001098c 00000000H .edata                  DATA
 0002:0001098c 0000008cH .idata$2                DATA
 0002:00010a18 00000018H .idata$3                DATA
 0002:00010a30 000004b8H .idata$4                DATA
 0002:00010ee8 000009eeH .idata$6                DATA
 0003:00000000 00000ac0H .data                   DATA
 0003:00000ac0 00000360H .data$r                 DATA
 0003:00000e20 00000320H .data$rs                DATA
 0003:00001140 00000f48H .bss                    DATA
 0004:00000000 00001d28H .pdata                  DATA
 0005:00000000 00000100H .fptable                DATA
 0006:00000000 00000130H .rsrc$01                DATA
 0006:00000130 00000cc0H .rsrc$02                DATA

  Address         Publics by Value              Rva+Base               Lib:Object

 0000:00000000       __AbsoluteZero             0000000000000000     <absolute>
 0000:00000000       ___safe_se_handler_count   0000000000000000     <absolute>
 0000:00000000       ___safe_se_handler_table   0000000000000000     <absolute>
 0000:00000000       __arm64x_extra_rfe_table   0000000000000000     <absolute>
 0000:00000000       __arm64x_extra_rfe_table_size 0000000000000000     <absolute>
 0000:00000000       __arm64x_native_entrypoint 0000000000000000     <absolute>
 0000:00000000       __arm64x_redirection_metadata 0000000000000000     <absolute>
 0000:00000000       __arm64x_redirection_metadata_count 0000000000000000     <absolute>
 0000:00000000       __dynamic_value_reloc_table 0000000000000000     <absolute>
 0000:00000000       __enclave_config           0000000000000000     <absolute>
 0000:00000000       __guard_check_icall_a64n_fptr 0000000000000000     <absolute>
 0000:00000000       __guard_eh_cont_count      0000000000000000     <absolute>
 0000:00000000       __guard_eh_cont_table      0000000000000000     <absolute>
 0000:00000000       __guard_fids_count         0000000000000000     <absolute>
 0000:00000000       __guard_fids_table         0000000000000000     <absolute>
 0000:00000000       __guard_iat_count          0000000000000000     <absolute>
 0000:00000000       __guard_iat_table          0000000000000000     <absolute>
 0000:00000000       __guard_longjmp_count      0000000000000000     <absolute>
 0000:00000000       __guard_longjmp_table      0000000000000000     <absolute>
 0000:00000000       __hybrid_auxiliary_delayload_iat 0000000000000000     <absolute>
 0000:00000000       __hybrid_auxiliary_delayload_iat_copy 0000000000000000     <absolute>
 0000:00000000       __hybrid_auxiliary_iat     0000000000000000     <absolute>
 0000:00000000       __hybrid_auxiliary_iat_copy 0000000000000000     <absolute>
 0000:00000000       __hybrid_code_map          0000000000000000     <absolute>
 0000:00000000       __hybrid_code_map_count    0000000000000000     <absolute>
 0000:00000000       __hybrid_image_info_bitfield 0000000000000000     <absolute>
 0000:00000000       __x64_code_ranges_to_entry_points 0000000000000000     <absolute>
 0000:00000000       __x64_code_ranges_to_entry_points_count 0000000000000000     <absolute>
 0000:00000100       __guard_flags              0000000000000100     <absolute>
 0000:00000000       __ImageBase                0000000140000000     <linker-defined>
 0001:00000000       __local_stdio_printf_options 0000000140001000 f i main.obj
 0001:00000008       swprintf                   0000000140001008 f i main.obj
 0001:00000164       wWinMain                   0000000140001164 f   main.obj
 0001:00000790       ??0exception@std@@QEAA@AEBV01@@Z 0000000140001790 f i Shell.obj
 0001:000007c4       ?what@exception@std@@UEBAPEBDXZ 00000001400017c4 f i Shell.obj
 0001:000007e0       ??_Ebad_alloc@std@@UEAAPEAXI@Z 00000001400017e0 f i * CIL library *:* CIL module *
 0001:000007e0       ??_Ebad_array_new_length@std@@UEAAPEAXI@Z 00000001400017e0 f i * CIL library *:* CIL module *
 0001:000007e0       ??_Ebad_exception@std@@UEAAPEAXI@Z 00000001400017e0 f i libvcruntime:frame.obj
 0001:000007e0       ??_Ebad_function_call@std@@UEAAPEAXI@Z 00000001400017e0 f i libcpmt:xthrow.obj
 0001:000007e0       ??_Eexception@std@@UEAAPEAXI@Z 00000001400017e0 f i * CIL library *:* CIL module *
 0001:000007e0       ??_Elength_error@std@@UEAAPEAXI@Z 00000001400017e0 f i libcpmt:xthrow.obj
 0001:000007e0       ??_Elogic_error@std@@UEAAPEAXI@Z 00000001400017e0 f i libcpmt:xthrow.obj
 0001:000007e0       ??_Eout_of_range@std@@UEAAPEAXI@Z 00000001400017e0 f i libcpmt:xthrow.obj
 0001:000007e0       ??_Eruntime_error@std@@UEAAPEAXI@Z 00000001400017e0 f i libcpmt:xthrow.obj
 0001:000007e0       ??_Gbad_alloc@std@@UEAAPEAXI@Z 00000001400017e0 f i Shell.obj
 0001:000007e0       ??_Gbad_array_new_length@std@@UEAAPEAXI@Z 00000001400017e0 f i Shell.obj
 0001:000007e0       ??_Gbad_exception@std@@UEAAPEAXI@Z 00000001400017e0 f i libvcruntime:frame.obj
 0001:000007e0       ??_Gbad_function_call@std@@UEAAPEAXI@Z 00000001400017e0 f i libcpmt:xthrow.obj
 0001:000007e0       ??_Gexception@std@@UEAAPEAXI@Z 00000001400017e0 f i Shell.obj
 0001:000007e0       ??_Glength_error@std@@UEAAPEAXI@Z 00000001400017e0 f i libcpmt:xthrow.obj
 0001:000007e0       ??_Glogic_error@std@@UEAAPEAXI@Z 00000001400017e0 f i libcpmt:xthrow.obj
 0001:000007e0       ??_Gout_of_range@std@@UEAAPEAXI@Z 00000001400017e0 f i libcpmt:xthrow.obj
 0001:000007e0       ??_Gruntime_error@std@@UEAAPEAXI@Z 00000001400017e0 f i libcpmt:xthrow.obj
 0001:00000830       ??1bad_alloc@std@@UEAA@XZ  0000000140001830 f i Shell.obj
 0001:00000830       ??1bad_array_new_length@std@@UEAA@XZ 0000000140001830 f i Shell.obj
 0001:00000830       ??1bad_exception@std@@UEAA@XZ 0000000140001830 f i libvcruntime:frame.obj
 0001:00000830       ??1bad_function_call@std@@UEAA@XZ 0000000140001830 f i libcpmt:xthrow.obj
 0001:00000830       ??1length_error@std@@UEAA@XZ 0000000140001830 f i libcpmt:xthrow.obj
 0001:00000830       ??1out_of_range@std@@UEAA@XZ 0000000140001830 f i libcpmt:xthrow.obj
 0001:00000830       ??1system_error@std@@UEAA@XZ 0000000140001830 f i libcpmt:thread0.obj
 0001:00000844       ??0bad_array_new_length@std@@QEAA@XZ 0000000140001844 f i Shell.obj
 0001:00000870       ?_Throw_bad_array_new_length@std@@YAXXZ 0000000140001870 f i Shell.obj
 0001:00000870       ?__scrt_throw_std_bad_array_new_length@@YAXXZ 0000000140001870 f i LIBCMT:throw_bad_alloc.obj
 0001:00000890       ??0bad_array_new_length@std@@QEAA@AEBV01@@Z 0000000140001890 f i Shell.obj
 0001:000008cc       ??0bad_alloc@std@@QEAA@AEBV01@@Z 00000001400018cc f i Shell.obj
 0001:00000908       ?_Xlen_string@std@@YAXXZ   0000000140001908 f i Shell.obj
 0001:0000091c       ?Name@AdQueryTool@ith@@UEBA?AV?$basic_string@_WU?$char_traits@_W@std@@V?$allocator@_W@2@@std@@XZ 000000014000191c f i Shell.obj
 0001:0000095c       ?Category@AdQueryTool@ith@@UEBA?AV?$basic_string@_WU?$char_traits@_W@std@@V?$allocator@_W@2@@std@@XZ 000000014000195c f i Shell.obj
 0001:0000099c       ?_Throw_tree_length_error@std@@YAXXZ 000000014000199c f i Shell.obj
 0001:000009b0       ??1?$unordered_map@PEAVITool@ith@@V?$unique_ptr@VToolView@ith@@U?$default_delete@VToolView@ith@@@std@@@std@@U?$hash@PEAVITool@ith@@@4@U?$equal_to@PEAVITool@ith@@@4@V?$allocator@U?$pair@QEAVITool@ith@@V?$unique_ptr@VToolView@ith@@U?$default_delete@VToolView@ith@@@std@@@std@@@std@@@4@@std@@QEAA@XZ 00000001400019b0 f i Shell.obj
 0001:000009d0       ??1Shell@ith@@QEAA@XZ      00000001400019d0 f   Shell.obj
 0001:00000a08       ?RecreateFont@Shell@ith@@AEAAXXZ 0000000140001a08 f   Shell.obj
 0001:00000b10       ??1?$map@V?$basic_string@_WU?$char_traits@_W@std@@V?$allocator@_W@2@@std@@PEAU_TREEITEM@@U?$less@V?$basic_string@_WU?$char_traits@_W@std@@V?$allocator@_W@2@@std@@@2@V?$allocator@U?$pair@$$CBV?$basic_string@_WU?$char_traits@_W@std@@V?$allocator@_W@2@@std@@PEAU_TREEITEM@@@std@@@2@@std@@QEAA@XZ 0000000140001b10 f i Shell.obj
 0001:00000b18       ?SelectTool@Shell@ith@@AEAAXPEAVITool@2@@Z 0000000140001b18 f   Shell.obj
 0001:00000fc4       ?Layout@Shell@ith@@AEAAXXZ 0000000140001fc4 f   Shell.obj
 0001:00001098       ?WndProc@Shell@ith@@CA_JPEAUHWND__@@I_K_J@Z 0000000140002098 f   Shell.obj
 0001:00001a18       ??1?$_Tree@V?$_Tmap_traits@V?$basic_string@_WU?$char_traits@_W@std@@V?$allocator@_W@2@@std@@PEAU_TREEITEM@@U?$less@V?$basic_string@_WU?$char_traits@_W@std@@V?$allocator@_W@2@@std@@@2@V?$allocator@U?$pair@$$CBV?$basic_string@_WU?$char_traits@_W@std@@V?$allocator@_W@2@@std@@PEAU_TREEITEM@@@std@@@2@$0A@@std@@@std@@QEAA@XZ 0000000140002a18 f i Shell.obj
 0001:00001a80       ??1?$unique_ptr@VAdQueryTool@ith@@U?$default_delete@VAdQueryTool@ith@@@std@@@std@@QEAA@XZ 0000000140002a80 f i Shell.obj
 0001:00001a80       ??1?$unique_ptr@VITool@ith@@U?$default_delete@VITool@ith@@@std@@@std@@QEAA@XZ 0000000140002a80 f i Shell.obj
 0001:00001a80       ??1?$unique_ptr@VToolView@ith@@U?$default_delete@VToolView@ith@@@std@@@std@@QEAA@XZ 0000000140002a80 f i Shell.obj
 0001:00001a9c       ??1?$_Hash_vec@V?$allocator@V?$_List_unchecked_iterator@V?$_List_val@U?$_List_simple_types@U?$pair@QEAVITool@ith@@V?$unique_ptr@VToolView@ith@@U?$default_delete@VToolView@ith@@@std@@@std@@@std@@@std@@@std@@@std@@@std@@@std@@QEAA@XZ 0000000140002a9c f i Shell.obj
 0001:00001a9c       ??1?$vector@PEA_WV?$allocator@PEA_W@std@@@std@@QEAA@XZ 0000000140002a9c f i AdQuery.obj
 0001:00001a9c       ??1?$vector@PEB_WV?$allocator@PEB_W@std@@@std@@QEAA@XZ 0000000140002a9c f i AdQuery.obj
 0001:00001b08       ??1?$list@U?$pair@QEAVITool@ith@@V?$unique_ptr@VToolView@ith@@U?$default_delete@VToolView@ith@@@std@@@std@@@std@@V?$allocator@U?$pair@QEAVITool@ith@@V?$unique_ptr@VToolView@ith@@U?$default_delete@VToolView@ith@@@std@@@std@@@std@@@2@@std@@QEAA@XZ 0000000140002b08 f i Shell.obj
 0001:00001b78       ?clear@?$_Hash@V?$_Umap_traits@PEAVITool@ith@@V?$unique_ptr@VToolView@ith@@U?$default_delete@VToolView@ith@@@std@@@std@@V?$_Uhash_compare@PEAVITool@ith@@U?$hash@PEAVITool@ith@@@std@@U?$equal_to@PEAVITool@ith@@@4@@4@V?$allocator@U?$pair@QEAVITool@ith@@V?$unique_ptr@VToolView@ith@@U?$default_delete@VToolView@ith@@@std@@@std@@@std@@@4@$0A@@std@@@std@@QEAAXXZ 0000000140002b78 f i Shell.obj
 0001:00001dbc       ??1?$vector@V?$unique_ptr@VITool@ith@@U?$default_delete@VITool@ith@@@std@@@std@@V?$allocator@V?$unique_ptr@VITool@ith@@U?$default_delete@VITool@ith@@@std@@@std@@@2@@std@@QEAA@XZ 0000000140002dbc f i Shell.obj
 0001:00001dc4       ??1?$basic_string@_WU?$char_traits@_W@std@@V?$allocator@_W@2@@std@@QEAA@XZ 0000000140002dc4 f i Shell.obj
 0001:00001e30       ??0?$basic_string@_WU?$char_traits@_W@std@@V?$allocator@_W@2@@std@@QEAA@QEB_W@Z 0000000140002e30 f i Shell.obj
 0001:00001e7c       ??_EAdQueryTool@ith@@UEAAPEAXI@Z 0000000140002e7c f i * CIL library *:* CIL module *
 0001:00001e7c       ??_GAdQueryTool@ith@@UEAAPEAXI@Z 0000000140002e7c f i Shell.obj
 0001:00001ea0       ??$_Construct@$00PEB_W@?$basic_string@_WU?$char_traits@_W@std@@V?$allocator@_W@2@@std@@AEAAXQEB_W_K@Z 0000000140002ea0 f i Shell.obj
 0001:00001f90       ??1?$_List_node_emplace_op2@V?$allocator@U?$_List_node@U?$pair@QEAVITool@ith@@V?$unique_ptr@VToolView@ith@@U?$default_delete@VToolView@ith@@@std@@@std@@@std@@PEAX@std@@@std@@@std@@QEAA@XZ 0000000140002f90 f i Shell.obj
 0001:00001fd0       ?_Tidy@?$vector@V?$unique_ptr@VITool@ith@@U?$default_delete@VITool@ith@@@std@@@std@@V?$allocator@V?$unique_ptr@VITool@ith@@U?$default_delete@VITool@ith@@@std@@@std@@@2@@std@@AEAAXXZ 0000000140002fd0 f i Shell.obj
 0001:00002080       ??$_Find_lower_bound@V?$basic_string@_WU?$char_traits@_W@std@@V?$allocator@_W@2@@std@@@?$_Tree@V?$_Tmap_traits@V?$basic_string@_WU?$char_traits@_W@std@@V?$allocator@_W@2@@std@@PEAU_TREEITEM@@U?$less@V?$basic_string@_WU?$char_traits@_W@std@@V?$allocator@_W@2@@std@@@2@V?$allocator@U?$pair@$$CBV?$basic_string@_WU?$char_traits@_W@std@@V?$allocator@_W@2@@std@@PEAU_TREEITEM@@@std@@@2@$0A@@std@@@std@@IEBA?AU?$_Tree_find_result@PEAU?$_Tree_node@U?$pair@$$CBV?$basic_string@_WU?$char_traits@_W@std@@V?$allocator@_W@2@@std@@PEAU_TREEITEM@@@std@@PEAX@std@@@1@AEBV?$basic_string@_WU?$char_traits@_W@std@@V?$allocator@_W@2@@1@@Z 0000000140003080 f i Shell.obj
 0001:0000215c       ??$_Erase_tree@V?$allocator@U?$_Tree_node@U?$pair@$$CBV?$basic_string@_WU?$char_traits@_W@std@@V?$allocator@_W@2@@std@@PEAU_TREEITEM@@@std@@PEAX@std@@@std@@@?$_Tree_val@U?$_Tree_simple_types@U?$pair@$$CBV?$basic_string@_WU?$char_traits@_W@std@@V?$allocator@_W@2@@std@@PEAU_TREEITEM@@@std@@@std@@@std@@QEAAXAEAV?$allocator@U?$_Tree_node@U?$pair@$$CBV?$basic_string@_WU?$char_traits@_W@std@@V?$allocator@_W@2@@std@@PEAU_TREEITEM@@@std@@PEAX@std@@@1@PEAU?$_Tree_node@U?$pair@$$CBV?$basic_string@_WU?$char_traits@_W@std@@V?$allocator@_W@2@@std@@PEAU_TREEITEM@@@std@@PEAX@1@@Z 000000014000315c f i Shell.obj
 0001:000021b0       ??1?$_Alloc_construct_ptr@V?$allocator@U?$_List_node@U?$pair@QEAVITool@ith@@V?$unique_ptr@VToolView@ith@@U?$default_delete@VToolView@ith@@@std@@@std@@@std@@PEAX@std@@@std@@@std@@QEAA@XZ 00000001400031b0 f i Shell.obj
 0001:000021cc       ?_Assign_grow@?$_Hash_vec@V?$allocator@V?$_List_unchecked_iterator@V?$_List_val@U?$_List_simple_types@U?$pair@QEAVITool@ith@@V?$unique_ptr@VToolView@ith@@U?$default_delete@VToolView@ith@@@std@@@std@@@std@@@std@@@std@@@std@@@std@@@std@@QEAAX_KV?$_List_unchecked_iterator@V?$_List_val@U?$_List_simple_types@U?$pair@QEAVITool@ith@@V?$unique_ptr@VToolView@ith@@U?$default_delete@VToolView@ith@@@std@@@std@@@std@@@std@@@std@@@2@@Z 00000001400031cc f i Shell.obj
 0001:000022f8       ??1?$_Alloc_construct_ptr@V?$allocator@U?$_Tree_node@U?$pair@$$CBV?$basic_string@_WU?$char_traits@_W@std@@V?$allocator@_W@2@@std@@PEAU_TREEITEM@@@std@@PEAX@std@@@std@@@std@@QEAA@XZ 00000001400032f8 f i Shell.obj
 0001:000022f8       ??1?$_Tree_temp_node_alloc@V?$allocator@U?$_Tree_node@U?$pair@$$CBV?$basic_string@_WU?$char_traits@_W@std@@V?$allocator@_W@2@@std@@PEAU_TREEITEM@@@std@@PEAX@std@@@std@@@std@@QEAA@XZ 00000001400032f8 f i Shell.obj
 0001:00002314       ??1_Reallocation_guard2@?$vector@V?$unique_ptr@VITool@ith@@U?$default_delete@VITool@ith@@@std@@@std@@V?$allocator@V?$unique_ptr@VITool@ith@@U?$default_delete@VITool@ith@@@std@@@std@@@2@@std@@QEAA@XZ 0000000140003314 f i Shell.obj
 0001:000023a4       ?_Xlength@?$vector@EV?$allocator@E@std@@@std@@CAXXZ 00000001400033a4 f i AdQuery.obj
 0001:000023a4       ?_Xlength@?$vector@PEA_WV?$allocator@PEA_W@std@@@std@@CAXXZ 00000001400033a4 f i AdQuery.obj
 0001:000023a4       ?_Xlength@?$vector@PEB_WV?$allocator@PEB_W@std@@@std@@CAXXZ 00000001400033a4 f i AdQuery.obj
 0001:000023a4       ?_Xlength@?$vector@UInfoPair@ith@@V?$allocator@UInfoPair@ith@@@std@@@std@@CAXXZ 00000001400033a4 f i AdQuery.obj
 0001:000023a4       ?_Xlength@?$vector@UNamedEntry@ith@@V?$allocator@UNamedEntry@ith@@@std@@@std@@CAXXZ 00000001400033a4 f i AdQuery.obj
 0001:000023a4       ?_Xlength@?$vector@V?$basic_string@_WU?$char_traits@_W@std@@V?$allocator@_W@2@@std@@V?$allocator@V?$basic_string@_WU?$char_traits@_W@std@@V?$allocator@_W@2@@std@@@2@@std@@CAXXZ 00000001400033a4 f i AdQuery.obj
 0001:000023a4       ?_Xlength@?$vector@V?$unique_ptr@VITool@ith@@U?$default_delete@VITool@ith@@@std@@@std@@V?$allocator@V?$unique_ptr@VITool@ith@@U?$default_delete@VITool@ith@@@std@@@std@@@2@@std@@CAXXZ 00000001400033a4 f i Shell.obj
 0001:000023b8       ??$_Allocate_manually_vector_aligned@U_Default_allocate_traits@std@@@std@@YAPEAX_K@Z 00000001400033b8 f i Shell.obj
 0001:000023f4       ??0?$basic_string@_WU?$char_traits@_W@std@@V?$allocator@_W@2@@std@@QEAA@AEBV01@@Z 00000001400033f4 f i Shell.obj
 0001:000024e8       ??1BstrPtr@ith@@QEAA@XZ    00000001400034e8 f i AdQuery.obj
 0001:0000250c       ??1VariantPtr@ith@@QEAA@XZ 000000014000350c f i AdQuery.obj
 0001:00002514       ?LdapEscape@ith@@YA?AV?$basic_string@_WU?$char_traits@_W@std@@V?$allocator@_W@2@@std@@AEBV23@@Z 0000000140003514 f i AdQuery.obj
 0001:000027d4       ?BytesToLdapFilter@ith@@YA?AV?$basic_string@_WU?$char_traits@_W@std@@V?$allocator@_W@2@@std@@AEBV?$vector@EV?$allocator@E@std@@@3@@Z 00000001400037d4 f i AdQuery.obj
 0001:00002c64       ??1?$optional@V?$vector@EV?$allocator@E@std@@@std@@@std@@QEAA@XZ 0000000140003c64 f i AdQuery.obj
 0001:00002c78       ?FileTime64ToString@ith@@YA?AV?$basic_string@_WU?$char_traits@_W@std@@V?$allocator@_W@2@@std@@_J@Z 0000000140003c78 f i AdQuery.obj
 0001:00003194       ??1?$optional@V?$basic_string@_WU?$char_traits@_W@std@@V?$allocator@_W@2@@std@@@std@@QEAA@XZ 0000000140004194 f i AdQuery.obj
 0001:00003850       ??1NamedEntry@ith@@QEAA@XZ 0000000140004850 f i AdQuery.obj
 0001:00003858       ??1?$_Func_class@XPEAX@std@@QEAA@XZ 0000000140004858 f i AdQuery.obj
 0001:00003858       ??1?$function@$$A6AXPEAX@Z@std@@QEAA@XZ 0000000140004858 f i AdQuery.obj
 0001:00003914       ?RunAdQuery@ith@@YA?AV?$unique_ptr@UAdResult@ith@@U?$default_delete@UAdResult@ith@@@std@@@std@@AEBUAdQueryRequest@1@@Z 0000000140004914 f   AdQuery.obj
 0001:0000605c       ??1InfoPair@ith@@QEAA@XZ   000000014000705c f i AdQuery.obj
 0001:0000607c       ??$?H_WU?$char_traits@_W@std@@V?$allocator@_W@1@@std@@YA?AV?$basic_string@_WU?$char_traits@_W@std@@V?$allocator@_W@2@@0@$$QEAV10@QEB_W@Z 000000014000707c f i AdQuery.obj
 0001:000060f8       ??$emplace_back@AEBQEA_W@?$vector@V?$basic_string@_WU?$char_traits@_W@std@@V?$allocator@_W@2@@std@@V?$allocator@V?$basic_string@_WU?$char_traits@_W@std@@V?$allocator@_W@2@@std@@@2@@std@@QEAAAEAV?$basic_string@_WU?$char_traits@_W@std@@V?$allocator@_W@2@@1@AEBQEA_W@Z 00000001400070f8 f i AdQuery.obj
 0001:000063e8       ??$?H_WU?$char_traits@_W@std@@V?$allocator@_W@1@@std@@YA?AV?$basic_string@_WU?$char_traits@_W@std@@V?$allocator@_W@2@@0@QEB_WAEBV10@@Z 00000001400073e8 f i AdQuery.obj
 0001:0000645c       ??$?H_WU?$char_traits@_W@std@@V?$allocator@_W@1@@std@@YA?AV?$basic_string@_WU?$char_traits@_W@std@@V?$allocator@_W@2@@0@QEB_W$$QEAV10@@Z 000000014000745c f i AdQuery.obj
 0001:000066b8       ??$?H_WU?$char_traits@_W@std@@V?$allocator@_W@1@@std@@YA?AV?$basic_string@_WU?$char_traits@_W@std@@V?$allocator@_W@2@@0@$$QEAV10@AEBV10@@Z 00000001400076b8 f i AdQuery.obj
 0001:000067b4       ??$?0AEAV?$basic_string@_WU?$char_traits@_W@std@@V?$allocator@_W@2@@std@@$0A@@?$optional@V?$basic_string@_WU?$char_traits@_W@std@@V?$allocator@_W@2@@std@@@std@@QEAA@AEAV?$basic_string@_WU?$char_traits@_W@std@@V?$allocator@_W@2@@1@@Z 00000001400077b4 f i AdQuery.obj
 0001:000067d0       ??0?$vector@PEB_WV?$allocator@PEB_W@std@@@std@@QEAA@V?$initializer_list@PEB_W@1@AEBV?$allocator@PEB_W@1@@Z 00000001400077d0 f i AdQuery.obj
 0001:000068a0       ??1?$ComPtr@UIADs@@@WRL@Microsoft@@QEAA@XZ 00000001400078a0 f i AdQuery.obj
 0001:000068a0       ??1?$ComPtr@UIDirectorySearch@@@WRL@Microsoft@@QEAA@XZ 00000001400078a0 f i AdQuery.obj
 0001:000068c4       ??1?$vector@V?$basic_string@_WU?$char_traits@_W@std@@V?$allocator@_W@2@@std@@V?$allocator@V?$basic_string@_WU?$char_traits@_W@std@@V?$allocator@_W@2@@std@@@2@@std@@QEAA@XZ 00000001400078c4 f i AdQuery.obj
 0001:000068cc       ??1?$vector@EV?$allocator@E@std@@@std@@QEAA@XZ 00000001400078cc f i AdQuery.obj
 0001:00006930       ??1?$unique_ptr@UAdResult@ith@@U?$default_delete@UAdResult@ith@@@std@@@std@@QEAA@XZ 0000000140007930 f i AdQuery.obj
 0001:00006984       ?push_back@?$vector@UNamedEntry@ith@@V?$allocator@UNamedEntry@ith@@@std@@@std@@QEAAX$$QEAUNamedEntry@ith@@@Z 0000000140007984 f i AdQuery.obj
 0001:00006cc4       ??1?$vector@UNamedEntry@ith@@V?$allocator@UNamedEntry@ith@@@std@@@std@@QEAA@XZ 0000000140007cc4 f i AdQuery.obj
 0001:00006ccc       ?push_back@?$vector@UInfoPair@ith@@V?$allocator@UInfoPair@ith@@@std@@@std@@QEAAX$$QEAUInfoPair@ith@@@Z 0000000140007ccc f i AdQuery.obj
 0001:00006f54       ?reserve@?$basic_string@_WU?$char_traits@_W@std@@V?$allocator@_W@2@@std@@QEAAX_K@Z 0000000140007f54 f i AdQuery.obj
 0001:00007094       ??4?$basic_string@_WU?$char_traits@_W@std@@V?$allocator@_W@2@@std@@QEAAAEAV01@$$QEAV01@@Z 0000000140008094 f i AdQuery.obj
 0001:000079cc       ??$_Assign@_W@?$basic_string@_WU?$char_traits@_W@std@@V?$allocator@_W@2@@std@@AEAAAEAV01@QEB_W_K@Z 00000001400089cc f i AdQuery.obj
 0001:00007b2c       ?_Tidy@?$vector@V?$basic_string@_WU?$char_traits@_W@std@@V?$allocator@_W@2@@std@@V?$allocator@V?$basic_string@_WU?$char_traits@_W@std@@V?$allocator@_W@2@@std@@@2@@std@@AEAAXXZ 0000000140008b2c f i AdQuery.obj
 0001:00007bc4       ?_Tidy@?$vector@UNamedEntry@ith@@V?$allocator@UNamedEntry@ith@@@std@@@std@@AEAAXXZ 0000000140008bc4 f i AdQuery.obj
 0001:00007c80       ??1?$vector@UInfoPair@ith@@V?$allocator@UInfoPair@ith@@@std@@@std@@QEAA@XZ 0000000140008c80 f i AdQuery.obj
 0001:00007d20       ??0?$basic_string@_WU?$char_traits@_W@std@@V?$allocator@_W@2@@std@@QEAA@U_String_constructor_concat_tag@1@AEBV01@QEB_W_K23@Z 0000000140008d20 f i AdQuery.obj
 0001:00007e28       ??$_Append@_W@?$basic_string@_WU?$char_traits@_W@std@@V?$allocator@_W@2@@std@@AEAAAEAV01@QEB_W_K@Z 0000000140008e28 f i AdQuery.obj
 0001:000087d0       __scrt_exe_initialize_mta  00000001400097d0 f   LIBCMT:utility_desktop.obj
 0001:000087d0       __scrt_initialize_winrt    00000001400097d0 f   LIBCMT:utility_desktop.obj
 0001:000087d0       __scrt_stub_for_initialize_mta 00000001400097d0 f   LIBCMT:utility_desktop.obj
 0001:000087d0       _get_startup_commit_mode   00000001400097d0 f   LIBCMT:commit_mode.obj
 0001:000087d0       _get_startup_new_mode      00000001400097d0 f   LIBCMT:new_mode.obj
 0001:000087d0       _get_startup_thread_locale_mode 00000001400097d0 f   LIBCMT:thread_locale.obj
 0001:000087d0       _matherr                   00000001400097d0 f   LIBCMT:matherr.obj
 0001:00008b20       ??1?$_Tidy_guard@V?$vector@PEB_WV?$allocator@PEB_W@std@@@std@@@std@@QEAA@XZ 0000000140009b20 f i AdQuery.obj
 0001:00008b98       ??1?$_Tidy_guard@V?$vector@EV?$allocator@E@std@@@std@@@std@@QEAA@XZ 0000000140009b98 f i AdQuery.obj
 0001:00008d98       ??$construct@UInfoPair@ith@@U12@@?$_Default_allocator_traits@V?$allocator@UInfoPair@ith@@@std@@@std@@SAXAEAV?$allocator@UInfoPair@ith@@@1@QEAUInfoPair@ith@@$$QEAU34@@Z 0000000140009d98 f i AdQuery.obj
 0001:00008e28       ??1_Reallocation_guard2@?$vector@V?$basic_string@_WU?$char_traits@_W@std@@V?$allocator@_W@2@@std@@V?$allocator@V?$basic_string@_WU?$char_traits@_W@std@@V?$allocator@_W@2@@std@@@2@@std@@QEAA@XZ 0000000140009e28 f i AdQuery.obj
 0001:00008ea8       ??1_Reallocation_guard2@?$vector@UNamedEntry@ith@@V?$allocator@UNamedEntry@ith@@@std@@@std@@QEAA@XZ 0000000140009ea8 f i AdQuery.obj
 0001:00008f34       ??1_Reallocation_guard2@?$vector@UInfoPair@ith@@V?$allocator@UInfoPair@ith@@@std@@@std@@QEAA@XZ 0000000140009f34 f i AdQuery.obj
 0001:000090a0       ??$swap@UNamedEntry@ith@@$0A@@std@@YAXAEAUNamedEntry@ith@@0@Z 000000014000a0a0 f i AdQuery.obj
 0001:00009244       ??1?$_Uninitialized_backout_al@V?$allocator@UInfoPair@ith@@@std@@@std@@QEAA@XZ 000000014000a244 f i AdQuery.obj
 0001:0000927c       ??1?$_Uninitialized_backout_al@V?$allocator@UNamedEntry@ith@@@std@@@std@@QEAA@XZ 000000014000a27c f i AdQuery.obj
 0001:000092ac       ?_Xran@?$_String_val@U?$_Simple_types@_W@std@@@std@@SAXXZ 000000014000a2ac f i AdQuery.obj
 0001:000092c0       ??1ComApartment@ith@@QEAA@XZ 000000014000a2c0 f i AdQueryTool.obj
 0001:000092d8       ?Handle@AdQueryView@ith@@UEBAPEAUHWND__@@XZ 000000014000a2d8 f i AdQueryTool.obj
 0001:000092e0       ??1thread@std@@QEAA@XZ     000000014000a2e0 f i AdQueryTool.obj
 0001:00009484       ??1AdQueryRequest@ith@@QEAA@XZ 000000014000a484 f i AdQueryTool.obj
 0001:0000a784       ??_EAdQueryView@ith@@UEAAPEAXI@Z 000000014000b784 f i * CIL library *:* CIL module *
 0001:0000a784       ??_GAdQueryView@ith@@UEAAPEAXI@Z 000000014000b784 f i AdQueryTool.obj
 0001:0000a7b8       ??1AdQueryView@ith@@UEAA@XZ 000000014000b7b8 f   AdQueryTool.obj
 0001:0000a924       ?LayoutResults@AdQueryView@ith@@AEAAXXZ 000000014000b924 f   AdQueryTool.obj
 0001:0000b000       ?BeginSearch@AdQueryView@ith@@AEAAXXZ 000000014000c000 f   AdQueryTool.obj
 0001:0000b7c8       ?FillNamedList@AdQueryView@ith@@AEAAXPEAUHWND__@@AEBV?$vector@UNamedEntry@ith@@V?$allocator@UNamedEntry@ith@@@std@@@std@@@Z 000000014000c7c8 f   AdQueryTool.obj
 0001:0000b860       ?CopyTextToClipboard@AdQueryView@ith@@AEAAXAEBV?$basic_string@_WU?$char_traits@_W@std@@V?$allocator@_W@2@@std@@@Z 000000014000c860 f   AdQueryTool.obj
 0001:0000b9bc       ?CopySelected@AdQueryView@ith@@AEAAXPEAUHWND__@@H@Z 000000014000c9bc f   AdQueryTool.obj
 0001:0000bbb0       ?SetBounds@AdQueryView@ith@@UEAAXAEBUtagRECT@@@Z 000000014000cbb0 f   AdQueryTool.obj
 0001:0000bbe4       ?Show@AdQueryView@ith@@UEAAX_N@Z 000000014000cbe4 f   AdQueryTool.obj
 0001:0000bbf8       ?CreateView@AdQueryTool@ith@@UEAA?AV?$unique_ptr@VToolView@ith@@U?$default_delete@VToolView@ith@@@std@@@std@@PEAUHWND__@@PEAUHFONT__@@@Z 000000014000cbf8 f   AdQueryTool.obj
 0001:0000c2b4       ??$?H_WU?$char_traits@_W@std@@V?$allocator@_W@1@@std@@YA?AV?$basic_string@_WU?$char_traits@_W@std@@V?$allocator@_W@2@@0@$$QEAV10@0@Z 000000014000d2b4 f i AdQueryTool.obj
 0001:0000c504       ??4?$vector@UNamedEntry@ith@@V?$allocator@UNamedEntry@ith@@@std@@@std@@QEAAAEAV01@AEBV01@@Z 000000014000d504 f i AdQueryTool.obj
 0001:0000c7e4       ??$_Invoke@V?$tuple@P6AXPEAUHWND__@@IUAdQueryRequest@ith@@@ZPEAU1@IU23@@std@@$0A@$00$01$02@thread@std@@CAIPEAX@Z 000000014000d7e4 f i AdQueryTool.obj
 0001:0000c954       ??1?$unique_ptr@V?$tuple@P6AXPEAUHWND__@@IUAdQueryRequest@ith@@@ZPEAU1@IU23@@std@@U?$default_delete@V?$tuple@P6AXPEAUHWND__@@IUAdQueryRequest@ith@@@ZPEAU1@IU23@@std@@@2@@std@@QEAA@XZ 000000014000d954 f i AdQueryTool.obj
 0001:0000c988       ?find@?$_WChar_traits@_W@std@@SAPEB_WPEB_W_KAEB_W@Z 000000014000d988 f i AdQueryTool.obj
 0001:0000cac0       ??0bad_alloc@std@@QEAA@XZ  000000014000dac0 f i libcpmt:xthrow.obj
 0001:0000caf0       ??0bad_function_call@std@@QEAA@AEBV01@@Z 000000014000daf0 f i libcpmt:xthrow.obj
 0001:0000cb30       ??0bad_function_call@std@@QEAA@XZ 000000014000db30 f i libcpmt:xthrow.obj
 0001:0000cb50       ??0length_error@std@@QEAA@AEBV01@@Z 000000014000db50 f i libcpmt:xthrow.obj
 0001:0000cb90       ??0length_error@std@@QEAA@PEBD@Z 000000014000db90 f i libcpmt:xthrow.obj
 0001:0000cbe0       ??0logic_error@std@@QEAA@AEBV01@@Z 000000014000dbe0 f i libcpmt:xthrow.obj
 0001:0000cc20       ??0out_of_range@std@@QEAA@AEBV01@@Z 000000014000dc20 f i libcpmt:xthrow.obj
 0001:0000cc60       ??0out_of_range@std@@QEAA@PEBD@Z 000000014000dc60 f i libcpmt:xthrow.obj
 0001:0000ccb0       ??0runtime_error@std@@QEAA@AEBV01@@Z 000000014000dcb0 f i libcpmt:xthrow.obj
 0001:0000ccf0       ?_Xbad_function_call@std@@YAXXZ 000000014000dcf0 f   libcpmt:xthrow.obj
 0001:0000cd10       ?_Xlength_error@std@@YAXPEBD@Z 000000014000dd10 f   libcpmt:xthrow.obj
 0001:0000cd40       ?_Xout_of_range@std@@YAXPEBD@Z 000000014000dd40 f   libcpmt:xthrow.obj
 0001:0000cd70       ?what@bad_function_call@std@@UEBAPEBDXZ 000000014000dd70 f i libcpmt:xthrow.obj
 0001:0000dc50       __std_find_first_not_of_trivial_pos_2 000000014000ec50 f   libcpmt:vector_algorithms.obj
 0001:0000dd60       __std_find_last_not_of_trivial_pos_2 000000014000ed60 f   libcpmt:vector_algorithms.obj
 0001:0000dd70       __std_mismatch_2           000000014000ed70 f   libcpmt:vector_algorithms.obj
 0001:0000dd80       ??$_Append@D@?$basic_string@DU?$char_traits@D@std@@V?$allocator@D@2@@std@@AEAAAEAV01@QEBD_K@Z 000000014000ed80 f i libcpmt:thread0.obj
 0001:0000de70       ??$_Construct@$00PEBD@?$basic_string@DU?$char_traits@D@std@@V?$allocator@D@2@@std@@AEAAXQEBD_K@Z 000000014000ee70 f i libcpmt:thread0.obj
 0001:0000dfc0       ??$_Reallocate_grow_by@V<lambda_1>@?1???$_Append@D@?$basic_string@DU?$char_traits@D@std@@V?$allocator@D@2@@std@@AEAAAEAV23@QEBD_K@Z@PEBD_K@?$basic_string@DU?$char_traits@D@std@@V?$allocator@D@2@@std@@AEAAAEAV01@_KV<lambda_1>@?1???$_Append@D@01@AEAAAEAV01@QEBD0@Z@PEBD_K@Z 000000014000efc0 f i libcpmt:thread0.obj
 0001:0000e1f0       ??0?$basic_string@DU?$char_traits@D@std@@V?$allocator@D@2@@std@@QEAA@AEBV01@@Z 000000014000f1f0 f i libcpmt:thread0.obj
 0001:0000e350       ??0_System_error@std@@IEAA@Verror_code@1@AEBV?$basic_string@DU?$char_traits@D@std@@V?$allocator@D@2@@1@@Z 000000014000f350 f i libcpmt:thread0.obj
 0001:0000e550       ??0_System_error@std@@QEAA@AEBV01@@Z 000000014000f550 f i libcpmt:thread0.obj
 0001:0000e5a0       ??0system_error@std@@QEAA@AEBV01@@Z 000000014000f5a0 f i libcpmt:thread0.obj
 0001:0000e600       ??0system_error@std@@QEAA@HAEBVerror_category@1@PEBD@Z 000000014000f600 f i libcpmt:thread0.obj
 0001:0000e740       ??1?$basic_string@DU?$char_traits@D@std@@V?$allocator@D@2@@std@@QEAA@XZ 000000014000f740 f i libcpmt:thread0.obj
 0001:0000e7f0       ??_E_Generic_error_category@std@@UEAAPEAXI@Z 000000014000f7f0 f i libcpmt:thread0.obj
 0001:0000e7f0       ??_G_Generic_error_category@std@@UEAAPEAXI@Z 000000014000f7f0 f i libcpmt:thread0.obj
 0001:0000e820       ??_E_System_error@std@@UEAAPEAXI@Z 000000014000f820 f i libcpmt:thread0.obj
 0001:0000e820       ??_Esystem_error@std@@UEAAPEAXI@Z 000000014000f820 f i libcpmt:thread0.obj
 0001:0000e820       ??_G_System_error@std@@UEAAPEAXI@Z 000000014000f820 f i libcpmt:thread0.obj
 0001:0000e820       ??_Gsystem_error@std@@UEAAPEAXI@Z 000000014000f820 f i libcpmt:thread0.obj
 0001:0000e870       ?_Throw_Cpp_error@std@@YAXH@Z 000000014000f870 f   libcpmt:thread0.obj
 0001:0000e8c0       ?default_error_condition@error_category@std@@UEBA?AVerror_condition@2@H@Z 000000014000f8c0 f i libcpmt:thread0.obj
 0001:0000e8d0       ?equivalent@error_category@std@@UEBA_NAEBVerror_code@2@H@Z 000000014000f8d0 f i libcpmt:thread0.obj
 0001:0000e8f0       ?equivalent@error_category@std@@UEBA_NHAEBVerror_condition@2@@Z 000000014000f8f0 f i libcpmt:thread0.obj
 0001:0000e940       ?generic_category@std@@YAAEBVerror_category@1@XZ 000000014000f940 f i libcpmt:thread0.obj
 0001:0000e950       ?message@_Generic_error_category@std@@UEBA?AV?$basic_string@DU?$char_traits@D@std@@V?$allocator@D@2@@2@H@Z 000000014000f950 f i libcpmt:thread0.obj
 0001:0000e9a0       ?name@_Generic_error_category@std@@UEBAPEBDXZ 000000014000f9a0 f i libcpmt:thread0.obj
 0001:0000e9b0       _Cnd_do_broadcast_at_thread_exit 000000014000f9b0 f   libcpmt:xnotify.obj
 0001:0000eaa0       _Thrd_detach               000000014000faa0 f   libcpmt:cthread.obj
 0001:0000eac0       _Thrd_id                   000000014000fac0 f   libcpmt:cthread.obj
 0001:0000ead0       ?_Syserror_map@std@@YAPEBDH@Z 000000014000fad0 f   libcpmt:syserror.obj
 0001:0000eb00       _Mtx_lock                  000000014000fb00 f   libcpmt:mutex.obj
 0001:0000eb90       _Mtx_unlock                000000014000fb90 f   libcpmt:mutex.obj
 0001:0000ebc0       _Cnd_broadcast             000000014000fbc0 f   libcpmt:cond.obj
 0001:0000ebf0       __security_check_cookie    000000014000fbf0 f   LIBCMT:amdsecgs.obj
 0001:0000ec10       ??2@YAPEAX_K@Z             000000014000fc10 f   LIBCMT:new_scalar.obj
 0001:0000ec60       ??3@YAXPEAX@Z              000000014000fc60 f   LIBCMT:delete_scalar.obj
 0001:0000ec70       ??3@YAXPEAX_K@Z            000000014000fc70 f   LIBCMT:delete_scalar_size.obj
 0001:0000ec80       ??_Etype_info@@UEAAPEAXI@Z 000000014000fc80 f i LIBCMT:std_type_info_static.obj
 0001:0000ec80       ??_Gtype_info@@UEAAPEAXI@Z 000000014000fc80 f i LIBCMT:std_type_info_static.obj
 0001:0000ecb0       __report_gsfailure         000000014000fcb0 f   LIBCMT:gs_report.obj
 0001:0000ef30       wWinMainCRTStartup         000000014000ff30 f   LIBCMT:exe_wwinmain.obj
 0001:0000ef50       __GSHandlerCheck           000000014000ff50 f   LIBCMT:gshandler.obj
 0001:0000ef70       __GSHandlerCheckCommon     000000014000ff70 f   LIBCMT:gshandler.obj
 0001:0000f140       __isa_available_init       0000000140010140 f   LIBCMT:cpu_disp.obj
 0001:0000f3f0       __GSHandlerCheck_EH4       00000001400103f0 f   LIBCMT:gshandlereh4.obj
 0001:0000f460       __sanitizer_annotate_contiguous_container 0000000140010460 f i libcpmt:asan_noop.obj
 0001:0000f460       __sanitizer_annotate_contiguous_container_default 0000000140010460 f i libcpmt:asan_noop.obj
 0001:0000f460       _guard_check_icall_nop     0000000140010460 f i LIBCMT:guard_support.obj
 0001:0000f460       _initialize_denormal_control 0000000140010460 f i LIBCMT:denormal_control.obj
 0001:0000f460       _initialize_invalid_parameter_handler 0000000140010460 f i LIBCMT:invalid_parameter_handler.obj
 0001:0000f470       ?__scrt_throw_std_bad_alloc@@YAXXZ 0000000140010470 f   LIBCMT:throw_bad_alloc.obj
 0001:0000f490       __scrt_acquire_startup_lock 0000000140010490 f   LIBCMT:utility.obj
 0001:0000f4e0       __scrt_initialize_crt      00000001400104e0 f   LIBCMT:utility.obj
 0001:0000f520       __scrt_initialize_onexit_tables 0000000140010520 f   LIBCMT:utility.obj
 0001:0000f5c0       __scrt_is_nonwritable_in_current_image 00000001400105c0 f   LIBCMT:utility.obj
 0001:0000f660       __scrt_release_startup_lock 0000000140010660 f   LIBCMT:utility.obj
 0001:0000f690       __scrt_uninitialize_crt    0000000140010690 f   LIBCMT:utility.obj
 0001:0000f6c0       atexit                     00000001400106c0 f   LIBCMT:utility.obj
 0001:0000f700       __security_init_cookie     0000000140010700 f   LIBCMT:gs_support.obj
 0001:0000f7c0       _get_startup_argv_mode     00000001400107c0 f   LIBCMT:argv_mode.obj
 0001:0000f7d0       _get_startup_file_mode     00000001400107d0 f   LIBCMT:file_mode.obj
 0001:0000f7e0       ?__scrt_initialize_type_info@@YAXXZ 00000001400107e0 f   LIBCMT:tncleanup.obj
 0001:0000f7f0       __acrt_uninitialize_command_line 00000001400107f0 f   libucrt:argv_data.obj
 0001:0000f7f0       _should_initialize_environment 00000001400107f0 f   LIBCMT:env_mode.obj
 0001:0000f800       __local_stdio_scanf_options 0000000140010800 f i LIBCMT:default_local_stdio_options.obj
 0001:0000f810       __scrt_initialize_default_local_stdio_options 0000000140010810 f   LIBCMT:default_local_stdio_options.obj
 0001:0000f830       __scrt_is_user_matherr_present 0000000140010830 f   LIBCMT:matherr_detection.obj
 0001:0000f840       __scrt_get_dyn_tls_init_callback 0000000140010840 f   LIBCMT:dyn_tls_init.obj
 0001:0000f850       __scrt_get_dyn_tls_dtor_callback 0000000140010850 f   LIBCMT:dyn_tls_dtor.obj
 0001:0000f860       __crt_debugger_hook        0000000140010860 f   LIBCMT:utility_desktop.obj
 0001:0000f870       __scrt_fastfail            0000000140010870 f   LIBCMT:utility_desktop.obj
 0001:0000f880       __scrt_get_show_window_mode 0000000140010880 f   LIBCMT:utility_desktop.obj
 0001:0000f8e0       __scrt_initialize_mta      00000001400108e0 f   LIBCMT:utility_desktop.obj
 0001:0000f8f0       __scrt_is_managed_app      00000001400108f0 f   LIBCMT:utility_desktop.obj
 0001:0000f950       __scrt_set_unhandled_exception_filter 0000000140010950 f   LIBCMT:utility_desktop.obj
 0001:0000f960       __scrt_unhandled_exception_filter 0000000140010960 f   LIBCMT:utility_desktop.obj
 0001:0000f9c0       _RTC_Initialize            00000001400109c0 f   LIBCMT:initsect.obj
 0001:0000fa10       _RTC_Terminate             0000000140010a10 f   LIBCMT:initsect.obj
 0001:0000fa60       __scrt_is_ucrt_dll_in_use  0000000140010a60 f   LIBCMT:ucrt_detection.obj
 0001:0000fa70       ??$_CallSETranslator@V__FrameHandler3@@@@YAHPEAUEHExceptionRecord@@PEA_KPEAU_CONTEXT@@PEAU_xDISPATCHER_CONTEXT@@PEBU_s_FuncInfo@@K1H@Z 0000000140010a70 f i libvcruntime:risctrnsctrl.obj
 0001:0000fac0       ??$_CallSETranslator@V__FrameHandler4@@@@YAHPEAUEHExceptionRecord@@PEA_KPEAU_CONTEXT@@PEAU_xDISPATCHER_CONTEXT@@PEAUFuncInfo4@FH4@@K1H@Z 0000000140010ac0 f i libvcruntime:risctrnsctrl.obj
 0001:0000fb10       ?DecompFuncInfo@FH4@@YA_JPEAEAEAUFuncInfo4@1@_KH_N@Z 0000000140010b10 f i libvcruntime:risctrnsctrl.obj
 0001:0000fc20       ?ExecutionInCatch@__FrameHandler3@@SA_NPEAU_xDISPATCHER_CONTEXT@@PEBU_s_FuncInfo@@@Z 0000000140010c20 f   libvcruntime:risctrnsctrl.obj
 0001:0000fc90       ?ExecutionInCatch@__FrameHandler4@@SA_NPEAU_xDISPATCHER_CONTEXT@@PEAUFuncInfo4@FH4@@@Z 0000000140010c90 f   libvcruntime:risctrnsctrl.obj
 0001:0000fca0       ?FrameUnwindToEmptyState@__FrameHandler3@@SAXPEA_KPEAU_xDISPATCHER_CONTEXT@@PEBU_s_FuncInfo@@@Z 0000000140010ca0 f   libvcruntime:risctrnsctrl.obj
 0001:0000fdd0       ?FrameUnwindToEmptyState@__FrameHandler4@@SAXPEA_KPEAU_xDISPATCHER_CONTEXT@@PEAUFuncInfo4@FH4@@@Z 0000000140010dd0 f   libvcruntime:risctrnsctrl.obj
 0001:0000fe10       ?GetEstablisherFrame@__FrameHandler3@@SAPEA_KPEA_KPEAU_xDISPATCHER_CONTEXT@@PEBU_s_FuncInfo@@0@Z 0000000140010e10 f   libvcruntime:risctrnsctrl.obj
 0001:0000ff10       ?GetEstablisherFrame@__FrameHandler4@@SAPEA_KPEA_KPEAU_xDISPATCHER_CONTEXT@@PEAUFuncInfo4@FH4@@0@Z 0000000140010f10 f   libvcruntime:risctrnsctrl.obj
 0001:0000ff40       ?GetRangeOfTrysToCheck@__FrameHandler3@@SA?AU?$pair@Viterator@TryBlockMap@__FrameHandler3@@V123@@std@@AEAVTryBlockMap@1@HPEAU_xDISPATCHER_CONTEXT@@PEBU_s_FuncInfo@@H@Z 0000000140010f40 f   libvcruntime:risctrnsctrl.obj
 0001:00010070       ?GetRangeOfTrysToCheck@__FrameHandler4@@SA?AU?$pair@Viterator@TryBlockMap4@FH4@@V123@@std@@AEAVTryBlockMap4@FH4@@HPEAU_xDISPATCHER_CONTEXT@@PEAUFuncInfo4@5@H@Z 0000000140011070 f   libvcruntime:risctrnsctrl.obj
 0001:000101f0       ?UnwindNestedFrames@__FrameHandler3@@SAXPEA_KPEAUEHExceptionRecord@@PEAU_CONTEXT@@0PEAXPEBU_s_FuncInfo@@HHPEBU_s_HandlerType@@PEAU_xDISPATCHER_CONTEXT@@E@Z 00000001400111f0 f   libvcruntime:risctrnsctrl.obj
 0001:00010320       ?UnwindNestedFrames@__FrameHandler4@@SAXPEA_KPEAUEHExceptionRecord@@PEAU_CONTEXT@@0PEAXPEAUFuncInfo4@FH4@@HHPEAUHandlerType4@5@PEAU_xDISPATCHER_CONTEXT@@E@Z 0000000140011320 f   libvcruntime:risctrnsctrl.obj
 0001:000104a0       ?setBuffer@TryBlockMap4@FH4@@QEAAXViterator@12@@Z 00000001400114a0 f i libvcruntime:risctrnsctrl.obj
 0001:00010690       _CreateFrameInfo           0000000140011690 f   libvcruntime:risctrnsctrl.obj
 0001:000106d0       _FindAndUnlinkFrame        00000001400116d0 f   libvcruntime:risctrnsctrl.obj
 0001:00010730       _GetImageBase              0000000140011730 f   libvcruntime:risctrnsctrl.obj
 0001:00010750       _GetThrowImageBase         0000000140011750 f   libvcruntime:risctrnsctrl.obj
 0001:00010770       _SetImageBase              0000000140011770 f   libvcruntime:risctrnsctrl.obj
 0001:00010790       _SetThrowImageBase         0000000140011790 f   libvcruntime:risctrnsctrl.obj
 0001:000107b0       __CxxFrameHandler3         00000001400117b0 f   libvcruntime:risctrnsctrl.obj
 0001:00010830       __CxxFrameHandler4         0000000140011830 f   libvcruntime:risctrnsctrl.obj
 0001:000108f0       __std_exception_copy       00000001400118f0 f   libvcruntime:std_exception.obj
 0001:00010990       __std_exception_destroy    0000000140011990 f   libvcruntime:std_exception.obj
 0001:000109d0       __DestructExceptionObject  00000001400119d0 f   libvcruntime:ehhelpers.obj
 0001:00010a40       ?_CallMemberFunction0@@YAXQEAX0@Z 0000000140011a40 f i libvcruntime:ehhelpers.obj
 0001:00010a50       _IsExceptionObjectToBeDestroyed 0000000140011a50 f   libvcruntime:ehhelpers.obj
 0001:00010a90       __AdjustPointer            0000000140011a90 f   libvcruntime:ehhelpers.obj
 0001:00010ac0       __FrameUnwindFilter        0000000140011ac0 f   libvcruntime:ehhelpers.obj
 0001:00010b30       __current_exception        0000000140011b30 f   libvcruntime:ehhelpers.obj
 0001:00010b50       __current_exception_context 0000000140011b50 f   libvcruntime:ehhelpers.obj
 0001:00010b70       __std_terminate            0000000140011b70 f   libvcruntime:ehhelpers.obj
 0001:00010b80       _CxxThrowException         0000000140011b80 f   libvcruntime:throw.obj
 0001:00010c30       __C_specific_handler       0000000140011c30 f   libvcruntime:riscchandler.obj
 0001:00010e50       __vcrt_initialize          0000000140011e50 f   libvcruntime:initialization.obj
 0001:00010e80       __vcrt_uninitialize        0000000140011e80 f   libvcruntime:initialization.obj
 0001:00010ea0       __std_type_info_compare    0000000140011ea0 f   libvcruntime:std_type_info.obj
 0001:00010ed0       __vcrt_freefls             0000000140011ed0 f   libvcruntime:per_thread_data.obj
 0001:00010ef0       __vcrt_getptd              0000000140011ef0 f   libvcruntime:per_thread_data.obj
 0001:00010fd0       __vcrt_initialize_ptd      0000000140011fd0 f   libvcruntime:per_thread_data.obj
 0001:00011040       __vcrt_uninitialize_ptd    0000000140012040 f   libvcruntime:per_thread_data.obj
 0001:00011070       ?GetCurrentState@__FrameHandler3@@SAHPEA_KPEAU_xDISPATCHER_CONTEXT@@PEBU_s_FuncInfo@@@Z 0000000140012070 f   libvcruntime:ehstate.obj
 0001:00011100       ?GetUnwindTryBlock@__FrameHandler3@@SAHPEA_KPEAU_xDISPATCHER_CONTEXT@@PEBU_s_FuncInfo@@@Z 0000000140012100 f   libvcruntime:ehstate.obj
 0001:00011130       ?SetState@__FrameHandler3@@SAXPEA_KPEAU_xDISPATCHER_CONTEXT@@PEBU_s_FuncInfo@@H@Z 0000000140012130 f   libvcruntime:ehstate.obj
 0001:00011140       ?SetUnwindTryBlock@__FrameHandler3@@SAXPEA_KPEAU_xDISPATCHER_CONTEXT@@PEBU_s_FuncInfo@@H@Z 0000000140012140 f   libvcruntime:ehstate.obj
 0001:00011180       ?StateFromControlPc@__FrameHandler3@@SAHPEBU_s_FuncInfo@@PEAU_xDISPATCHER_CONTEXT@@@Z 0000000140012180 f   libvcruntime:ehstate.obj
 0001:000111f0       ?StateFromControlPc@__FrameHandler4@@SAHPEAUFuncInfo4@FH4@@PEAU_xDISPATCHER_CONTEXT@@@Z 00000001400121f0 f   libvcruntime:ehstate.obj
 0001:000112f0       ?StateFromIp@__FrameHandler3@@SAHPEBU_s_FuncInfo@@PEAU_xDISPATCHER_CONTEXT@@_K@Z 00000001400122f0 f   libvcruntime:ehstate.obj
 0001:00011360       ?StateFromIp@__FrameHandler4@@SAHPEAUFuncInfo4@FH4@@PEAU_xDISPATCHER_CONTEXT@@_K@Z 0000000140012360 f   libvcruntime:ehstate.obj
 0001:00012ad0       ??$TypeMatchHelper@V__FrameHandler3@@@@YAHPEBU_s_HandlerType@@PEBU_s_CatchableType@@PEBU_s_ThrowInfo@@@Z 0000000140013ad0 f i libvcruntime:frame.obj
 0001:00012c00       ??$TypeMatchHelper@V__FrameHandler4@@@@YAHPEAUHandlerType4@FH4@@PEBU_s_CatchableType@@PEBU_s_ThrowInfo@@@Z 0000000140013c00 f i libvcruntime:frame.obj
 0001:00012d30       ??$__InternalCxxFrameHandler@V__FrameHandler3@@@@YA?AW4_EXCEPTION_DISPOSITION@@PEAUEHExceptionRecord@@PEA_KPEAU_CONTEXT@@PEAU_xDISPATCHER_CONTEXT@@PEBU_s_FuncInfo@@H1E@Z 0000000140013d30 f i libvcruntime:frame.obj
 0001:00012f60       ??$__InternalCxxFrameHandler@V__FrameHandler4@@@@YA?AW4_EXCEPTION_DISPOSITION@@PEAUEHExceptionRecord@@PEA_KPEAU_CONTEXT@@PEAU_xDISPATCHER_CONTEXT@@PEAUFuncInfo4@FH4@@H1E@Z 0000000140013f60 f i libvcruntime:frame.obj
 0001:000131c0       ??$__InternalCxxFrameHandlerWrapper@V__FrameHandler3@@@@YA?AW4_EXCEPTION_DISPOSITION@@PEAUEHExceptionRecord@@PEA_KPEAU_CONTEXT@@PEAU_xDISPATCHER_CONTEXT@@PEBU_s_FuncInfo@@H1E@Z 00000001400141c0 f i libvcruntime:frame.obj
 0001:000131d0       ??$__InternalCxxFrameHandlerWrapper@V__FrameHandler4@@@@YA?AW4_EXCEPTION_DISPOSITION@@PEAUEHExceptionRecord@@PEA_KPEAU_CONTEXT@@PEAU_xDISPATCHER_CONTEXT@@PEAUFuncInfo4@FH4@@H1E@Z 00000001400141d0 f i libvcruntime:frame.obj
 0001:00013230       ??0TryBlockMap4@FH4@@QEAA@PEBUFuncInfo4@1@_K@Z 0000000140014230 f i libvcruntime:frame.obj
 0001:00013320       ??0bad_exception@std@@QEAA@AEBV01@@Z 0000000140014320 f i libvcruntime:frame.obj
 0001:00013360       ??0bad_exception@std@@QEAA@XZ 0000000140014360 f i libvcruntime:frame.obj
 0001:00013390       ?CxxCallCatchBlock@__FrameHandler3@@SAPEAXPEAU_EXCEPTION_RECORD@@@Z 0000000140014390 f   libvcruntime:frame.obj
 0001:000135a0       ?CxxCallCatchBlock@__FrameHandler4@@SAPEAXPEAU_EXCEPTION_RECORD@@@Z 00000001400145a0 f   libvcruntime:frame.obj
 0001:00013800       ?DecompHandler@HandlerMap4@FH4@@AEAAXXZ 0000000140014800 f i libvcruntime:frame.obj
 0001:00013a50       ?FrameUnwindToState@__FrameHandler3@@SAXPEA_KPEAU_xDISPATCHER_CONTEXT@@PEBU_s_FuncInfo@@H@Z 0000000140014a50 f   libvcruntime:frame.obj
 0001:00013c00       ?FrameUnwindToState@__FrameHandler4@@SAXPEA_KPEAU_xDISPATCHER_CONTEXT@@PEAUFuncInfo4@FH4@@H@Z 0000000140014c00 f   libvcruntime:frame.obj
 0001:00013fe0       ?GetHandlerSearchState@__FrameHandler4@@SAHPEA_KPEAU_xDISPATCHER_CONTEXT@@PEAUFuncInfo4@FH4@@@Z 0000000140014fe0 f i libvcruntime:frame.obj
 0001:00014050       ?GetMaxState@__FrameHandler4@@SAHPEAU_xDISPATCHER_CONTEXT@@PEAUFuncInfo4@FH4@@@Z 0000000140015050 f i libvcruntime:frame.obj
 0001:00014230       ?ReadEntry@UWMap4@FH4@@AEAAXPEAPEAE@Z 0000000140015230 f i libvcruntime:frame.obj
 0001:000142d0       ?_CallMemberFunction1@@YAXQEAX00@Z 00000001400152d0 f i libvcruntime:frame.obj
 0001:000142e0       ?_CallMemberFunction2@@YAXQEAX00H@Z 00000001400152e0 f i libvcruntime:frame.obj
 0001:000142f0       ?getStateFromIterators@UWMap4@FH4@@SAHAEBViterator@12@H0H0@Z 00000001400152f0 f i libvcruntime:frame.obj
 0001:000143d0       ?setBuffer@HandlerMap4@FH4@@QEAAXI@Z 00000001400153d0 f i libvcruntime:frame.obj
 0001:000145f0       _NLG_Notify                00000001400155f0 f   libvcruntime:notify.obj
 0001:00014610       __NLG_Dispatch2            0000000140015610 f   libvcruntime:notify.obj
 0001:00014620       __NLG_Return2              0000000140015620 f   libvcruntime:notify.obj
 0001:00014630       __except_validate_context_record 0000000140015630 f   libvcruntime:jbcxrval.obj
 0001:00014670       __vcrt_initialize_locks    0000000140015670 f   libvcruntime:locks.obj
 0001:00014700       __vcrt_uninitialize_locks  0000000140015700 f   libvcruntime:locks.obj
 0001:00014790       _CallSettingFrame          0000000140015790 f   libvcruntime:handlers.obj
 0001:000147d0       _CallSettingFrame_LookupContinuationIndex 00000001400157d0 f   libvcruntime:handlers.obj
 0001:00014800       _CallSettingFrame_NotifyContinuationAddr 0000000140015800 f   libvcruntime:handlers.obj
 0001:00014830       _CallSettingFrameEncoded   0000000140015830 f   libvcruntime:handlers.obj
 0001:00014878       ??$ensure_buffer_is_big_enough@D@formatting_buffer@__crt_stdio_output@@QEAA_N_KAEAV__crt_cached_ptd_host@@@Z 0000000140015878 f i libucrt:output.obj
 0001:00014920       ??$ensure_buffer_is_big_enough@_W@formatting_buffer@__crt_stdio_output@@QEAA_N_KAEAV__crt_cached_ptd_host@@@Z 0000000140015920 f i libucrt:output.obj
 0001:000149cc       ??$is_wide_character_specifier@_W@__crt_stdio_output@@YA_N_K_WW4length_modifier@0@@Z 00000001400159cc f i libucrt:output.obj
 0001:00014a0c       ??$parse_integer@KV?$c_string_character_source@_W@__crt_strtox@@$0A@@__crt_strtox@@YAKAEAV__crt_cached_ptd_host@@V?$c_string_character_source@_W@0@H_N@Z 0000000140015a0c f i libucrt:output.obj
 0001:00015178       ??$type_case_integer@$07@?$output_processor@_WV?$string_output_adapter@_W@__crt_stdio_output@@V?$standard_base@_WV?$string_output_adapter@_W@__crt_stdio_output@@@2@@__crt_stdio_output@@AEAA_N_N@Z 0000000140016178 f i libucrt:output.obj
 0001:00015384       ??$type_case_integer@$09@?$output_processor@_WV?$string_output_adapter@_W@__crt_stdio_output@@V?$standard_base@_WV?$string_output_adapter@_W@__crt_stdio_output@@@2@@__crt_stdio_output@@AEAA_N_N@Z 0000000140016384 f i libucrt:output.obj
 0001:00015590       ??$type_case_integer@$0BA@@?$output_processor@_WV?$string_output_adapter@_W@__crt_stdio_output@@V?$standard_base@_WV?$string_output_adapter@_W@__crt_stdio_output@@@2@@__crt_stdio_output@@AEAA_N_N@Z 0000000140016590 f i libucrt:output.obj
 0001:0001579c       ??$type_case_integer_parse_into_buffer@I$07@?$output_processor@_WV?$string_output_adapter@_W@__crt_stdio_output@@V?$standard_base@_WV?$string_output_adapter@_W@__crt_stdio_output@@@2@@__crt_stdio_output@@AEAAXI_N@Z 000000014001679c f i libucrt:output.obj
 0001:00015820       ??$type_case_integer_parse_into_buffer@I$09@?$output_processor@_WV?$string_output_adapter@_W@__crt_stdio_output@@V?$standard_base@_WV?$string_output_adapter@_W@__crt_stdio_output@@@2@@__crt_stdio_output@@AEAAXI_N@Z 0000000140016820 f i libucrt:output.obj
 0001:000158e0       ??$type_case_integer_parse_into_buffer@I$0BA@@?$output_processor@_WV?$string_output_adapter@_W@__crt_stdio_output@@V?$standard_base@_WV?$string_output_adapter@_W@__crt_stdio_output@@@2@@__crt_stdio_output@@AEAAXI_N@Z 00000001400168e0 f i libucrt:output.obj
 0001:00015980       ??$type_case_integer_parse_into_buffer@_K$07@?$output_processor@_WV?$string_output_adapter@_W@__crt_stdio_output@@V?$standard_base@_WV?$string_output_adapter@_W@__crt_stdio_output@@@2@@__crt_stdio_output@@AEAAX_K_N@Z 0000000140016980 f i libucrt:output.obj
 0001:00015a08       ??$type_case_integer_parse_into_buffer@_K$09@?$output_processor@_WV?$string_output_adapter@_W@__crt_stdio_output@@V?$standard_base@_WV?$string_output_adapter@_W@__crt_stdio_output@@@2@@__crt_stdio_output@@AEAAX_K_N@Z 0000000140016a08 f i libucrt:output.obj
 0001:00015acc       ??$type_case_integer_parse_into_buffer@_K$0BA@@?$output_processor@_WV?$string_output_adapter@_W@__crt_stdio_output@@V?$standard_base@_WV?$string_output_adapter@_W@__crt_stdio_output@@@2@@__crt_stdio_output@@AEAAX_K_N@Z 0000000140016acc f i libucrt:output.obj
 0001:00015b6c       ?crop_zeroes@__crt_stdio_output@@YAXPEADQEAU__crt_locale_pointers@@@Z 0000000140016b6c f i libucrt:output.obj
 0001:00015be0       ?get_raw_ptd@__crt_cached_ptd_host@@QEAAPEAU__acrt_ptd@@XZ 0000000140016be0 f i libucrt:output.obj
 0001:00015c48       ?parse_int_from_format_string@?$output_processor@_WV?$string_output_adapter@_W@__crt_stdio_output@@V?$standard_base@_WV?$string_output_adapter@_W@__crt_stdio_output@@@2@@__crt_stdio_output@@AEAA_NQEAH@Z 0000000140016c48 f i libucrt:output.obj
 0001:00015cd8       ?process@?$output_processor@_WV?$string_output_adapter@_W@__crt_stdio_output@@V?$standard_base@_WV?$string_output_adapter@_W@__crt_stdio_output@@@2@@__crt_stdio_output@@QEAAHXZ 0000000140016cd8 f i libucrt:output.obj
 0001:00015f9c       ?state_case_size@?$output_processor@_WV?$string_output_adapter@_W@__crt_stdio_output@@V?$standard_base@_WV?$string_output_adapter@_W@__crt_stdio_output@@@2@@__crt_stdio_output@@AEAA_NXZ 0000000140016f9c f i libucrt:output.obj
 0001:0001614c       ?state_case_type@?$output_processor@_WV?$string_output_adapter@_W@__crt_stdio_output@@V?$standard_base@_WV?$string_output_adapter@_W@__crt_stdio_output@@@2@@__crt_stdio_output@@AEAA_NXZ 000000014001714c f i libucrt:output.obj
 0001:000166c4       ?type_case_Z@?$output_processor@_WV?$string_output_adapter@_W@__crt_stdio_output@@V?$standard_base@_WV?$string_output_adapter@_W@__crt_stdio_output@@@2@@__crt_stdio_output@@AEAA_NXZ 00000001400176c4 f i libucrt:output.obj
 0001:00016738       ?type_case_a@?$output_processor@_WV?$string_output_adapter@_W@__crt_stdio_output@@V?$standard_base@_WV?$string_output_adapter@_W@__crt_stdio_output@@@2@@__crt_stdio_output@@AEAA_NXZ 0000000140017738 f i libucrt:output.obj
 0001:000169b4       ?type_case_c_tchar@?$output_processor@_WV?$string_output_adapter@_W@__crt_stdio_output@@V?$standard_base@_WV?$string_output_adapter@_W@__crt_stdio_output@@@2@@__crt_stdio_output@@AEAA_N_W@Z 00000001400179b4 f i libucrt:output.obj
 0001:00016a78       ?type_case_n@?$output_processor@_WV?$string_output_adapter@_W@__crt_stdio_output@@V?$standard_base@_WV?$string_output_adapter@_W@__crt_stdio_output@@@2@@__crt_stdio_output@@AEAA_NXZ 0000000140017a78 f i libucrt:output.obj
 0001:00016b30       ?type_case_s@?$output_processor@_WV?$string_output_adapter@_W@__crt_stdio_output@@V?$standard_base@_WV?$string_output_adapter@_W@__crt_stdio_output@@@2@@__crt_stdio_output@@AEAA_NXZ 0000000140017b30 f i libucrt:output.obj
 0001:00016bcc       ?type_case_s_compute_narrow_string_length@?$output_processor@_WV?$string_output_adapter@_W@__crt_stdio_output@@V?$standard_base@_WV?$string_output_adapter@_W@__crt_stdio_output@@@2@@__crt_stdio_output@@AEAAHH_W@Z 0000000140017bcc f i libucrt:output.obj
 0001:00016c90       ?update_locale_slow@__crt_cached_ptd_host@@AEAAXXZ 0000000140017c90 f i libucrt:output.obj
 0001:00016d08       ?write_string@?$string_output_adapter@_W@__crt_stdio_output@@QEBAXQEB_WHQEAHAEAV__crt_cached_ptd_host@@@Z 0000000140017d08 f i libucrt:output.obj
 0001:00016db0       __stdio_common_vswprintf   0000000140017db0 f   libucrt:output.obj
 0001:00017010       wcscpy_s                   0000000140018010 f   libucrt:wcscpy_s.obj
 0001:000170a0       ceilf                      00000001400180a0 f   libucrt:ceilf.obj
 0001:00017140       wcslen                     0000000140018140 f   libucrt:strnlen.obj
 0001:00017290       wcsnlen                    0000000140018290 f   libucrt:strnlen.obj
 0001:000175c8       _beginthreadex             00000001400185c8 f   libucrt:thread.obj
 0001:000176a8       _endthreadex               00000001400186a8 f   libucrt:thread.obj
 0001:000176b4       terminate                  00000001400186b4 f   libucrt:terminate.obj
 0001:000176d4       abort                      00000001400186d4 f   libucrt:abort.obj
 0001:00017730       calloc                     0000000140018730 f   libucrt:calloc.obj
 0001:00017738       __acrt_initialize_stdio    0000000140018738 f   libucrt:_file.obj
 0001:00017858       __acrt_uninitialize_stdio  0000000140018858 f   libucrt:_file.obj
 0001:000178b4       _lock_file                 00000001400188b4 f   libucrt:_file.obj
 0001:000178c0       _unlock_file               00000001400188c0 f   libucrt:_file.obj
 0001:000178d0       free                       00000001400188d0 f   libucrt:free.obj
 0001:000178e0       _callnewh                  00000001400188e0 f   libucrt:new_handler.obj
 0001:00017920       __acrt_initialize_new_handler 0000000140018920 f   libucrt:new_handler.obj
 0001:00017930       _query_new_handler         0000000140018930 f   libucrt:new_handler.obj
 0001:00017970       _set_new_handler           0000000140018970 f   libucrt:new_handler.obj
 0001:000179d0       ?_set_new_handler@@YAP6AH_K@ZH@Z 00000001400189d0 f   libucrt:new_handler.obj
 0001:000179e0       malloc                     00000001400189e0 f   libucrt:malloc.obj
 0001:000179e8       _seh_filter_exe            00000001400189e8 f   libucrt:exception_filter.obj
 0001:00017b54       _query_app_type            0000000140018b54 f   libucrt:report_runtime_error.obj
 0001:00017b5c       _set_app_type              0000000140018b5c f   libucrt:report_runtime_error.obj
 0001:00017b70       __acrt_has_user_matherr    0000000140018b70 f   libucrt:matherr.obj
 0001:00017b90       __acrt_initialize_user_matherr 0000000140018b90 f   libucrt:matherr.obj
 0001:00017ba0       __acrt_invoke_user_matherr 0000000140018ba0 f   libucrt:matherr.obj
 0001:00017bd0       __setusermatherr           0000000140018bd0 f   libucrt:matherr.obj
 0001:00017d98       __acrt_allocate_buffer_for_argv 0000000140018d98 f   libucrt:argv_parsing.obj
 0001:00017df8       _configure_wide_argv       0000000140018df8 f   libucrt:argv_parsing.obj
 0001:00018180       __dcrt_uninitialize_environments_nolock 0000000140019180 f   libucrt:environment_initialization.obj
 0001:000181c4       _initialize_wide_environment 00000001400191c4 f   libucrt:environment_initialization.obj
 0001:000181cc       _get_wide_winmain_command_line 00000001400191cc f   libucrt:argv_winmain.obj
 0001:00018220       _initterm                  0000000140019220 f   libucrt:initterm.obj
 0001:00018258       _initterm_e                0000000140019258 f   libucrt:initterm.obj
 0001:00018504       __acrt_initialize_thread_local_exit_callback 0000000140019504 f   libucrt:exit.obj
 0001:0001850c       _c_exit                    000000014001950c f   libucrt:exit.obj
 0001:0001851c       _cexit                     000000014001951c f   libucrt:exit.obj
 0001:0001852c       _exit                      000000014001952c f   libucrt:exit.obj
 0001:00018538       _register_thread_local_exe_atexit_callback 0000000140019538 f   libucrt:exit.obj
 0001:00018574       exit                       0000000140019574 f   libucrt:exit.obj
 0001:00018580       _set_fmode                 0000000140019580 f   libucrt:setmode.obj
 0001:00018630       __acrt_set_locale_changed  0000000140019630 f   libucrt:wsetlocale.obj
 0001:0001863c       __acrt_uninitialize_locale 000000014001963c f   libucrt:wsetlocale.obj
 0001:0001866c       _configthreadlocale        000000014001966c f   libucrt:wsetlocale.obj
 0001:000186e0       _query_new_mode            00000001400196e0 f   libucrt:new_mode.obj
 0001:000186f0       _set_new_mode              00000001400196f0 f   libucrt:new_mode.obj
 0001:0001871c       __p__commode               000000014001971c f   libucrt:ncommode.obj
 0001:00018a64       _crt_atexit                0000000140019a64 f   libucrt:onexit.obj
 0001:00018a74       _execute_onexit_table      0000000140019a74 f   libucrt:onexit.obj
 0001:00018ab8       _initialize_onexit_table   0000000140019ab8 f   libucrt:onexit.obj
 0001:00018ae0       _register_onexit_function  0000000140019ae0 f   libucrt:onexit.obj
 0001:00018c54       __acrt_initialize          0000000140019c54 f   libucrt:initialization.obj
 0001:00018c68       __acrt_uninitialize        0000000140019c68 f   libucrt:initialization.obj
 0001:00018ca0       strcpy_s                   0000000140019ca0 f   libucrt:strcpy_s.obj
 0001:00018d20       ?get_raw_ptd_noexit@__crt_cached_ptd_host@@QEAAPEAU__acrt_ptd@@XZ 0000000140019d20 f i libucrt:invalid_parameter.obj
 0001:00018d8c       ?value@?$dual_state_global@P6AXPEB_W00I_K@Z@__crt_state_management@@QEAAAEAP6AXPEB_W00I_K@ZAEAV__crt_cached_ptd_host@@@Z 0000000140019d8c f i libucrt:invalid_parameter.obj
 0001:00018dd8       __acrt_call_reportfault    0000000140019dd8 f   libucrt:invalid_parameter.obj
 0001:00018f48       __acrt_initialize_invalid_parameter_handler 0000000140019f48 f   libucrt:invalid_parameter.obj
 0001:00018f50       _invalid_parameter         0000000140019f50 f   libucrt:invalid_parameter.obj
 0001:00018fec       _invalid_parameter_internal 0000000140019fec f   libucrt:invalid_parameter.obj
 0001:000190a4       _invalid_parameter_noinfo  000000014001a0a4 f   libucrt:invalid_parameter.obj
 0001:000190c4       _invoke_watson             000000014001a0c4 f   libucrt:invalid_parameter.obj
 0001:0001910c       __acrt_errno_from_os_error 000000014001a10c f   libucrt:errno.obj
 0001:000191dc       __acrt_errno_map_os_error  000000014001a1dc f   libucrt:errno.obj
 0001:00019204       __acrt_errno_map_os_error_ptd 000000014001a204 f   libucrt:errno.obj
 0001:00019228       __doserrno                 000000014001a228 f   libucrt:errno.obj
 0001:0001924c       _errno                     000000014001a24c f   libucrt:errno.obj
 0001:00019270       _free_base                 000000014001a270 f   libucrt:free_base.obj
 0001:000192d0       _malloc_base               000000014001a2d0 f   libucrt:malloc_base.obj
 0001:00019330       __acrt_update_locale_info  000000014001a330 f   libucrt:locale_update.obj
 0001:00019364       __acrt_update_locale_info_explicit 000000014001a364 f   libucrt:locale_update.obj
 0001:0001939c       __acrt_update_multibyte_info 000000014001a39c f   libucrt:locale_update.obj
 0001:000193d0       __acrt_update_multibyte_info_explicit 000000014001a3d0 f   libucrt:locale_update.obj
 0001:00019f18       __acrt_fp_format           000000014001af18 f   libucrt:cvt.obj
 0001:0001a200       _mbtowc_internal           000000014001b200 f   libucrt:mbtowc.obj
 0001:0001a378       ?__mblen_utf8@__crt_mbstring@@YAHPEBD@Z 000000014001b378 f   libucrt:mbrtoc32.obj
 0001:0001a3b0       ?__mbrtoc32_utf8@__crt_mbstring@@YA_KPEA_UPEBD_KPEAU_Mbstatet@@AEAV__crt_cached_ptd_host@@@Z 000000014001b3b0 f   libucrt:mbrtoc32.obj
 0001:0001a570       ?__mbrtowc_utf8@__crt_mbstring@@YA_KPEA_WPEBD_KPEAU_Mbstatet@@AEAV__crt_cached_ptd_host@@@Z 000000014001b570 f   libucrt:mbrtowc.obj
 0001:0001a5b8       ?__mbsrtowcs_utf8@__crt_mbstring@@YA_KPEA_WPEAPEBD_KPEAU_Mbstatet@@AEAV__crt_cached_ptd_host@@@Z 000000014001b5b8 f   libucrt:mbrtowc.obj
 0001:0001a770       _fileno                    000000014001b770 f   libucrt:fileno.obj
 0001:0001a798       _get_printf_count_output   000000014001b798 f   libucrt:printf_count_output.obj
 0001:0001aac0       ?internal_get_ptd_head_slow@@YAPEAU__acrt_ptd@@XZ 000000014001bac0 f   libucrt:per_thread_data.obj
 0001:0001abe0       __acrt_getptd              000000014001bbe0 f   libucrt:per_thread_data.obj
 0001:0001abfc       __acrt_getptd_head         000000014001bbfc f   libucrt:per_thread_data.obj
 0001:0001ac40       __acrt_getptd_noexit       000000014001bc40 f   libucrt:per_thread_data.obj
 0001:0001acd0       __acrt_getptd_noexit_explicit 000000014001bcd0 f   libucrt:per_thread_data.obj
 0001:0001ad2c       __acrt_initialize_ptd      000000014001bd2c f   libucrt:per_thread_data.obj
 0001:0001ad70       __acrt_uninitialize_ptd    000000014001bd70 f   libucrt:per_thread_data.obj
 0001:0001af9c       __acrt_initialize_lowio    000000014001bf9c f   libucrt:ioinit.obj
 0001:0001afd8       __acrt_uninitialize_lowio  000000014001bfd8 f   libucrt:ioinit.obj
 0001:0001b130       _handle_error              000000014001c130 f   libucrt:libm_error.obj
 0001:0001b270       _handle_nan                000000014001c270 f   libucrt:libm_error.obj
 0001:0001b290       _handle_nanf               000000014001c290 f   libucrt:libm_error.obj
 0001:0001b2a0       ceil_sse41                 000000014001c2a0 f   libucrt:floorceil_sse41.obj
 0001:0001b2b0       ceilf_sse41                000000014001c2b0 f   libucrt:floorceil_sse41.obj
 0001:0001b2c0       _calloc_base               000000014001c2c0 f   libucrt:calloc_base.obj
 0001:0001b4ec       __acrt_AppPolicyGetProcessTerminationMethodInternal 000000014001c4ec f   libucrt:winapi_thunks.obj
 0001:0001b548       __acrt_AppPolicyGetThreadInitializationTypeInternal 000000014001c548 f   libucrt:winapi_thunks.obj
 0001:0001b5a4       __acrt_FlsAlloc            000000014001c5a4 f   libucrt:winapi_thunks.obj
 0001:0001b5ac       __acrt_FlsFree             000000014001c5ac f   libucrt:winapi_thunks.obj
 0001:0001b5b4       __acrt_FlsGetValue         000000014001c5b4 f   libucrt:winapi_thunks.obj
 0001:0001b5bc       __acrt_FlsGetValue2        000000014001c5bc f   libucrt:winapi_thunks.obj
 0001:0001b5c8       __acrt_FlsSetValue         000000014001c5c8 f   libucrt:winapi_thunks.obj
 0001:0001b5d0       __acrt_InitializeCriticalSectionEx 000000014001c5d0 f   libucrt:winapi_thunks.obj
 0001:0001b5d8       __acrt_LCMapStringEx       000000014001c5d8 f   libucrt:winapi_thunks.obj
 0001:0001b6cc       __acrt_LocaleNameToLCID    000000014001c6cc f   libucrt:winapi_thunks.obj
 0001:0001b730       __acrt_RoInitialize        000000014001c730 f   libucrt:winapi_thunks.obj
 0001:0001b780       __acrt_RoUninitialize      000000014001c780 f   libucrt:winapi_thunks.obj
 0001:0001b7c4       __acrt_initialize_winapi_thunks 000000014001c7c4 f   libucrt:winapi_thunks.obj
 0001:0001b7f4       __acrt_tls2_supported      000000014001c7f4 f   libucrt:winapi_thunks.obj
 0001:0001b838       __acrt_uninitialize_winapi_thunks 000000014001c838 f   libucrt:winapi_thunks.obj
 0001:0001b87c       __acrt_get_begin_thread_init_policy 000000014001c87c f   libucrt:win_policies.obj
 0001:0001b8bc       __acrt_get_process_end_policy 000000014001c8bc f   libucrt:win_policies.obj
 0001:0001b938       __acrt_get_sigabrt_handler 000000014001c938 f   libucrt:signal.obj
 0001:0001b968       __acrt_initialize_signal_handlers 000000014001c968 f   libucrt:signal.obj
 0001:0001b988       raise                      000000014001c988 f   libucrt:signal.obj
 0001:0001bbe4       _fcloseall                 000000014001cbe4 f   libucrt:closeall.obj
 0001:0001be78       __acrt_stdio_flush_nolock  000000014001ce78 f   libucrt:fflush.obj
 0001:0001bf04       _fflush_nolock             000000014001cf04 f   libucrt:fflush.obj
 0001:0001bfd8       _flushall                  000000014001cfd8 f   libucrt:fflush.obj
 0001:0001bfe0       __acrt_stdio_free_buffer_nolock 000000014001cfe0 f   libucrt:_freebuf.obj
 0001:0001c024       __acrt_initialize_locks    000000014001d024 f   libucrt:locks.obj
 0001:0001c06c       __acrt_lock                000000014001d06c f   libucrt:locks.obj
 0001:0001c088       __acrt_uninitialize_locks  000000014001d088 f   libucrt:locks.obj
 0001:0001c0c0       __acrt_unlock              000000014001d0c0 f   libucrt:locks.obj
 0001:0001c0e0       wcsncpy_s                  000000014001d0e0 f   libucrt:wcsncpy_s.obj
 0001:0001c7c0       ??0_LocaleUpdate@@QEAA@QEAU__crt_locale_pointers@@@Z 000000014001d7c0 f i libucrt:argv_wildcards.obj
 0001:0001c85c       __acrt_expand_wide_argv_wildcards 000000014001d85c f   libucrt:argv_wildcards.obj
 0001:0001d06c       __acrt_initialize_multibyte 000000014001e06c f   libucrt:mbctype.obj
 0001:0001d0cc       __acrt_update_thread_multibyte_data 000000014001e0cc f   libucrt:mbctype.obj
 0001:0001d0e8       _setmbcp_nolock            000000014001e0e8 f   libucrt:mbctype.obj
 0001:0001d3b0       __acrt_initialize_command_line 000000014001e3b0 f   libucrt:argv_data.obj
 0001:0001d3d8       __acrt_MultiByteToWideChar 000000014001e3d8 f   libucrt:multibytetowidechar.obj
 0001:0001d468       __acrt_WideCharToMultiByte 000000014001e468 f   libucrt:widechartomultibyte.obj
 0001:0001d548       __dcrt_get_wide_environment_from_os 000000014001e548 f   libucrt:get_environment_from_os.obj
 0001:0001d5e4       __acrt_app_verifier_enabled 000000014001e5e4 f   libucrt:peb_access.obj
 0001:0001d600       __acrt_is_secure_process   000000014001e600 f   libucrt:peb_access.obj
 0001:0001d618       __acrt_lowio_create_handle_array 000000014001e618 f   libucrt:osfinfo.obj
 0001:0001d6c0       __acrt_lowio_destroy_handle_array 000000014001e6c0 f   libucrt:osfinfo.obj
 0001:0001d710       __acrt_lowio_ensure_fh_exists 000000014001e710 f   libucrt:osfinfo.obj
 0001:0001d7b8       __acrt_lowio_lock_fh       000000014001e7b8 f   libucrt:osfinfo.obj
 0001:0001d7e0       __acrt_lowio_unlock_fh     000000014001e7e0 f   libucrt:osfinfo.obj
 0001:0001d808       _free_osfhnd               000000014001e808 f   libucrt:osfinfo.obj
 0001:0001d8c4       _get_osfhandle             000000014001e8c4 f   libucrt:osfinfo.obj
 0001:0001d93c       __acrt_initialize_fmode    000000014001e93c f   libucrt:txtmode.obj
 0001:0001d954       __acrt_locale_free_monetary 000000014001e954 f   libucrt:initmon.obj
 0001:0001da60       __acrt_locale_free_numeric 000000014001ea60 f   libucrt:initnum.obj
 0001:0001db00       __acrt_locale_free_time    000000014001eb00 f   libucrt:inittime.obj
 0001:0001dc10       wcsncmp                    000000014001ec10 f   libucrt:wcsncmp.obj
 0001:0001dc50       wcspbrk                    000000014001ec50 f   libucrt:wcspbrk.obj
 0001:0001dca8       __acrt_GetStringTypeA      000000014001eca8 f   libucrt:getstringtypea.obj
 0001:0001de38       __acrt_add_locale_ref      000000014001ee38 f   libucrt:locale_refcounting.obj
 0001:0001dec4       __acrt_free_locale         000000014001eec4 f   libucrt:locale_refcounting.obj
 0001:0001e03c       __acrt_locale_add_lc_time_reference 000000014001f03c f   libucrt:locale_refcounting.obj
 0001:0001e064       __acrt_locale_free_lc_time_if_unreferenced 000000014001f064 f   libucrt:locale_refcounting.obj
 0001:0001e09c       __acrt_locale_release_lc_time_reference 000000014001f09c f   libucrt:locale_refcounting.obj
 0001:0001e0c4       __acrt_release_locale_ref  000000014001f0c4 f   libucrt:locale_refcounting.obj
 0001:0001e16c       __acrt_update_thread_locale_data 000000014001f16c f   libucrt:locale_refcounting.obj
 0001:0001e1dc       _updatetlocinfoEx_nolock   000000014001f1dc f   libucrt:locale_refcounting.obj
 0001:0001e250       _recalloc_base             000000014001f250 f   libucrt:recalloc.obj
 0001:0001e2f0       _recalloc                  000000014001f2f0 f   libucrt:recalloc.obj
 0001:0001e300       _get_heap_handle           000000014001f300 f   libucrt:heap_handle.obj
 0001:0001e310       __acrt_initialize_heap     000000014001f310 f   libucrt:heap_handle.obj
 0001:0001e340       __acrt_uninitialize_heap   000000014001f340 f   libucrt:heap_handle.obj
 0001:0001e360       __acrt_getheap             000000014001f360 f   libucrt:heap_handle.obj
 0001:0001e368       __acrt_execute_initializers 000000014001f368 f   libucrt:shared_initialization.obj
 0001:0001e3e8       __acrt_execute_uninitializers 000000014001f3e8 f   libucrt:shared_initialization.obj
 0001:0001e4f4       __acrt_fp_strflt_to_string 000000014001f4f4 f   libucrt:_fptostr.obj
 0001:0001e610       ?divide@__crt_strtox@@YA_KAEAUbig_integer@1@AEBU21@@Z 000000014001f610 f i libucrt:cfout.obj
 0001:0001ea9c       __acrt_fltout              000000014001fa9c f   libucrt:cfout.obj
 0001:0001fdb0       fegetround                 0000000140020db0 f   libucrt:fegetround.obj
 0001:0001fdc4       ?reset_and_return@__crt_mbstring@@YA_K_KPEAU_Mbstatet@@@Z 0000000140020dc4 f   libucrt:common_utf8.obj
 0001:0001fdcc       ?return_illegal_sequence@__crt_mbstring@@YA_KPEAU_Mbstatet@@AEAV__crt_cached_ptd_host@@@Z 0000000140020dcc f   libucrt:common_utf8.obj
 0001:0001fde0       _isatty                    0000000140020de0 f   libucrt:isatty.obj
 0001:0001fe40       _clrfp                     0000000140020e40 f   libucrt:fpctrl.obj
 0001:0001fe60       _ctrlfp                    0000000140020e60 f   libucrt:fpctrl.obj
 0001:0001fee0       _get_fpcsr                 0000000140020ee0 f   libucrt:fpctrl.obj
 0001:0001fee0       _get_fpsr                  0000000140020ee0 f   libucrt:fpctrl.obj
 0001:0001fef0       _set_fpcsr                 0000000140020ef0 f   libucrt:fpctrl.obj
 0001:0001fef0       _set_fpsr                  0000000140020ef0 f   libucrt:fpctrl.obj
 0001:0001ff00       _set_statfp                0000000140020f00 f   libucrt:fpctrl.obj
 0001:0001ff20       _statfp                    0000000140020f20 f   libucrt:fpctrl.obj
 0001:0001ff30       _raise_exc                 0000000140020f30 f   libucrt:fpexcept.obj
 0001:0001ff60       _raise_exc_ex              0000000140020f60 f   libucrt:fpexcept.obj
 0001:00020270       _set_errno_from_matherr    0000000140021270 f   libucrt:fpexcept.obj
 0001:000202a4       __acrt_DownlevelLocaleNameToLCID 00000001400212a4 f   libucrt:lcidtoname_downlevel.obj
 0001:00020470       fclose                     0000000140021470 f   libucrt:fclose.obj
 0001:00020594       _commit                    0000000140021594 f   libucrt:commit.obj
 0001:00020e54       _write_internal            0000000140021e54 f   libucrt:write.obj
 0001:00020f74       _write_nolock              0000000140021f74 f   libucrt:write.obj
 0001:00021354       _lseeki64_nolock_internal  0000000140022354 f   libucrt:lseek.obj
 0001:00021360       qsort                      0000000140022360 f   libucrt:qsort.obj
 0001:00021a2c       __acrt_LCMapStringA        0000000140022a2c f   libucrt:lcmapstringa.obj
 0001:00021ae0       __ascii_wcsnicmp           0000000140022ae0 f   libucrt:wcsnicmp.obj
 0001:00021b50       _msize_base                0000000140022b50 f   libucrt:msize.obj
 0001:00021b90       _msize                     0000000140022b90 f   libucrt:msize.obj
 0001:00021ba0       _realloc_base              0000000140022ba0 f   libucrt:realloc_base.obj
 0001:00021c20       _controlfp_s               0000000140022c20 f   libucrt:contrlfp.obj
 0001:00021c90       fegetenv                   0000000140022c90 f   libucrt:fegetenv.obj
 0001:00021cb0       fesetenv                   0000000140022cb0 f   libucrt:fesetenv.obj
 0001:00021d20       feholdexcept               0000000140022d20 f   libucrt:feholdexcept.obj
 0001:00021d80       ceil                       0000000140022d80 f   libucrt:ceil.obj
 0001:00021e50       log10                      0000000140022e50 f   libucrt:log10.obj
 0001:00022400       __acrt_fenv_get_common_round_control 0000000140023400 f   libucrt:_fenvutils.obj
 0001:00022410       __acrt_fenv_get_control    0000000140023410 f   libucrt:_fenvutils.obj
 0001:000224f0       __acrt_fenv_get_status     00000001400234f0 f   libucrt:_fenvutils.obj
 0001:00022550       __acrt_fenv_set_control    0000000140023550 f   libucrt:_fenvutils.obj
 0001:00022680       __acrt_fenv_set_status     0000000140023680 f   libucrt:_fenvutils.obj
 0001:0002276c       _close_internal            000000014002376c f   libucrt:close.obj
 0001:00022830       _close_nolock_internal     0000000140023830 f   libucrt:close.obj
 0001:00022900       ?__acrt_stdio_free_stream@@YAXV__crt_stdio_stream@@@Z 0000000140023900 f   libucrt:stream.obj
 0001:0002291c       _putwch_nolock             000000014002391c f   libucrt:putwch.obj
 0001:0002295c       _guard_check_icall         000000014002395c f i libucrt:checkcfg.obj
 0001:00022980       __strncnt                  0000000140023980 f   libucrt:strncnt.obj
 0001:000229a0       _clearfp                   00000001400239a0 f   libucrt:ieee.obj
 0001:00022a10       _control87                 0000000140023a10 f   libucrt:ieee.obj
 0001:00022cc0       __acrt_initialize_fma3     0000000140023cc0 f   libucrt:fma3_available.obj
 0001:00022d80       _log10_special             0000000140023d80 f   libucrt:log_special.obj
 0001:00022e3c       __dcrt_lowio_ensure_console_output_initialized 0000000140023e3c f   libucrt:initcon.obj
 0001:00022e90       __dcrt_terminate_console_output 0000000140023e90 f   libucrt:initcon.obj
 0001:00022eac       __dcrt_write_console       0000000140023eac f   libucrt:initcon.obj
 0001:00022f70       _FindPESection             0000000140023f70 f   LIBCMT:pesect.obj
 0001:00022fc0       _IsNonwritableInCurrentImage 0000000140023fc0 f   LIBCMT:pesect.obj
 0001:00023010       _ValidateImageBase         0000000140024010 f   LIBCMT:pesect.obj
 0001:00023040       __GSHandlerCheck_SEH       0000000140024040 f   LIBCMT:gshandlerseh.obj
 0001:000230c0       __GSHandlerCheck_EH        00000001400240c0 f   LIBCMT:gshandlereh.obj
 0001:00023140       __chkstk                   0000000140024140 f   LIBCMT:chkstk.obj
 0001:00023140       _alloca_probe              0000000140024140 f   LIBCMT:chkstk.obj
 0001:00023190       __C_specific_handler_noexcept 0000000140024190 f   libvcruntime:chandler_noexcept.obj
 0001:000231e0       strrchr                    00000001400241e0 f   libvcruntime:strrchr.obj
 0001:00023320       wcschr                     0000000140024320 f   libvcruntime:wcschr.obj
 0001:000233c0       _guard_dispatch_icall_nop  00000001400243c0 f   LIBCMT:guard_dispatch.obj
 0001:000233e0       _guard_xfg_dispatch_icall_nop 00000001400243e0 f   LIBCMT:guard_xfg_dispatch.obj
 0001:00023400       _guard_dispatch_icall      0000000140024400 f   libucrt:dispatchcfg.obj
 0001:00023400       _guard_dispatch_icall_$fo_default$ 0000000140024400     libucrt:dispatchcfg.obj
 0001:00023430       memcpy_repmovs             0000000140024430 f   libvcruntime:memcpy.obj
 0001:00023440       memcpy                     0000000140024440 f   libvcruntime:memcpy.obj
 0001:00023440       memcpy_$fo_default$        0000000140024440     libvcruntime:memcpy.obj
 0001:00023440       memmove                    0000000140024440 f   libvcruntime:memcpy.obj
 0001:00023b00       memset_repstos             0000000140024b00 f   libvcruntime:memset.obj
 0001:00023b10       memset                     0000000140024b10 f   libvcruntime:memset.obj
 0001:00023b10       memset_$fo_default$        0000000140024b10     libvcruntime:memset.obj
 0001:00023eb0       strncmp                    0000000140024eb0 f   libucrt:strncmp.obj
 0002:00000000       __imp_ADsOpenObject        0000000140026000     activeds:ACTIVEDS.dll
 0002:00000008       \177ACTIVEDS_NULL_THUNK_DATA 0000000140026008     activeds:ACTIVEDS.dll
 0002:00000010       __imp_InitCommonControlsEx 0000000140026010     comctl32:COMCTL32.dll
 0002:00000018       __imp_DefSubclassProc      0000000140026018     comctl32:COMCTL32.dll
 0002:00000020       __imp_SetWindowSubclass    0000000140026020     comctl32:COMCTL32.dll
 0002:00000028       __imp_RemoveWindowSubclass 0000000140026028     comctl32:COMCTL32.dll
 0002:00000030       \177COMCTL32_NULL_THUNK_DATA 0000000140026030     comctl32:COMCTL32.dll
 0002:00000038       __imp_SetBkColor           0000000140026038     gdi32:GDI32.dll
 0002:00000040       __imp_DeleteObject         0000000140026040     gdi32:GDI32.dll
 0002:00000048       __imp_CreateFontIndirectW  0000000140026048     gdi32:GDI32.dll
 0002:00000050       __imp_SetBkMode            0000000140026050     gdi32:GDI32.dll
 0002:00000058       \177GDI32_NULL_THUNK_DATA  0000000140026058     gdi32:GDI32.dll
 0002:00000060       __imp_HeapSize             0000000140026060     kernel32:KERNEL32.dll
 0002:00000068       __imp_GetConsoleMode       0000000140026068     kernel32:KERNEL32.dll
 0002:00000070       __imp_GetConsoleOutputCP   0000000140026070     kernel32:KERNEL32.dll
 0002:00000078       __imp_FlushFileBuffers     0000000140026078     kernel32:KERNEL32.dll
 0002:00000080       __imp_GetProcessHeap       0000000140026080     kernel32:KERNEL32.dll
 0002:00000088       __imp_GetStringTypeW       0000000140026088     kernel32:KERNEL32.dll
 0002:00000090       __imp_SetStdHandle         0000000140026090     kernel32:KERNEL32.dll
 0002:00000098       __imp_FreeEnvironmentStringsW 0000000140026098     kernel32:KERNEL32.dll
 0002:000000a0       __imp_GetEnvironmentStringsW 00000001400260a0     kernel32:KERNEL32.dll
 0002:000000a8       __imp_WideCharToMultiByte  00000001400260a8     kernel32:KERNEL32.dll
 0002:000000b0       __imp_MultiByteToWideChar  00000001400260b0     kernel32:KERNEL32.dll
 0002:000000b8       __imp_GetCommandLineW      00000001400260b8     kernel32:KERNEL32.dll
 0002:000000c0       __imp_GetCommandLineA      00000001400260c0     kernel32:KERNEL32.dll
 0002:000000c8       __imp_GetCPInfo            00000001400260c8     kernel32:KERNEL32.dll
 0002:000000d0       __imp_GetOEMCP             00000001400260d0     kernel32:KERNEL32.dll
 0002:000000d8       __imp_GetACP               00000001400260d8     kernel32:KERNEL32.dll
 0002:000000e0       __imp_IsValidCodePage      00000001400260e0     kernel32:KERNEL32.dll
 0002:000000e8       __imp_FindNextFileW        00000001400260e8     kernel32:KERNEL32.dll
 0002:000000f0       __imp_FindFirstFileExW     00000001400260f0     kernel32:KERNEL32.dll
[...]
 0002:0000fe78       $unwind$__dcrt_lowio_ensure_console_output_initialized 0000000140035e78     libucrt:initcon.obj
 0002:0000fe78       $unwind$?__mbrtowc_utf8@__crt_mbstring@@YA_KPEA_WPEBD_KPEAU_Mbstatet@@AEAV__crt_cached_ptd_host@@@Z 0000000140035e78     libucrt:mbrtowc.obj
 0002:0000fe78       $unwind$?getSystemCP@@YAHH@Z 0000000140035e78     libucrt:mbctype.obj
 0002:0000fe80       $unwind$?__mbsrtowcs_utf8@__crt_mbstring@@YA_KPEA_WPEAPEBD_KPEAU_Mbstatet@@AEAV__crt_cached_ptd_host@@@Z 0000000140035e80     libucrt:mbrtowc.obj
 0002:0000fe9c       $unwind$__acrt_getptd_noexit 0000000140035e9c     libucrt:per_thread_data.obj
 0002:0000fe9c       $unwind$__acrt_getptd_noexit_explicit 0000000140035e9c     libucrt:per_thread_data.obj
 0002:0000feb0       $unwind$?destroy_fls@@YAXPEAX@Z 0000000140035eb0     libucrt:per_thread_data.obj
 0002:0000feb0       $unwind$__acrt_locale_free_numeric 0000000140035eb0     libucrt:initnum.obj
 0002:0000feb0       $unwind$__acrt_locale_free_lc_time_if_unreferenced 0000000140035eb0     libucrt:locale_refcounting.obj
 0002:0000feb8       $unwind$?construct_ptd_array@@YAXQEAU__acrt_ptd@@@Z 0000000140035eb8     libucrt:per_thread_data.obj
 0002:0000fec0       $unwind$?destroy_ptd_array@@YAXQEAU__acrt_ptd@@@Z 0000000140035ec0     libucrt:per_thread_data.obj
 0002:0000fec8       $unwind$??$?RV<lambda_0ae27a3a962d80f24befdcbee591983d>@@AEAV<lambda_8d0ee55de4b1038c4002e0adecdf1839>@@V<lambda_dc504788e8f1664fe9b84e20bfb512f2>@@@?$__crt_seh_guarded_call@X@@QEAAX$$QEAV<lambda_0ae27a3a962d80f24befdcbee591983d>@@AEAV<lambda_8d0ee55de4b1038c4002e0adecdf1839>@@$$QEAV<lambda_dc504788e8f1664fe9b84e20bfb512f2>@@@Z 0000000140035ec8     libucrt:per_thread_data.obj
 0002:0000feec       $unwind$??$?RV<lambda_aa87e3671a710a21b5dc78c0bdf72e11>@@AEAV<lambda_92619d2358a28f41a33ba319515a20b9>@@V<lambda_6992ecaafeb10aed2b74cb1fae11a551>@@@?$__crt_seh_guarded_call@X@@QEAAX$$QEAV<lambda_aa87e3671a710a21b5dc78c0bdf72e11>@@AEAV<lambda_92619d2358a28f41a33ba319515a20b9>@@$$QEAV<lambda_6992ecaafeb10aed2b74cb1fae11a551>@@@Z 0000000140035eec     libucrt:per_thread_data.obj
 0002:0000ff10       $unwind$??$?RV<lambda_f2e299630e499de9f9a165e60fcd3db5>@@AEAV<lambda_2ae9d31cdba2644fcbeaf08da7c24588>@@V<lambda_40d01ff24d0e7b3814fdbdcee8eab3c7>@@@?$__crt_seh_guarded_call@X@@QEAAX$$QEAV<lambda_f2e299630e499de9f9a165e60fcd3db5>@@AEAV<lambda_2ae9d31cdba2644fcbeaf08da7c24588>@@$$QEAV<lambda_40d01ff24d0e7b3814fdbdcee8eab3c7>@@@Z 0000000140035f10     libucrt:per_thread_data.obj
 0002:0000ff34       $unwind$??$?RV<lambda_2d41944a1d46af3157314b8a01080d33>@@AEAV<lambda_8f455de75cd7d7f24b4096f044d8b9e6>@@V<lambda_aa500f224e6afead328df44964fe2772>@@@?$__crt_seh_guarded_call@X@@QEAAX$$QEAV<lambda_2d41944a1d46af3157314b8a01080d33>@@AEAV<lambda_8f455de75cd7d7f24b4096f044d8b9e6>@@$$QEAV<lambda_aa500f224e6afead328df44964fe2772>@@@Z 0000000140035f34     libucrt:per_thread_data.obj
 0002:0000ff58       $unwind$__acrt_initialize_lowio 0000000140035f58     libucrt:ioinit.obj
 0002:0000ff78       $unwind$?initialize_inherited_file_handles_nolock@@YAXXZ 0000000140035f78     libucrt:ioinit.obj
 0002:0000ff94       $unwind$_exception_enabled 0000000140035f94     libucrt:libm_error.obj
 0002:0000ffa8       $chain$0$_exception_enabled 0000000140035fa8     libucrt:libm_error.obj
 0002:0000ffbc       $chain$1$_exception_enabled 0000000140035fbc     libucrt:libm_error.obj
 0002:0000ffcc       $unwind$_handle_error      0000000140035fcc     libucrt:libm_error.obj
 0002:0000ffe8       $unwind$_calloc_base       0000000140035fe8     libucrt:calloc_base.obj
 0002:0000fff0       $unwind$?try_get_function_slow@@YAPEAXW4function_id@?A0x391cf84c@@QEBDQEBW4module_id@2@2@Z 0000000140035ff0     libucrt:winapi_thunks.obj
 0002:00010010       $unwind$raise              0000000140036010     libucrt:signal.obj
 0002:00010050       $unwind$??$?RV<lambda_450d765d439847d4c735a33c368b5fc0>@@AEAV<lambda_44731a7d0e6d81c3e6aa82d741081786>@@V<lambda_601a2a7da3b7a96e9554ac7215c4b07c>@@@?$__crt_seh_guarded_call@P6AXH@Z@@QEAAP6AXH@Z$$QEAV<lambda_450d765d439847d4c735a33c368b5fc0>@@AEAV<lambda_44731a7d0e6d81c3e6aa82d741081786>@@$$QEAV<lambda_601a2a7da3b7a96e9554ac7215c4b07c>@@@Z 0000000140036050     libucrt:signal.obj
 0002:00010074       $unwind$_fcloseall         0000000140036074     libucrt:closeall.obj
 0002:00010098       $unwind$fclose             0000000140036098     libucrt:fclose.obj
 0002:00010098       $unwind$_fflush_nolock     0000000140036098     libucrt:fflush.obj
 0002:000100a8       $unwind$?common_flush_all@@YAH_N@Z 00000001400360a8     libucrt:fflush.obj
 0002:000100b0       $unwind$??$?RV<lambda_842d9ff0dc9ef11c61343bbaebe7f885>@@AEAV<lambda_c5860995281e5c4ce005b3de8f5874ee>@@V<lambda_d90129c13df834fdcbf8d2b88dafcf2d>@@@?$__crt_seh_guarded_call@X@@QEAAX$$QEAV<lambda_842d9ff0dc9ef11c61343bbaebe7f885>@@AEAV<lambda_c5860995281e5c4ce005b3de8f5874ee>@@$$QEAV<lambda_d90129c13df834fdcbf8d2b88dafcf2d>@@@Z 00000001400360b0     libucrt:fflush.obj
 0002:000100d4       $unwind$??$?RV<lambda_886d6c58226a84441f68b9f2b8217b83>@@AEAV<lambda_ab61a845afdef5b7c387490eaf3616ee>@@V<lambda_f7f22ab5edc0698d5f6905b0d3f44752>@@@?$__crt_seh_guarded_call@X@@QEAAX$$QEAV<lambda_886d6c58226a84441f68b9f2b8217b83>@@AEAV<lambda_ab61a845afdef5b7c387490eaf3616ee>@@$$QEAV<lambda_f7f22ab5edc0698d5f6905b0d3f44752>@@@Z 00000001400360d4     libucrt:fflush.obj
 0002:000100fc       $unwind$wcsncpy_s          00000001400360fc     libucrt:wcsncpy_s.obj
 0002:00010108       $chain$0$wcsncpy_s         0000000140036108     libucrt:wcsncpy_s.obj
 0002:0001011c       $chain$2$wcsncpy_s         000000014003611c     libucrt:wcsncpy_s.obj
 0002:0001011c       $chain$4$wcsncpy_s         000000014003611c     libucrt:wcsncpy_s.obj
 0002:00010130       $unwind$??$common_expand_argv_wildcards@_W@@YAHQEAPEA_WQEAPEAPEA_W@Z 0000000140036130     libucrt:argv_wildcards.obj
 0002:00010154       $unwind$??$copy_and_add_argument_to_buffer@_W@@YAHQEB_W0_KAEAV?$argument_list@_W@?A0x5f5c8891@@@Z 0000000140036154     libucrt:argv_wildcards.obj
 0002:00010170       $unwind$_setmbcp_nolock    0000000140036170     libucrt:mbctype.obj
 0002:00010190       $unwind$?update_thread_multibyte_data_internal@@YAPEAU__crt_multibyte_data@@QEAU__acrt_ptd@@QEAPEAU1@@Z 0000000140036190     libucrt:mbctype.obj
 0002:000101b8       $unwind$?setmbcp_internal@@YAHH_NQEAU__acrt_ptd@@QEAPEAU__crt_multibyte_data@@@Z 00000001400361b8     libucrt:mbctype.obj
 0002:000101d0       $unwind$?setSBUpLow@@YAXPEAU__crt_multibyte_data@@@Z 00000001400361d0     libucrt:mbctype.obj
 0002:000101ec       $unwind$??$?RV<lambda_efdfa57d1f175319df784efa44bb7b81>@@AEAV<lambda_5f0a4c1567f8adc6734073e5d1e1b35c>@@V<lambda_2e8a7d3640ea6ccb4c2413664c2db6fd>@@@?$__crt_seh_guarded_call@X@@QEAAX$$QEAV<lambda_efdfa57d1f175319df784efa44bb7b81>@@AEAV<lambda_5f0a4c1567f8adc6734073e5d1e1b35c>@@$$QEAV<lambda_2e8a7d3640ea6ccb4c2413664c2db6fd>@@@Z 00000001400361ec     libucrt:mbctype.obj
 0002:00010210       $unwind$__acrt_WideCharToMultiByte 0000000140036210     libucrt:widechartomultibyte.obj
 0002:0001021c       $unwind$_free_osfhnd       000000014003621c     libucrt:osfinfo.obj
 0002:00010230       $unwind$__acrt_lowio_destroy_handle_array 0000000140036230     libucrt:osfinfo.obj
 0002:00010240       $unwind$__acrt_lowio_ensure_fh_exists 0000000140036240     libucrt:osfinfo.obj
 0002:0001026c       $unwind$__acrt_locale_free_monetary 000000014003626c     libucrt:initmon.obj
 0002:00010274       $unwind$__acrt_locale_free_time 0000000140036274     libucrt:inittime.obj
 0002:00010284       $unwind$__acrt_GetStringTypeA 0000000140036284     libucrt:getstringtypea.obj
 0002:000102ac       $unwind$__acrt_update_thread_locale_data 00000001400362ac     libucrt:locale_refcounting.obj
 0002:000102d0       $unwind$_recalloc_base     00000001400362d0     libucrt:recalloc.obj
 0002:000102e4       $unwind$__acrt_initialize_heap 00000001400362e4     libucrt:heap_handle.obj
 0002:000102ec       $unwind$__acrt_fltout      00000001400362ec     libucrt:cfout.obj
 0002:00010310       $unwind$?divide@__crt_strtox@@YA_KAEAUbig_integer@1@AEBU21@@Z 0000000140036310     libucrt:cfout.obj
 0002:00010328       $chain$0$?divide@__crt_strtox@@YA_KAEAUbig_integer@1@AEBU21@@Z 0000000140036328     libucrt:cfout.obj
 0002:0001033c       $chain$1$?divide@__crt_strtox@@YA_KAEAUbig_integer@1@AEBU21@@Z 000000014003633c     libucrt:cfout.obj
 0002:0001034c       $unwind$_ctrlfp            000000014003634c     libucrt:fpctrl.obj
 0002:0001036c       $unwind$_raise_exc_ex      000000014003636c     libucrt:fpexcept.obj
 0002:00010380       $unwind$?_fclose_nolock_internal@@YAHQEAU_iobuf@@AEAV__crt_cached_ptd_host@@@Z 0000000140036380     libucrt:fclose.obj
 0002:00010390       $unwind$?_fclose_internal@@YAHQEAU_iobuf@@AEAV__crt_cached_ptd_host@@@Z 0000000140036390     libucrt:fclose.obj
 0002:000103b4       $unwind$_commit            00000001400363b4     libucrt:commit.obj
 0002:000103bc       $unwind$??$?RV<lambda_a37b2b86f63e897a80ea819b0eb08c01>@@AEAV<lambda_38ce7e780aa69e748d6df282ebc68efe>@@V<lambda_99fb1378e971ab6e7edea83e3a7a83a2>@@@?$__crt_seh_guarded_call@H@@QEAAH$$QEAV<lambda_a37b2b86f63e897a80ea819b0eb08c01>@@AEAV<lambda_38ce7e780aa69e748d6df282ebc68efe>@@$$QEAV<lambda_99fb1378e971ab6e7edea83e3a7a83a2>@@@Z 00000001400363bc     libucrt:commit.obj
 0002:000103e0       $unwind$_write_nolock      00000001400363e0     libucrt:write.obj
 0002:000103f8       $unwind$_write_internal    00000001400363f8     libucrt:write.obj
 0002:00010424       $unwind$?write_double_translated_ansi_nolock@@YA?AUwrite_result@?A0x17268360@@HQEBDIAEAV__crt_cached_ptd_host@@@Z 0000000140036424     libucrt:write.obj
 0002:00010450       $ip2state$?write_double_translated_ansi_nolock@@YA?AUwrite_result@?A0x17268360@@HQEBDIAEAV__crt_cached_ptd_host@@@Z 0000000140036450     libucrt:write.obj
 0002:00010458       $unwind$?write_text_ansi_nolock@@YA?AUwrite_result@?A0x17268360@@HQEBDI@Z 0000000140036458     libucrt:write.obj
 0002:00010458       $unwind$?write_text_utf16le_nolock@@YA?AUwrite_result@?A0x17268360@@HQEBDI@Z 0000000140036458     libucrt:write.obj
 0002:00010478       $unwind$?write_text_utf8_nolock@@YA?AUwrite_result@?A0x17268360@@HQEBDI@Z 0000000140036478     libucrt:write.obj
 0002:0001049c       $unwind$qsort              000000014003649c     libucrt:qsort.obj
 0002:000104b4       $chain$3$qsort             00000001400364b4     libucrt:qsort.obj
 0002:000104d4       $chain$4$qsort             00000001400364d4     libucrt:qsort.obj
 0002:000104e4       $unwind$__acrt_LCMapStringA 00000001400364e4     libucrt:lcmapstringa.obj
 0002:000104f4       $unwind$?__acrt_LCMapStringA_stat@@YAHPEAU__crt_locale_pointers@@PEB_WKPEBDHPEADHHH@Z 00000001400364f4     libucrt:lcmapstringa.obj
 0002:0001051c       $unwind$_msize_base        000000014003651c     libucrt:msize.obj
 0002:00010524       $unwind$_realloc_base      0000000140036524     libucrt:realloc_base.obj
 0002:00010530       $xdatasym$log10            0000000140036530     libucrt:log10.obj
 0002:0001053c       $unwind$__acrt_fenv_set_control 000000014003653c     libucrt:_fenvutils.obj
 0002:00010548       $chain$0$__acrt_fenv_set_control 0000000140036548     libucrt:_fenvutils.obj
 0002:0001055c       $chain$1$__acrt_fenv_set_control 000000014003655c     libucrt:_fenvutils.obj
 0002:0001056c       $unwind$_close_internal    000000014003656c     libucrt:close.obj
 0002:00010574       $unwind$??$?RV<lambda_ad8af0d99a0adf03d037d7dffe354bb5>@@AEAV<lambda_c9ba49e555ba839a7b07aa3fbecb7617>@@V<lambda_2f1ebd5d68526518146ae959c9e734c8>@@@?$__crt_seh_guarded_call@H@@QEAAH$$QEAV<lambda_ad8af0d99a0adf03d037d7dffe354bb5>@@AEAV<lambda_c9ba49e555ba839a7b07aa3fbecb7617>@@$$QEAV<lambda_2f1ebd5d68526518146ae959c9e734c8>@@@Z 0000000140036574     libucrt:close.obj
 0002:00010598       $unwind$_putwch_nolock     0000000140036598     libucrt:putwch.obj
 0002:000105a0       $unwind$_guard_check_icall 00000001400365a0     libucrt:checkcfg.obj
 0002:000105ac       $unwind$common_control87   00000001400365ac     libucrt:ieee.obj
 0002:000105d0       $unwind$__acrt_initialize_fma3 00000001400365d0     libucrt:fma3_available.obj
 0002:000105d8       $unwind$_log_special_common 00000001400365d8     libucrt:log_special.obj
 0002:000105e4       $unwind$__dcrt_write_console 00000001400365e4     libucrt:initcon.obj
 0002:000105f8       $unwind$_IsNonwritableInCurrentImage 00000001400365f8     LIBCMT:pesect.obj
 0002:00010620       $xdatasym                  0000000140036620     LIBCMT:chkstk.obj
 0002:00010ee8       .idata$6                   0000000140036ee8     activeds:ACTIVEDS.dll
 0002:00010f0e       .idata$6                   0000000140036f0e     comctl32:COMCTL32.dll
 0002:00010f40       .idata$6                   0000000140036f40     ole32:ole32.dll
 0002:00010f4a       .idata$6                   0000000140036f4a     oleaut32:OLEAUT32.dll
 0002:0001124e       .idata$6                   000000014003724e     user32:USER32.dll
 0002:0001129a       .idata$6                   000000014003729a     gdi32:GDI32.dll
 0002:000114a4       .idata$6                   00000001400374a4     kernel32:KERNEL32.dll
 0003:00000010       ?_Thread_exit_data_mutex@?A0x7f1b0160@@3Vmutex@std@@A 0000000140038010     libcpmt:xnotify.obj
 0003:000000e0       ?__vcrt_flsindex@@3KA      00000001400380e0     libvcruntime:per_thread_data.obj
 0003:00000210       ?errno_no_memory@@3HA      0000000140038210     libucrt:errno.obj
 0003:00000214       ?doserrno_no_memory@@3KA   0000000140038214     libucrt:errno.obj
 0003:00000218       ?__acrt_flsindex@@3KA      0000000140038218     libucrt:per_thread_data.obj
 0003:000005c0       _mbctypes                  00000001400385c0     libucrt:mbctype.obj
 0003:000006d0       _mbcasemaps                00000001400386d0     libucrt:mbctype.obj
 0003:000007d0       ?__rgctypeflag@@3PADA      00000001400387d0     libucrt:mbctype.obj
 0003:000007e0       ?__rgcode_page_info@@3PAUcode_page_info@@A 00000001400387e0     libucrt:mbctype.obj
 0003:00000974       ?dazSupported@?1??_ctrlfp@@9@9 0000000140038974     libucrt:fpctrl.obj
 0003:00000a80       ?dazSupported@?1??common_control87@@9@9 0000000140038a80     libucrt:ieee.obj
 0003:00000a90       ?__dcrt_lowio_console_output_handle@@3PEAXEA 0000000140038a90     libucrt:initcon.obj
 0003:00000aa0       ?kTypeLabels@?A0xd1b81b73@ith@@3PAPEB_WA 0000000140038aa0     AdQueryTool.obj
 0003:00000c90       ??_R0?AV<lambda_1>@?1??CollectNames@?A0x1f6e8d05@ith@@YA?AV?$vector@UNamedEntry@ith@@V?$allocator@UNamedEntry@ith@@@std@@@std@@PEAUIDirectorySearch@@AEBV?$basic_string@_WU?$char_traits@_W@std@@V?$allocator@_W@2@@5@@Z@@8 0000000140038c90     AdQuery.obj
 0003:00000d80       ??_R0?AV<lambda_1>@?1??RunAdQuery@ith@@YA?AV?$unique_ptr@UAdResult@ith@@U?$default_delete@UAdResult@ith@@@std@@@std@@AEBUAdQueryRequest@2@@Z@@8 0000000140038d80     AdQuery.obj
 0003:00000ef0       ??_R0?AV?$_Func_impl_no_alloc@V<lambda_1>@?1??CollectNames@?A0x1f6e8d05@ith@@YA?AV?$vector@UNamedEntry@ith@@V?$allocator@UNamedEntry@ith@@@std@@@std@@PEAUIDirectorySearch@@AEBV?$basic_string@_WU?$char_traits@_W@std@@V?$allocator@_W@2@@6@@Z@XPEAX@std@@@8 0000000140038ef0     AdQuery.obj
 0003:00001030       ??_R0?AV?$_Func_impl_no_alloc@V<lambda_1>@?1??RunAdQuery@ith@@YA?AV?$unique_ptr@UAdResult@ith@@U?$default_delete@UAdResult@ith@@@std@@@std@@AEBUAdQueryRequest@3@@Z@XPEAX@std@@@8 0000000140039030     AdQuery.obj
 0003:00001140       ?_Thread_exit_data@?A0x7f1b0160@@3U_At_thread_exit_block@1@A 0000000140039140     libcpmt:xnotify.obj
 0003:00001488       ?is_initialized_as_dll@@3_NA 0000000140039488     LIBCMT:utility.obj
 0003:00001489       ?module_local_atexit_table_initialized@@3_NA 0000000140039489     LIBCMT:utility.obj
 0003:00001490       ?module_local_atexit_table@@3U_onexit_table_t@@A 0000000140039490     LIBCMT:utility.obj
 0003:000014a8       ?module_local_at_quick_exit_table@@3U_onexit_table_t@@A 00000001400394a8     LIBCMT:utility.obj
 0003:000014f0       ?__vcrt_startup_thread_ptd@@3U__vcrt_ptd@@A 00000001400394f0     libvcruntime:per_thread_data.obj
 0003:00001578       __vcrt_lock_table          0000000140039578     libvcruntime:locks.obj
 0003:000015a0       __vcrt_locks_initialized   00000001400395a0     libvcruntime:locks.obj
 0003:000015b8       ?__acrt_new_handler@@3V?$dual_state_global@P6AH_K@Z@__crt_state_management@@A 00000001400395b8     libucrt:new_handler.obj
 0003:000015c0       ?__acrt_app_type@@3W4_crt_app_type@@A 00000001400395c0     libucrt:report_runtime_error.obj
 0003:000015c8       ?user_matherr@@3V?$dual_state_global@P6AHPEAU_exception@@@Z@__crt_state_management@@A 00000001400395c8     libucrt:matherr.obj
 0003:000015d0       ?program_name@?1???$common_configure_argv@_W@@YAHW4_crt_argv_mode@@@Z@4PA_WA 00000001400395d0     libucrt:argv_parsing.obj
 0003:00001800       ?empty_string@?1???$common_wincmdln@_W@@YAPEA_WXZ@4PA_WA 0000000140039800     libucrt:argv_winmain.obj
 0003:00001804       ?c_termination_complete@@3JA 0000000140039804     libucrt:exit.obj
 0003:00001808       ?thread_local_exit_callback_func@@3P6AXPEAXK0@ZEA 0000000140039808     libucrt:exit.obj
 0003:00001810       ?c_exit_complete@?1???R<lambda_6e4b09c48022b2350581041d5f6b0c4c>@@QEBA@XZ@4_NA 0000000140039810     libucrt:exit.obj
 0003:00001818       ?__acrt_global_new_mode@@3V?$dual_state_global@J@__crt_state_management@@A 0000000140039818     libucrt:new_mode.obj
 0003:00001850       ?__acrt_invalid_parameter_handler@@3V?$dual_state_global@P6AXPEB_W00I_K@Z@__crt_state_management@@A 0000000140039850     libucrt:invalid_parameter.obj
 0003:00001858       ?internal_state@?1??_mbtowc_internal@@9@4U_Mbstatet@@A 0000000140039858     libucrt:mbtowc.obj
 0003:00001860       ?internal_pst@?1??__mbrtoc32_utf8@__crt_mbstring@@YA_KPEA_UPEBD_KPEAU_Mbstatet@@AEAV__crt_cached_ptd_host@@@Z@4U3@A 0000000140039860     libucrt:mbrtoc32.obj
 0003:00001868       ?enable_percent_n@@3_KA    0000000140039868     libucrt:printf_count_output.obj
 0003:00001ca0       ?module_handles@@3PAPEAUHINSTANCE__@@A 0000000140039ca0     libucrt:winapi_thunks.obj
 0003:00001d58       ?state_cache@?1???$get_cached_win_policy@Ubegin_thread_init_policy_properties@?1??__acrt_get_begin_thread_init_policy@@YA?AW4begin_thread_init_policy@@XZ@@@YA?AW4begin_thread_init_policy@@W4AppPolicyThreadInitializationType@@@Z@4JA 0000000140039d58     libucrt:win_policies.obj
 0003:00001d60       ?ctrlc_action@@3V?$dual_state_global@P6AXH@Z@__crt_state_management@@A 0000000140039d60     libucrt:signal.obj
 0003:00001d68       ?ctrlbreak_action@@3V?$dual_state_global@P6AXH@Z@__crt_state_management@@A 0000000140039d68     libucrt:signal.obj
 0003:00001d70       ?abort_action@@3V?$dual_state_global@P6AXH@Z@__crt_state_management@@A 0000000140039d70     libucrt:signal.obj
 0003:00001d78       ?term_action@@3V?$dual_state_global@P6AXH@Z@__crt_state_management@@A 0000000140039d78     libucrt:signal.obj
 0003:00001d80       ?__acrt_lock_table@@3PAU_RTL_CRITICAL_SECTION@@A 0000000140039d80     libucrt:locks.obj
 0003:00001fd8       ?__acrt_locks_initialized@@3IA 0000000140039fd8     libucrt:locks.obj
 0003:00001ff8       ?fSystemSet@@3HA           0000000140039ff8     libucrt:mbctype.obj
 0003:00001ffc       ?initialized@?1??__acrt_initialize_multibyte@@9@4_NA 0000000140039ffc     libucrt:mbctype.obj
 0003:00002060       ?done@?1??EnsureClasses@AdQueryView@ith@@CAXPEAUHINSTANCE__@@@Z@4_NA 000000014003a060     AdQueryTool.obj
 0003:00002068       ?currentTool@?A0x788d576c@ith@@3PEAVITool@2@EA 000000014003a068     Shell.obj
 0005:00000000       ?function_pointers@@3PAPEAXA 000000014003d000     libucrt:winapi_thunks.obj
 0006:00000130       $R000000                   000000014003e130     ITHelper.res
 0006:00000418       $R0002E8                   000000014003e418     ITHelper.res
 0006:00000430       $R000300                   000000014003e430     ITHelper.res
 0006:000007a0       $R000670                   000000014003e7a0     ITHelper.res
