 ITHelper

 Timestamp is 6a3e42d5 (Fri Jun 26 12:13:57 2026)

 Preferred load address is 0000000140000000

 Start         Length     Name                   Class
 0001:00000000 000236f0H .text$mn                CODE
 0001:000236f0 00000060H .text$mn$00             CODE
 0001:00023750 00000b20H .text$mn$21             CODE
 0001:00024270 00000f00H .text$x                 CODE
 0002:00000000 000004b8H .idata$5                DATA
 0002:000004b8 00000038H .00cfg                  DATA
 0002:000004f0 00000008H .CRT$XCA                DATA
 0002:000004f8 00000008H .CRT$XCAA               DATA
 0002:00000500 00000008H .CRT$XCZ                DATA
 0002:00000508 00000008H .CRT$XIA                DATA
 0002:00000510 00000008H .CRT$XIAA               DATA
 0002:00000518 00000008H .CRT$XIAC               DATA
 0002:00000520 00000020H .CRT$XIC                DATA
 0002:00000540 00000008H .CRT$XIZ                DATA
 0002:00000548 00000008H .CRT$XPA                DATA
 0002:00000550 00000010H .CRT$XPX                DATA
 0002:00000560 00000008H .CRT$XPXA               DATA
 0002:00000568 00000008H .CRT$XPZ                DATA
 0002:00000570 00000008H .CRT$XTA                DATA
 0002:00000578 00000008H .CRT$XTZ                DATA
 0002:00000580 00000000H .gehcont$y              DATA
 0002:00000580 00000000H .gfids$y                DATA
 0002:00000580 0000cc80H .rdata                  DATA
 0002:0000d200 00000180H .rdata$00               DATA
 0002:0000d380 00000000H .rdata$CastGuardVftablesA DATA
 0002:0000d380 00000000H .rdata$CastGuardVftablesC DATA
 0002:0000d380 000009dcH .rdata$r                DATA
 0002:0000dd5c 000000ecH .rdata$voltmd           DATA
 0002:0000de48 00000370H .rdata$zzzdbg           DATA
 0002:0000e1b8 00000008H .rtc$IAA                DATA
 0002:0000e1c0 00000008H .rtc$IZZ                DATA
 0002:0000e1c8 00000008H .rtc$TAA                DATA
 0002:0000e1d0 00000008H .rtc$TZZ                DATA
 0002:0000e1d8 000024f8H .xdata                  DATA
 0002:000106d0 00000364H .xdata$x                DATA
 0002:00010a34 00000000H .edata                  DATA
 0002:00010a34 0000008cH .idata$2                DATA
 0002:00010ac0 00000018H .idata$3                DATA
 0002:00010ad8 000004b8H .idata$4                DATA
 0002:00010f90 000009eeH .idata$6                DATA
 0003:00000000 00000ac0H .data                   DATA
 0003:00000ac0 00000360H .data$r                 DATA
 0003:00000e20 00000320H .data$rs                DATA
 0003:00001140 00000f48H .bss                    DATA
 0004:00000000 00001d34H .pdata                  DATA
 0005:00000000 00000100H .fptable                DATA
 0006:00000000 00000130H .rsrc$01                DATA
 0006:00000130 00000cc0H .rsrc$02                DATA

  Address         Publics by Value              Rva+Base               Lib:Object

 0000:00000000       __AbsoluteZero             0000000000000000     <absolute>
 0000:00000000       ___safe_se_handler_count   0000000000000000     <absolute>
 0000:00000000       ___safe_se_handler_table   0000000000000000     <absolute>
 0000:00000000       __arm64x_extra_rfe_table   0000000000000000     <absolute>
 0000:00000000       __arm64x_extra_rfe_table_size 0000000000000000     <absolute>
 0000:00000000       __arm64x_native_entrypoint 0000000000000000     <absolute>
 0000:00000000       __arm64x_redirection_metadata 0000000000000000     <absolute>
 0000:00000000       __arm64x_redirection_metadata_count 0000000000000000     <absolute>
 0000:00000000       __dynamic_value_reloc_table 0000000000000000     <absolute>
 0000:00000000       __enclave_config           0000000000000000     <absolute>
 0000:00000000       __guard_check_icall_a64n_fptr 0000000000000000     <absolute>
 0000:00000000       __guard_eh_cont_count      0000000000000000     <absolute>
 0000:00000000       __guard_eh_cont_table      0000000000000000     <absolute>
 0000:00000000       __guard_fids_count         0000000000000000     <absolute>
 0000:00000000       __guard_fids_table         0000000000000000     <absolute>
 0000:00000000       __guard_iat_count          0000000000000000     <absolute>
 0000:00000000       __guard_iat_table          0000000000000000     <absolute>
 0000:00000000       __guard_longjmp_count      0000000000000000     <absolute>
 0000:00000000       __guard_longjmp_table      0000000000000000     <absolute>
 0000:00000000       __hybrid_auxiliary_delayload_iat 0000000000000000     <absolute>
 0000:00000000       __hybrid_auxiliary_delayload_iat_copy 0000000000000000     <absolute>
 0000:00000000       __hybrid_auxiliary_iat     0000000000000000     <absolute>
 0000:00000000       __hybrid_auxiliary_iat_copy 0000000000000000     <absolute>
 0000:00000000       __hybrid_code_map          0000000000000000     <absolute>
 0000:00000000       __hybrid_code_map_count    0000000000000000     <absolute>
 0000:00000000       __hybrid_image_info_bitfield 0000000000000000     <absolute>
 0000:00000000       __x64_code_ranges_to_entry_points 0000000000000000     <absolute>
 0000:00000000       __x64_code_ranges_to_entry_points_count 0000000000000000     <absolute>
 0000:00000100       __guard_flags              0000000000000100     <absolute>
 0000:00000000       __ImageBase                0000000140000000     <linker-defined>
 0001:00000000       __local_stdio_printf_options 0000000140001000 f i main.obj
 0001:00000008       swprintf                   0000000140001008 f i main.obj
 0001:00000164       wWinMain                   0000000140001164 f   main.obj
 0001:00000790       ??0exception@std@@QEAA@AEBV01@@Z 0000000140001790 f i Shell.obj
 0001:000007c4       ?what@exception@std@@UEBAPEBDXZ 00000001400017c4 f i Shell.obj
 0001:000007e0       ??_Ebad_alloc@std@@UEAAPEAXI@Z 00000001400017e0 f i * CIL library *:* CIL module *
 0001:000007e0       ??_Ebad_array_new_length@std@@UEAAPEAXI@Z 00000001400017e0 f i * CIL library *:* CIL module *
 0001:000007e0       ??_Ebad_exception@std@@UEAAPEAXI@Z 00000001400017e0 f i libvcruntime:frame.obj
 0001:000007e0       ??_Ebad_function_call@std@@UEAAPEAXI@Z 00000001400017e0 f i libcpmt:xthrow.obj
 0001:000007e0       ??_Eexception@std@@UEAAPEAXI@Z 00000001400017e0 f i * CIL library *:* CIL module *
 0001:000007e0       ??_Elength_error@std@@UEAAPEAXI@Z 00000001400017e0 f i libcpmt:xthrow.obj
 0001:000007e0       ??_Elogic_error@std@@UEAAPEAXI@Z 00000001400017e0 f i libcpmt:xthrow.obj
 0001:000007e0       ??_Eout_of_range@std@@UEAAPEAXI@Z 00000001400017e0 f i libcpmt:xthrow.obj
 0001:000007e0       ??_Eruntime_error@std@@UEAAPEAXI@Z 00000001400017e0 f i libcpmt:xthrow.obj
 0001:000007e0       ??_Gbad_alloc@std@@UEAAPEAXI@Z 00000001400017e0 f i Shell.obj
 0001:000007e0       ??_Gbad_array_new_length@std@@UEAAPEAXI@Z 00000001400017e0 f i Shell.obj
 0001:000007e0       ??_Gbad_exception@std@@UEAAPEAXI@Z 00000001400017e0 f i libvcruntime:frame.obj
 0001:000007e0       ??_Gbad_function_call@std@@UEAAPEAXI@Z 00000001400017e0 f i libcpmt:xthrow.obj
 0001:000007e0       ??_Gexception@std@@UEAAPEAXI@Z 00000001400017e0 f i Shell.obj
 0001:000007e0       ??_Glength_error@std@@UEAAPEAXI@Z 00000001400017e0 f i libcpmt:xthrow.obj
 0001:000007e0       ??_Glogic_error@std@@UEAAPEAXI@Z 00000001400017e0 f i libcpmt:xthrow.obj
 0001:000007e0       ??_Gout_of_range@std@@UEAAPEAXI@Z 00000001400017e0 f i libcpmt:xthrow.obj
 0001:000007e0       ??_Gruntime_error@std@@UEAAPEAXI@Z 00000001400017e0 f i libcpmt:xthrow.obj
 0001:00000830       ??1bad_alloc@std@@UEAA@XZ  0000000140001830 f i Shell.obj
 0001:00000830       ??1bad_array_new_length@std@@UEAA@XZ 0000000140001830 f i Shell.obj
 0001:00000830       ??1bad_exception@std@@UEAA@XZ 0000000140001830 f i libvcruntime:frame.obj
 0001:00000830       ??1bad_function_call@std@@UEAA@XZ 0000000140001830 f i libcpmt:xthrow.obj
 0001:00000830       ??1length_error@std@@UEAA@XZ 0000000140001830 f i libcpmt:xthrow.obj
 0001:00000830       ??1out_of_range@std@@UEAA@XZ 0000000140001830 f i libcpmt:xthrow.obj
 0001:00000830       ??1system_error@std@@UEAA@XZ 0000000140001830 f i libcpmt:thread0.obj
 0001:00000844       ??0bad_array_new_length@std@@QEAA@XZ 0000000140001844 f i Shell.obj
 0001:00000870       ?_Throw_bad_array_new_length@std@@YAXXZ 0000000140001870 f i Shell.obj
 0001:00000870       ?__scrt_throw_std_bad_array_new_length@@YAXXZ 0000000140001870 f i LIBCMT:throw_bad_alloc.obj
 0001:00000890       ??0bad_array_new_length@std@@QEAA@AEBV01@@Z 0000000140001890 f i Shell.obj
 0001:000008cc       ??0bad_alloc@std@@QEAA@AEBV01@@Z 00000001400018cc f i Shell.obj
 0001:00000908       ?_Xlen_string@std@@YAXXZ   0000000140001908 f i Shell.obj
 0001:0000091c       ?Name@AdQueryTool@ith@@UEBA?AV?$basic_string@_WU?$char_traits@_W@std@@V?$allocator@_W@2@@std@@XZ 000000014000191c f i Shell.obj
 0001:0000095c       ?Category@AdQueryTool@ith@@UEBA?AV?$basic_string@_WU?$char_traits@_W@std@@V?$allocator@_W@2@@std@@XZ 000000014000195c f i Shell.obj
 0001:0000099c       ?_Throw_tree_length_error@std@@YAXXZ 000000014000199c f i Shell.obj
 0001:000009b0       ??1?$unordered_map@PEAVITool@ith@@V?$unique_ptr@VToolView@ith@@U?$default_delete@VToolView@ith@@@std@@@std@@U?$hash@PEAVITool@ith@@@4@U?$equal_to@PEAVITool@ith@@@4@V?$allocator@U?$pair@QEAVITool@ith@@V?$unique_ptr@VToolView@ith@@U?$default_delete@VToolView@ith@@@std@@@std@@@std@@@4@@std@@QEAA@XZ 00000001400019b0 f i Shell.obj
 0001:000009d0       ??1Shell@ith@@QEAA@XZ      00000001400019d0 f   Shell.obj
 0001:00000a08       ?RecreateFont@Shell@ith@@AEAAXXZ 0000000140001a08 f   Shell.obj
 0001:00000b10       ??1?$map@V?$basic_string@_WU?$char_traits@_W@std@@V?$allocator@_W@2@@std@@PEAU_TREEITEM@@U?$less@V?$basic_string@_WU?$char_traits@_W@std@@V?$allocator@_W@2@@std@@@2@V?$allocator@U?$pair@$$CBV?$basic_string@_WU?$char_traits@_W@std@@V?$allocator@_W@2@@std@@PEAU_TREEITEM@@@std@@@2@@std@@QEAA@XZ 0000000140001b10 f i Shell.obj
 0001:00000b18       ?SelectTool@Shell@ith@@AEAAXPEAVITool@2@@Z 0000000140001b18 f   Shell.obj
 0001:00000fc4       ?Layout@Shell@ith@@AEAAXXZ 0000000140001fc4 f   Shell.obj
 0001:00001098       ?WndProc@Shell@ith@@CA_JPEAUHWND__@@I_K_J@Z 0000000140002098 f   Shell.obj
 0001:00001a18       ??1?$_Tree@V?$_Tmap_traits@V?$basic_string@_WU?$char_traits@_W@std@@V?$allocator@_W@2@@std@@PEAU_TREEITEM@@U?$less@V?$basic_string@_WU?$char_traits@_W@std@@V?$allocator@_W@2@@std@@@2@V?$allocator@U?$pair@$$CBV?$basic_string@_WU?$char_traits@_W@std@@V?$allocator@_W@2@@std@@PEAU_TREEITEM@@@std@@@2@$0A@@std@@@std@@QEAA@XZ 0000000140002a18 f i Shell.obj
 0001:00001a80       ??1?$unique_ptr@VAdQueryTool@ith@@U?$default_delete@VAdQueryTool@ith@@@std@@@std@@QEAA@XZ 0000000140002a80 f i Shell.obj
 0001:00001a80       ??1?$unique_ptr@VITool@ith@@U?$default_delete@VITool@ith@@@std@@@std@@QEAA@XZ 0000000140002a80 f i Shell.obj
 0001:00001a80       ??1?$unique_ptr@VToolView@ith@@U?$default_delete@VToolView@ith@@@std@@@std@@QEAA@XZ 0000000140002a80 f i Shell.obj
 0001:00001a9c       ??1?$_Hash_vec@V?$allocator@V?$_List_unchecked_iterator@V?$_List_val@U?$_List_simple_types@U?$pair@QEAVITool@ith@@V?$unique_ptr@VToolView@ith@@U?$default_delete@VToolView@ith@@@std@@@std@@@std@@@std@@@std@@@std@@@std@@@std@@QEAA@XZ 0000000140002a9c f i Shell.obj
 0001:00001a9c       ??1?$vector@PEA_WV?$allocator@PEA_W@std@@@std@@QEAA@XZ 0000000140002a9c f i AdQuery.obj
 0001:00001a9c       ??1?$vector@PEB_WV?$allocator@PEB_W@std@@@std@@QEAA@XZ 0000000140002a9c f i AdQuery.obj
 0001:00001b08       ??1?$list@U?$pair@QEAVITool@ith@@V?$unique_ptr@VToolView@ith@@U?$default_delete@VToolView@ith@@@std@@@std@@@std@@V?$allocator@U?$pair@QEAVITool@ith@@V?$unique_ptr@VToolView@ith@@U?$default_delete@VToolView@ith@@@std@@@std@@@std@@@2@@std@@QEAA@XZ 0000000140002b08 f i Shell.obj
 0001:00001b78       ?clear@?$_Hash@V?$_Umap_traits@PEAVITool@ith@@V?$unique_ptr@VToolView@ith@@U?$default_delete@VToolView@ith@@@std@@@std@@V?$_Uhash_compare@PEAVITool@ith@@U?$hash@PEAVITool@ith@@@std@@U?$equal_to@PEAVITool@ith@@@4@@4@V?$allocator@U?$pair@QEAVITool@ith@@V?$unique_ptr@VToolView@ith@@U?$default_delete@VToolView@ith@@@std@@@std@@@std@@@4@$0A@@std@@@std@@QEAAXXZ 0000000140002b78 f i Shell.obj
 0001:00001dbc       ??1?$vector@V?$unique_ptr@VITool@ith@@U?$default_delete@VITool@ith@@@std@@@std@@V?$allocator@V?$unique_ptr@VITool@ith@@U?$default_delete@VITool@ith@@@std@@@std@@@2@@std@@QEAA@XZ 0000000140002dbc f i Shell.obj
 0001:00001dc4       ??1?$basic_string@_WU?$char_traits@_W@std@@V?$allocator@_W@2@@std@@QEAA@XZ 0000000140002dc4 f i Shell.obj
 0001:00001e30       ??0?$basic_string@_WU?$char_traits@_W@std@@V?$allocator@_W@2@@std@@QEAA@QEB_W@Z 0000000140002e30 f i Shell.obj
 0001:00001e7c       ??_EAdQueryTool@ith@@UEAAPEAXI@Z 0000000140002e7c f i * CIL library *:* CIL module *
 0001:00001e7c       ??_GAdQueryTool@ith@@UEAAPEAXI@Z 0000000140002e7c f i Shell.obj
 0001:00001ea0       ??$_Construct@$00PEB_W@?$basic_string@_WU?$char_traits@_W@std@@V?$allocator@_W@2@@std@@AEAAXQEB_W_K@Z 0000000140002ea0 f i Shell.obj
 0001:00001f90       ??1?$_List_node_emplace_op2@V?$allocator@U?$_List_node@U?$pair@QEAVITool@ith@@V?$unique_ptr@VToolView@ith@@U?$default_delete@VToolView@ith@@@std@@@std@@@std@@PEAX@std@@@std@@@std@@QEAA@XZ 0000000140002f90 f i Shell.obj
 0001:00001fd0       ?_Tidy@?$vector@V?$unique_ptr@VITool@ith@@U?$default_delete@VITool@ith@@@std@@@std@@V?$allocator@V?$unique_ptr@VITool@ith@@U?$default_delete@VITool@ith@@@std@@@std@@@2@@std@@AEAAXXZ 0000000140002fd0 f i Shell.obj
 0001:00002080       ??$_Find_lower_bound@V?$basic_string@_WU?$char_traits@_W@std@@V?$allocator@_W@2@@std@@@?$_Tree@V?$_Tmap_traits@V?$basic_string@_WU?$char_traits@_W@std@@V?$allocator@_W@2@@std@@PEAU_TREEITEM@@U?$less@V?$basic_string@_WU?$char_traits@_W@std@@V?$allocator@_W@2@@std@@@2@V?$allocator@U?$pair@$$CBV?$basic_string@_WU?$char_traits@_W@std@@V?$allocator@_W@2@@std@@PEAU_TREEITEM@@@std@@@2@$0A@@std@@@std@@IEBA?AU?$_Tree_find_result@PEAU?$_Tree_node@U?$pair@$$CBV?$basic_string@_WU?$char_traits@_W@std@@V?$allocator@_W@2@@std@@PEAU_TREEITEM@@@std@@PEAX@std@@@1@AEBV?$basic_string@_WU?$char_traits@_W@std@@V?$allocator@_W@2@@1@@Z 0000000140003080 f i Shell.obj
 0001:0000215c       ??$_Erase_tree@V?$allocator@U?$_Tree_node@U?$pair@$$CBV?$basic_string@_WU?$char_traits@_W@std@@V?$allocator@_W@2@@std@@PEAU_TREEITEM@@@std@@PEAX@std@@@std@@@?$_Tree_val@U?$_Tree_simple_types@U?$pair@$$CBV?$basic_string@_WU?$char_traits@_W@std@@V?$allocator@_W@2@@std@@PEAU_TREEITEM@@@std@@@std@@@std@@QEAAXAEAV?$allocator@U?$_Tree_node@U?$pair@$$CBV?$basic_string@_WU?$char_traits@_W@std@@V?$allocator@_W@2@@std@@PEAU_TREEITEM@@@std@@PEAX@std@@@1@PEAU?$_Tree_node@U?$pair@$$CBV?$basic_string@_WU?$char_traits@_W@std@@V?$allocator@_W@2@@std@@PEAU_TREEITEM@@@std@@PEAX@1@@Z 000000014000315c f i Shell.obj
 0001:000021b0       ??1?$_Alloc_construct_ptr@V?$allocator@U?$_List_node@U?$pair@QEAVITool@ith@@V?$unique_ptr@VToolView@ith@@U?$default_delete@VToolView@ith@@@std@@@std@@@std@@PEAX@std@@@std@@@std@@QEAA@XZ 00000001400031b0 f i Shell.obj
 0001:000021cc       ?_Assign_grow@?$_Hash_vec@V?$allocator@V?$_List_unchecked_iterator@V?$_List_val@U?$_List_simple_types@U?$pair@QEAVITool@ith@@V?$unique_ptr@VToolView@ith@@U?$default_delete@VToolView@ith@@@std@@@std@@@std@@@std@@@std@@@std@@@std@@@std@@QEAAX_KV?$_List_unchecked_iterator@V?$_List_val@U?$_List_simple_types@U?$pair@QEAVITool@ith@@V?$unique_ptr@VToolView@ith@@U?$default_delete@VToolView@ith@@@std@@@std@@@std@@@std@@@std@@@2@@Z 00000001400031cc f i Shell.obj
 0001:000022f8       ??1?$_Alloc_construct_ptr@V?$allocator@U?$_Tree_node@U?$pair@$$CBV?$basic_string@_WU?$char_traits@_W@std@@V?$allocator@_W@2@@std@@PEAU_TREEITEM@@@std@@PEAX@std@@@std@@@std@@QEAA@XZ 00000001400032f8 f i Shell.obj
 0001:000022f8       ??1?$_Tree_temp_node_alloc@V?$allocator@U?$_Tree_node@U?$pair@$$CBV?$basic_string@_WU?$char_traits@_W@std@@V?$allocator@_W@2@@std@@PEAU_TREEITEM@@@std@@PEAX@std@@@std@@@std@@QEAA@XZ 00000001400032f8 f i Shell.obj
 0001:00002314       ??1_Reallocation_guard2@?$vector@V?$unique_ptr@VITool@ith@@U?$default_delete@VITool@ith@@@std@@@std@@V?$allocator@V?$unique_ptr@VITool@ith@@U?$default_delete@VITool@ith@@@std@@@std@@@2@@std@@QEAA@XZ 0000000140003314 f i Shell.obj
 0001:000023a4       ?_Xlength@?$vector@EV?$allocator@E@std@@@std@@CAXXZ 00000001400033a4 f i AdQuery.obj
 0001:000023a4       ?_Xlength@?$vector@PEA_WV?$allocator@PEA_W@std@@@std@@CAXXZ 00000001400033a4 f i AdQuery.obj
 0001:000023a4       ?_Xlength@?$vector@PEB_WV?$allocator@PEB_W@std@@@std@@CAXXZ 00000001400033a4 f i AdQuery.obj
 0001:000023a4       ?_Xlength@?$vector@UInfoPair@ith@@V?$allocator@UInfoPair@ith@@@std@@@std@@CAXXZ 00000001400033a4 f i AdQuery.obj
 0001:000023a4       ?_Xlength@?$vector@UNamedEntry@ith@@V?$allocator@UNamedEntry@ith@@@std@@@std@@CAXXZ 00000001400033a4 f i AdQuery.obj
 0001:000023a4       ?_Xlength@?$vector@V?$basic_string@_WU?$char_traits@_W@std@@V?$allocator@_W@2@@std@@V?$allocator@V?$basic_string@_WU?$char_traits@_W@std@@V?$allocator@_W@2@@std@@@2@@std@@CAXXZ 00000001400033a4 f i AdQuery.obj
 0001:000023a4       ?_Xlength@?$vector@V?$unique_ptr@VITool@ith@@U?$default_delete@VITool@ith@@@std@@@std@@V?$allocator@V?$unique_ptr@VITool@ith@@U?$default_delete@VITool@ith@@@std@@@std@@@2@@std@@CAXXZ 00000001400033a4 f i Shell.obj
 0001:000023b8       ??$_Allocate_manually_vector_aligned@U_Default_allocate_traits@std@@@std@@YAPEAX_K@Z 00000001400033b8 f i Shell.obj
 0001:000023f4       ??0?$basic_string@_WU?$char_traits@_W@std@@V?$allocator@_W@2@@std@@QEAA@AEBV01@@Z 00000001400033f4 f i Shell.obj
 0001:000024e8       ??1BstrPtr@ith@@QEAA@XZ    00000001400034e8 f i AdQuery.obj
 0001:0000250c       ??1VariantPtr@ith@@QEAA@XZ 000000014000350c f i AdQuery.obj
 0001:00002514       ?LdapEscape@ith@@YA?AV?$basic_string@_WU?$char_traits@_W@std@@V?$allocator@_W@2@@std@@AEBV23@@Z 0000000140003514 f i AdQuery.obj
 0001:000027d4       ?BytesToLdapFilter@ith@@YA?AV?$basic_string@_WU?$char_traits@_W@std@@V?$allocator@_W@2@@std@@AEBV?$vector@EV?$allocator@E@std@@@3@@Z 00000001400037d4 f i AdQuery.obj
 0001:00002c64       ??1?$optional@V?$vector@EV?$allocator@E@std@@@std@@@std@@QEAA@XZ 0000000140003c64 f i AdQuery.obj
 0001:00002c78       ?FileTime64ToString@ith@@YA?AV?$basic_string@_WU?$char_traits@_W@std@@V?$allocator@_W@2@@std@@_J@Z 0000000140003c78 f i AdQuery.obj
 0001:00003194       ??1?$optional@V?$basic_string@_WU?$char_traits@_W@std@@V?$allocator@_W@2@@std@@@std@@QEAA@XZ 0000000140004194 f i AdQuery.obj
 0001:00003850       ??1NamedEntry@ith@@QEAA@XZ 0000000140004850 f i AdQuery.obj
 0001:00003858       ??1?$_Func_class@XPEAX@std@@QEAA@XZ 0000000140004858 f i AdQuery.obj
 0001:00003858       ??1?$function@$$A6AXPEAX@Z@std@@QEAA@XZ 0000000140004858 f i AdQuery.obj
 0001:00003914       ?RunAdQuery@ith@@YA?AV?$unique_ptr@UAdResult@ith@@U?$default_delete@UAdResult@ith@@@std@@@std@@AEBUAdQueryRequest@1@@Z 0000000140004914 f   AdQuery.obj
 0001:000061e0       ??1InfoPair@ith@@QEAA@XZ   00000001400071e0 f i AdQuery.obj
 0001:00006200       ??$?H_WU?$char_traits@_W@std@@V?$allocator@_W@1@@std@@YA?AV?$basic_string@_WU?$char_traits@_W@std@@V?$allocator@_W@2@@0@$$QEAV10@QEB_W@Z 0000000140007200 f i AdQuery.obj
 0001:0000627c       ??$emplace_back@AEBQEA_W@?$vector@V?$basic_string@_WU?$char_traits@_W@std@@V?$allocator@_W@2@@std@@V?$allocator@V?$basic_string@_WU?$char_traits@_W@std@@V?$allocator@_W@2@@std@@@2@@std@@QEAAAEAV?$basic_string@_WU?$char_traits@_W@std@@V?$allocator@_W@2@@1@AEBQEA_W@Z 000000014000727c f i AdQuery.obj
 0001:0000656c       ??$?H_WU?$char_traits@_W@std@@V?$allocator@_W@1@@std@@YA?AV?$basic_string@_WU?$char_traits@_W@std@@V?$allocator@_W@2@@0@QEB_WAEBV10@@Z 000000014000756c f i AdQuery.obj
 0001:000065e0       ??$?H_WU?$char_traits@_W@std@@V?$allocator@_W@1@@std@@YA?AV?$basic_string@_WU?$char_traits@_W@std@@V?$allocator@_W@2@@0@QEB_W$$QEAV10@@Z 00000001400075e0 f i AdQuery.obj
 0001:0000683c       ??$?H_WU?$char_traits@_W@std@@V?$allocator@_W@1@@std@@YA?AV?$basic_string@_WU?$char_traits@_W@std@@V?$allocator@_W@2@@0@$$QEAV10@AEBV10@@Z 000000014000783c f i AdQuery.obj
 0001:00006950       ??$?0AEAV?$basic_string@_WU?$char_traits@_W@std@@V?$allocator@_W@2@@std@@$0A@@?$optional@V?$basic_string@_WU?$char_traits@_W@std@@V?$allocator@_W@2@@std@@@std@@QEAA@AEAV?$basic_string@_WU?$char_traits@_W@std@@V?$allocator@_W@2@@1@@Z 0000000140007950 f i AdQuery.obj
 0001:0000696c       ??0?$vector@PEB_WV?$allocator@PEB_W@std@@@std@@QEAA@V?$initializer_list@PEB_W@1@AEBV?$allocator@PEB_W@1@@Z 000000014000796c f i AdQuery.obj
 0001:00006a3c       ??1?$ComPtr@UIADs@@@WRL@Microsoft@@QEAA@XZ 0000000140007a3c f i AdQuery.obj
 0001:00006a3c       ??1?$ComPtr@UIDirectorySearch@@@WRL@Microsoft@@QEAA@XZ 0000000140007a3c f i AdQuery.obj
 0001:00006a60       ??1?$vector@V?$basic_string@_WU?$char_traits@_W@std@@V?$allocator@_W@2@@std@@V?$allocator@V?$basic_string@_WU?$char_traits@_W@std@@V?$allocator@_W@2@@std@@@2@@std@@QEAA@XZ 0000000140007a60 f i AdQuery.obj
 0001:00006a68       ??1?$vector@EV?$allocator@E@std@@@std@@QEAA@XZ 0000000140007a68 f i AdQuery.obj
 0001:00006acc       ??0?$vector@EV?$allocator@E@std@@@std@@QEAA@AEBV01@@Z 0000000140007acc f i AdQuery.obj
 0001:00006b78       ??1?$unique_ptr@UAdResult@ith@@U?$default_delete@UAdResult@ith@@@std@@@std@@QEAA@XZ 0000000140007b78 f i AdQuery.obj
 0001:00006bcc       ?push_back@?$vector@UNamedEntry@ith@@V?$allocator@UNamedEntry@ith@@@std@@@std@@QEAAX$$QEAUNamedEntry@ith@@@Z 0000000140007bcc f i AdQuery.obj
 0001:00006f0c       ??1?$vector@UNamedEntry@ith@@V?$allocator@UNamedEntry@ith@@@std@@@std@@QEAA@XZ 0000000140007f0c f i AdQuery.obj
 0001:00006f14       ?push_back@?$vector@UInfoPair@ith@@V?$allocator@UInfoPair@ith@@@std@@@std@@QEAAX$$QEAUInfoPair@ith@@@Z 0000000140007f14 f i AdQuery.obj
 0001:0000719c       ?reserve@?$basic_string@_WU?$char_traits@_W@std@@V?$allocator@_W@2@@std@@QEAAX_K@Z 000000014000819c f i AdQuery.obj
 0001:000072dc       ??4?$basic_string@_WU?$char_traits@_W@std@@V?$allocator@_W@2@@std@@QEAAAEAV01@$$QEAV01@@Z 00000001400082dc f i AdQuery.obj
 0001:00007c14       ??$_Assign@_W@?$basic_string@_WU?$char_traits@_W@std@@V?$allocator@_W@2@@std@@AEAAAEAV01@QEB_W_K@Z 0000000140008c14 f i AdQuery.obj
 0001:00007d74       ?_Tidy@?$vector@V?$basic_string@_WU?$char_traits@_W@std@@V?$allocator@_W@2@@std@@V?$allocator@V?$basic_string@_WU?$char_traits@_W@std@@V?$allocator@_W@2@@std@@@2@@std@@AEAAXXZ 0000000140008d74 f i AdQuery.obj
 0001:00007e0c       ?_Tidy@?$vector@UNamedEntry@ith@@V?$allocator@UNamedEntry@ith@@@std@@@std@@AEAAXXZ 0000000140008e0c f i AdQuery.obj
 0001:00007ec8       ??1?$vector@UInfoPair@ith@@V?$allocator@UInfoPair@ith@@@std@@@std@@QEAA@XZ 0000000140008ec8 f i AdQuery.obj
 0001:00007f68       ??0?$basic_string@_WU?$char_traits@_W@std@@V?$allocator@_W@2@@std@@QEAA@U_String_constructor_concat_tag@1@AEBV01@QEB_W_K23@Z 0000000140008f68 f i AdQuery.obj
 0001:00008070       ??$_Append@_W@?$basic_string@_WU?$char_traits@_W@std@@V?$allocator@_W@2@@std@@AEAAAEAV01@QEB_W_K@Z 0000000140009070 f i AdQuery.obj
 0001:00008b00       __scrt_exe_initialize_mta  0000000140009b00 f   LIBCMT:utility_desktop.obj
 0001:00008b00       __scrt_initialize_winrt    0000000140009b00 f   LIBCMT:utility_desktop.obj
 0001:00008b00       __scrt_stub_for_initialize_mta 0000000140009b00 f   LIBCMT:utility_desktop.obj
 0001:00008b00       _get_startup_commit_mode   0000000140009b00 f   LIBCMT:commit_mode.obj
 0001:00008b00       _get_startup_new_mode      0000000140009b00 f   LIBCMT:new_mode.obj
 0001:00008b00       _get_startup_thread_locale_mode 0000000140009b00 f   LIBCMT:thread_locale.obj
 0001:00008b00       _matherr                   0000000140009b00 f   LIBCMT:matherr.obj
 0001:00008e60       ??1?$_Tidy_guard@V?$vector@PEB_WV?$allocator@PEB_W@std@@@std@@@std@@QEAA@XZ 0000000140009e60 f i AdQuery.obj
 0001:00008ed8       ??1?$_Tidy_guard@V?$vector@EV?$allocator@E@std@@@std@@@std@@QEAA@XZ 0000000140009ed8 f i AdQuery.obj
 0001:000090d8       ??$construct@UInfoPair@ith@@U12@@?$_Default_allocator_traits@V?$allocator@UInfoPair@ith@@@std@@@std@@SAXAEAV?$allocator@UInfoPair@ith@@@1@QEAUInfoPair@ith@@$$QEAU34@@Z 000000014000a0d8 f i AdQuery.obj
 0001:00009168       ??1_Reallocation_guard2@?$vector@V?$basic_string@_WU?$char_traits@_W@std@@V?$allocator@_W@2@@std@@V?$allocator@V?$basic_string@_WU?$char_traits@_W@std@@V?$allocator@_W@2@@std@@@2@@std@@QEAA@XZ 000000014000a168 f i AdQuery.obj
 0001:000091e8       ??1_Reallocation_guard2@?$vector@UNamedEntry@ith@@V?$allocator@UNamedEntry@ith@@@std@@@std@@QEAA@XZ 000000014000a1e8 f i AdQuery.obj
 0001:00009274       ??1_Reallocation_guard2@?$vector@UInfoPair@ith@@V?$allocator@UInfoPair@ith@@@std@@@std@@QEAA@XZ 000000014000a274 f i AdQuery.obj
 0001:000093e0       ??$swap@UNamedEntry@ith@@$0A@@std@@YAXAEAUNamedEntry@ith@@0@Z 000000014000a3e0 f i AdQuery.obj
 0001:00009584       ??1?$_Uninitialized_backout_al@V?$allocator@UInfoPair@ith@@@std@@@std@@QEAA@XZ 000000014000a584 f i AdQuery.obj
 0001:000095bc       ??1?$_Uninitialized_backout_al@V?$allocator@UNamedEntry@ith@@@std@@@std@@QEAA@XZ 000000014000a5bc f i AdQuery.obj
 0001:000095ec       ?_Xran@?$_String_val@U?$_Simple_types@_W@std@@@std@@SAXXZ 000000014000a5ec f i AdQuery.obj
 0001:00009600       ??1ComApartment@ith@@QEAA@XZ 000000014000a600 f i AdQueryTool.obj
 0001:00009618       ?Handle@AdQueryView@ith@@UEBAPEAUHWND__@@XZ 000000014000a618 f i AdQueryTool.obj
 0001:00009620       ??1thread@std@@QEAA@XZ     000000014000a620 f i AdQueryTool.obj
 0001:000097c4       ??1AdQueryRequest@ith@@QEAA@XZ 000000014000a7c4 f i AdQueryTool.obj
 0001:0000aac4       ??_EAdQueryView@ith@@UEAAPEAXI@Z 000000014000bac4 f i * CIL library *:* CIL module *
 0001:0000aac4       ??_GAdQueryView@ith@@UEAAPEAXI@Z 000000014000bac4 f i AdQueryTool.obj
 0001:0000aaf8       ??1AdQueryView@ith@@UEAA@XZ 000000014000baf8 f   AdQueryTool.obj
 0001:0000ac64       ?LayoutResults@AdQueryView@ith@@AEAAXXZ 000000014000bc64 f   AdQueryTool.obj
 0001:0000b340       ?BeginSearch@AdQueryView@ith@@AEAAXXZ 000000014000c340 f   AdQueryTool.obj
 0001:0000bb08       ?FillNamedList@AdQueryView@ith@@AEAAXPEAUHWND__@@AEBV?$vector@UNamedEntry@ith@@V?$allocator@UNamedEntry@ith@@@std@@@std@@@Z 000000014000cb08 f   AdQueryTool.obj
 0001:0000bba0       ?CopyTextToClipboard@AdQueryView@ith@@AEAAXAEBV?$basic_string@_WU?$char_traits@_W@std@@V?$allocator@_W@2@@std@@@Z 000000014000cba0 f   AdQueryTool.obj
 0001:0000bcfc       ?CopySelected@AdQueryView@ith@@AEAAXPEAUHWND__@@H@Z 000000014000ccfc f   AdQueryTool.obj
 0001:0000bef0       ?SetBounds@AdQueryView@ith@@UEAAXAEBUtagRECT@@@Z 000000014000cef0 f   AdQueryTool.obj
 0001:0000bf24       ?Show@AdQueryView@ith@@UEAAX_N@Z 000000014000cf24 f   AdQueryTool.obj
 0001:0000bf38       ?CreateView@AdQueryTool@ith@@UEAA?AV?$unique_ptr@VToolView@ith@@U?$default_delete@VToolView@ith@@@std@@@std@@PEAUHWND__@@PEAUHFONT__@@@Z 000000014000cf38 f   AdQueryTool.obj
 0001:0000c5f4       ??$?H_WU?$char_traits@_W@std@@V?$allocator@_W@1@@std@@YA?AV?$basic_string@_WU?$char_traits@_W@std@@V?$allocator@_W@2@@0@$$QEAV10@0@Z 000000014000d5f4 f i AdQueryTool.obj
 0001:0000c844       ??4?$vector@UNamedEntry@ith@@V?$allocator@UNamedEntry@ith@@@std@@@std@@QEAAAEAV01@AEBV01@@Z 000000014000d844 f i AdQueryTool.obj
 0001:0000cb24       ??$_Invoke@V?$tuple@P6AXPEAUHWND__@@IUAdQueryRequest@ith@@@ZPEAU1@IU23@@std@@$0A@$00$01$02@thread@std@@CAIPEAX@Z 000000014000db24 f i AdQueryTool.obj
 0001:0000cc94       ??1?$unique_ptr@V?$tuple@P6AXPEAUHWND__@@IUAdQueryRequest@ith@@@ZPEAU1@IU23@@std@@U?$default_delete@V?$tuple@P6AXPEAUHWND__@@IUAdQueryRequest@ith@@@ZPEAU1@IU23@@std@@@2@@std@@QEAA@XZ 000000014000dc94 f i AdQueryTool.obj
 0001:0000ccc8       ?find@?$_WChar_traits@_W@std@@SAPEB_WPEB_W_KAEB_W@Z 000000014000dcc8 f i AdQueryTool.obj
 0001:0000ce00       ??0bad_alloc@std@@QEAA@XZ  000000014000de00 f i libcpmt:xthrow.obj
 0001:0000ce30       ??0bad_function_call@std@@QEAA@AEBV01@@Z 000000014000de30 f i libcpmt:xthrow.obj
 0001:0000ce70       ??0bad_function_call@std@@QEAA@XZ 000000014000de70 f i libcpmt:xthrow.obj
 0001:0000ce90       ??0length_error@std@@QEAA@AEBV01@@Z 000000014000de90 f i libcpmt:xthrow.obj
 0001:0000ced0       ??0length_error@std@@QEAA@PEBD@Z 000000014000ded0 f i libcpmt:xthrow.obj
 0001:0000cf20       ??0logic_error@std@@QEAA@AEBV01@@Z 000000014000df20 f i libcpmt:xthrow.obj
 0001:0000cf60       ??0out_of_range@std@@QEAA@AEBV01@@Z 000000014000df60 f i libcpmt:xthrow.obj
 0001:0000cfa0       ??0out_of_range@std@@QEAA@PEBD@Z 000000014000dfa0 f i libcpmt:xthrow.obj
 0001:0000cff0       ??0runtime_error@std@@QEAA@AEBV01@@Z 000000014000dff0 f i libcpmt:xthrow.obj
 0001:0000d030       ?_Xbad_function_call@std@@YAXXZ 000000014000e030 f   libcpmt:xthrow.obj
 0001:0000d050       ?_Xlength_error@std@@YAXPEBD@Z 000000014000e050 f   libcpmt:xthrow.obj
 0001:0000d080       ?_Xout_of_range@std@@YAXPEBD@Z 000000014000e080 f   libcpmt:xthrow.obj
 0001:0000d0b0       ?what@bad_function_call@std@@UEBAPEBDXZ 000000014000e0b0 f i libcpmt:xthrow.obj
 0001:0000df90       __std_find_first_not_of_trivial_pos_2 000000014000ef90 f   libcpmt:vector_algorithms.obj
 0001:0000e0a0       __std_find_last_not_of_trivial_pos_2 000000014000f0a0 f   libcpmt:vector_algorithms.obj
 0001:0000e0b0       __std_mismatch_2           000000014000f0b0 f   libcpmt:vector_algorithms.obj
 0001:0000e0c0       ??$_Append@D@?$basic_string@DU?$char_traits@D@std@@V?$allocator@D@2@@std@@AEAAAEAV01@QEBD_K@Z 000000014000f0c0 f i libcpmt:thread0.obj
 0001:0000e1b0       ??$_Construct@$00PEBD@?$basic_string@DU?$char_traits@D@std@@V?$allocator@D@2@@std@@AEAAXQEBD_K@Z 000000014000f1b0 f i libcpmt:thread0.obj
 0001:0000e300       ??$_Reallocate_grow_by@V<lambda_1>@?1???$_Append@D@?$basic_string@DU?$char_traits@D@std@@V?$allocator@D@2@@std@@AEAAAEAV23@QEBD_K@Z@PEBD_K@?$basic_string@DU?$char_traits@D@std@@V?$allocator@D@2@@std@@AEAAAEAV01@_KV<lambda_1>@?1???$_Append@D@01@AEAAAEAV01@QEBD0@Z@PEBD_K@Z 000000014000f300 f i libcpmt:thread0.obj
 0001:0000e530       ??0?$basic_string@DU?$char_traits@D@std@@V?$allocator@D@2@@std@@QEAA@AEBV01@@Z 000000014000f530 f i libcpmt:thread0.obj
 0001:0000e690       ??0_System_error@std@@IEAA@Verror_code@1@AEBV?$basic_string@DU?$char_traits@D@std@@V?$allocator@D@2@@1@@Z 000000014000f690 f i libcpmt:thread0.obj
 0001:0000e890       ??0_System_error@std@@QEAA@AEBV01@@Z 000000014000f890 f i libcpmt:thread0.obj
 0001:0000e8e0       ??0system_error@std@@QEAA@AEBV01@@Z 000000014000f8e0 f i libcpmt:thread0.obj
 0001:0000e940       ??0system_error@std@@QEAA@HAEBVerror_category@1@PEBD@Z 000000014000f940 f i libcpmt:thread0.obj
 0001:0000ea80       ??1?$basic_string@DU?$char_traits@D@std@@V?$allocator@D@2@@std@@QEAA@XZ 000000014000fa80 f i libcpmt:thread0.obj
 0001:0000eb30       ??_E_Generic_error_category@std@@UEAAPEAXI@Z 000000014000fb30 f i libcpmt:thread0.obj
 0001:0000eb30       ??_G_Generic_error_category@std@@UEAAPEAXI@Z 000000014000fb30 f i libcpmt:thread0.obj
 0001:0000eb60       ??_E_System_error@std@@UEAAPEAXI@Z 000000014000fb60 f i libcpmt:thread0.obj
 0001:0000eb60       ??_Esystem_error@std@@UEAAPEAXI@Z 000000014000fb60 f i libcpmt:thread0.obj
 0001:0000eb60       ??_G_System_error@std@@UEAAPEAXI@Z 000000014000fb60 f i libcpmt:thread0.obj
 0001:0000eb60       ??_Gsystem_error@std@@UEAAPEAXI@Z 000000014000fb60 f i libcpmt:thread0.obj
 0001:0000ebb0       ?_Throw_Cpp_error@std@@YAXH@Z 000000014000fbb0 f   libcpmt:thread0.obj
 0001:0000ec00       ?default_error_condition@error_category@std@@UEBA?AVerror_condition@2@H@Z 000000014000fc00 f i libcpmt:thread0.obj
 0001:0000ec10       ?equivalent@error_category@std@@UEBA_NAEBVerror_code@2@H@Z 000000014000fc10 f i libcpmt:thread0.obj
 0001:0000ec30       ?equivalent@error_category@std@@UEBA_NHAEBVerror_condition@2@@Z 000000014000fc30 f i libcpmt:thread0.obj
 0001:0000ec80       ?generic_category@std@@YAAEBVerror_category@1@XZ 000000014000fc80 f i libcpmt:thread0.obj
 0001:0000ec90       ?message@_Generic_error_category@std@@UEBA?AV?$basic_string@DU?$char_traits@D@std@@V?$allocator@D@2@@2@H@Z 000000014000fc90 f i libcpmt:thread0.obj
 0001:0000ece0       ?name@_Generic_error_category@std@@UEBAPEBDXZ 000000014000fce0 f i libcpmt:thread0.obj
 0001:0000ecf0       _Cnd_do_broadcast_at_thread_exit 000000014000fcf0 f   libcpmt:xnotify.obj
 0001:0000ede0       _Thrd_detach               000000014000fde0 f   libcpmt:cthread.obj
 0001:0000ee00       _Thrd_id                   000000014000fe00 f   libcpmt:cthread.obj
 0001:0000ee10       ?_Syserror_map@std@@YAPEBDH@Z 000000014000fe10 f   libcpmt:syserror.obj
 0001:0000ee40       _Mtx_lock                  000000014000fe40 f   libcpmt:mutex.obj
 0001:0000eed0       _Mtx_unlock                000000014000fed0 f   libcpmt:mutex.obj
 0001:0000ef00       _Cnd_broadcast             000000014000ff00 f   libcpmt:cond.obj
 0001:0000ef30       __security_check_cookie    000000014000ff30 f   LIBCMT:amdsecgs.obj
 0001:0000ef50       ??2@YAPEAX_K@Z             000000014000ff50 f   LIBCMT:new_scalar.obj
 0001:0000efa0       ??3@YAXPEAX@Z              000000014000ffa0 f   LIBCMT:delete_scalar.obj
 0001:0000efb0       ??3@YAXPEAX_K@Z            000000014000ffb0 f   LIBCMT:delete_scalar_size.obj
 0001:0000efc0       ??_Etype_info@@UEAAPEAXI@Z 000000014000ffc0 f i LIBCMT:std_type_info_static.obj
 0001:0000efc0       ??_Gtype_info@@UEAAPEAXI@Z 000000014000ffc0 f i LIBCMT:std_type_info_static.obj
 0001:0000eff0       __report_gsfailure         000000014000fff0 f   LIBCMT:gs_report.obj
 0001:0000f270       wWinMainCRTStartup         0000000140010270 f   LIBCMT:exe_wwinmain.obj
 0001:0000f290       __GSHandlerCheck           0000000140010290 f   LIBCMT:gshandler.obj
 0001:0000f2b0       __GSHandlerCheckCommon     00000001400102b0 f   LIBCMT:gshandler.obj
 0001:0000f480       __isa_available_init       0000000140010480 f   LIBCMT:cpu_disp.obj
 0001:0000f730       __GSHandlerCheck_EH4       0000000140010730 f   LIBCMT:gshandlereh4.obj
 0001:0000f7a0       __sanitizer_annotate_contiguous_container 00000001400107a0 f i libcpmt:asan_noop.obj
 0001:0000f7a0       __sanitizer_annotate_contiguous_container_default 00000001400107a0 f i libcpmt:asan_noop.obj
 0001:0000f7a0       _guard_check_icall_nop     00000001400107a0 f i LIBCMT:guard_support.obj
 0001:0000f7a0       _initialize_denormal_control 00000001400107a0 f i LIBCMT:denormal_control.obj
 0001:0000f7a0       _initialize_invalid_parameter_handler 00000001400107a0 f i LIBCMT:invalid_parameter_handler.obj
 0001:0000f7b0       ?__scrt_throw_std_bad_alloc@@YAXXZ 00000001400107b0 f   LIBCMT:throw_bad_alloc.obj
 0001:0000f7d0       __scrt_acquire_startup_lock 00000001400107d0 f   LIBCMT:utility.obj
 0001:0000f820       __scrt_initialize_crt      0000000140010820 f   LIBCMT:utility.obj
 0001:0000f860       __scrt_initialize_onexit_tables 0000000140010860 f   LIBCMT:utility.obj
 0001:0000f900       __scrt_is_nonwritable_in_current_image 0000000140010900 f   LIBCMT:utility.obj
 0001:0000f9a0       __scrt_release_startup_lock 00000001400109a0 f   LIBCMT:utility.obj
 0001:0000f9d0       __scrt_uninitialize_crt    00000001400109d0 f   LIBCMT:utility.obj
 0001:0000fa00       atexit                     0000000140010a00 f   LIBCMT:utility.obj
 0001:0000fa40       __security_init_cookie     0000000140010a40 f   LIBCMT:gs_support.obj
 0001:0000fb00       _get_startup_argv_mode     0000000140010b00 f   LIBCMT:argv_mode.obj
 0001:0000fb10       _get_startup_file_mode     0000000140010b10 f   LIBCMT:file_mode.obj
 0001:0000fb20       ?__scrt_initialize_type_info@@YAXXZ 0000000140010b20 f   LIBCMT:tncleanup.obj
 0001:0000fb30       __acrt_uninitialize_command_line 0000000140010b30 f   libucrt:argv_data.obj
 0001:0000fb30       _should_initialize_environment 0000000140010b30 f   LIBCMT:env_mode.obj
 0001:0000fb40       __local_stdio_scanf_options 0000000140010b40 f i LIBCMT:default_local_stdio_options.obj
 0001:0000fb50       __scrt_initialize_default_local_stdio_options 0000000140010b50 f   LIBCMT:default_local_stdio_options.obj
 0001:0000fb70       __scrt_is_user_matherr_present 0000000140010b70 f   LIBCMT:matherr_detection.obj
 0001:0000fb80       __scrt_get_dyn_tls_init_callback 0000000140010b80 f   LIBCMT:dyn_tls_init.obj
 0001:0000fb90       __scrt_get_dyn_tls_dtor_callback 0000000140010b90 f   LIBCMT:dyn_tls_dtor.obj
 0001:0000fba0       __crt_debugger_hook        0000000140010ba0 f   LIBCMT:utility_desktop.obj
 0001:0000fbb0       __scrt_fastfail            0000000140010bb0 f   LIBCMT:utility_desktop.obj
 0001:0000fbc0       __scrt_get_show_window_mode 0000000140010bc0 f   LIBCMT:utility_desktop.obj
 0001:0000fc20       __scrt_initialize_mta      0000000140010c20 f   LIBCMT:utility_desktop.obj
 0001:0000fc30       __scrt_is_managed_app      0000000140010c30 f   LIBCMT:utility_desktop.obj
 0001:0000fc90       __scrt_set_unhandled_exception_filter 0000000140010c90 f   LIBCMT:utility_desktop.obj
 0001:0000fca0       __scrt_unhandled_exception_filter 0000000140010ca0 f   LIBCMT:utility_desktop.obj
 0001:0000fd00       _RTC_Initialize            0000000140010d00 f   LIBCMT:initsect.obj
 0001:0000fd50       _RTC_Terminate             0000000140010d50 f   LIBCMT:initsect.obj
 0001:0000fda0       __scrt_is_ucrt_dll_in_use  0000000140010da0 f   LIBCMT:ucrt_detection.obj
 0001:0000fdb0       ??$_CallSETranslator@V__FrameHandler3@@@@YAHPEAUEHExceptionRecord@@PEA_KPEAU_CONTEXT@@PEAU_xDISPATCHER_CONTEXT@@PEBU_s_FuncInfo@@K1H@Z 0000000140010db0 f i libvcruntime:risctrnsctrl.obj
 0001:0000fe00       ??$_CallSETranslator@V__FrameHandler4@@@@YAHPEAUEHExceptionRecord@@PEA_KPEAU_CONTEXT@@PEAU_xDISPATCHER_CONTEXT@@PEAUFuncInfo4@FH4@@K1H@Z 0000000140010e00 f i libvcruntime:risctrnsctrl.obj
 0001:0000fe50       ?DecompFuncInfo@FH4@@YA_JPEAEAEAUFuncInfo4@1@_KH_N@Z 0000000140010e50 f i libvcruntime:risctrnsctrl.obj
 0001:0000ff60       ?ExecutionInCatch@__FrameHandler3@@SA_NPEAU_xDISPATCHER_CONTEXT@@PEBU_s_FuncInfo@@@Z 0000000140010f60 f   libvcruntime:risctrnsctrl.obj
 0001:0000ffd0       ?ExecutionInCatch@__FrameHandler4@@SA_NPEAU_xDISPATCHER_CONTEXT@@PEAUFuncInfo4@FH4@@@Z 0000000140010fd0 f   libvcruntime:risctrnsctrl.obj
 0001:0000ffe0       ?FrameUnwindToEmptyState@__FrameHandler3@@SAXPEA_KPEAU_xDISPATCHER_CONTEXT@@PEBU_s_FuncInfo@@@Z 0000000140010fe0 f   libvcruntime:risctrnsctrl.obj
 0001:00010110       ?FrameUnwindToEmptyState@__FrameHandler4@@SAXPEA_KPEAU_xDISPATCHER_CONTEXT@@PEAUFuncInfo4@FH4@@@Z 0000000140011110 f   libvcruntime:risctrnsctrl.obj
 0001:00010150       ?GetEstablisherFrame@__FrameHandler3@@SAPEA_KPEA_KPEAU_xDISPATCHER_CONTEXT@@PEBU_s_FuncInfo@@0@Z 0000000140011150 f   libvcruntime:risctrnsctrl.obj
 0001:00010250       ?GetEstablisherFrame@__FrameHandler4@@SAPEA_KPEA_KPEAU_xDISPATCHER_CONTEXT@@PEAUFuncInfo4@FH4@@0@Z 0000000140011250 f   libvcruntime:risctrnsctrl.obj
 0001:00010280       ?GetRangeOfTrysToCheck@__FrameHandler3@@SA?AU?$pair@Viterator@TryBlockMap@__FrameHandler3@@V123@@std@@AEAVTryBlockMap@1@HPEAU_xDISPATCHER_CONTEXT@@PEBU_s_FuncInfo@@H@Z 0000000140011280 f   libvcruntime:risctrnsctrl.obj
 0001:000103b0       ?GetRangeOfTrysToCheck@__FrameHandler4@@SA?AU?$pair@Viterator@TryBlockMap4@FH4@@V123@@std@@AEAVTryBlockMap4@FH4@@HPEAU_xDISPATCHER_CONTEXT@@PEAUFuncInfo4@5@H@Z 00000001400113b0 f   libvcruntime:risctrnsctrl.obj
 0001:00010530       ?UnwindNestedFrames@__FrameHandler3@@SAXPEA_KPEAUEHExceptionRecord@@PEAU_CONTEXT@@0PEAXPEBU_s_FuncInfo@@HHPEBU_s_HandlerType@@PEAU_xDISPATCHER_CONTEXT@@E@Z 0000000140011530 f   libvcruntime:risctrnsctrl.obj
 0001:00010660       ?UnwindNestedFrames@__FrameHandler4@@SAXPEA_KPEAUEHExceptionRecord@@PEAU_CONTEXT@@0PEAXPEAUFuncInfo4@FH4@@HHPEAUHandlerType4@5@PEAU_xDISPATCHER_CONTEXT@@E@Z 0000000140011660 f   libvcruntime:risctrnsctrl.obj
 0001:000107e0       ?setBuffer@TryBlockMap4@FH4@@QEAAXViterator@12@@Z 00000001400117e0 f i libvcruntime:risctrnsctrl.obj
 0001:000109d0       _CreateFrameInfo           00000001400119d0 f   libvcruntime:risctrnsctrl.obj
 0001:00010a10       _FindAndUnlinkFrame        0000000140011a10 f   libvcruntime:risctrnsctrl.obj
 0001:00010a70       _GetImageBase              0000000140011a70 f   libvcruntime:risctrnsctrl.obj
 0001:00010a90       _GetThrowImageBase         0000000140011a90 f   libvcruntime:risctrnsctrl.obj
 0001:00010ab0       _SetImageBase              0000000140011ab0 f   libvcruntime:risctrnsctrl.obj
 0001:00010ad0       _SetThrowImageBase         0000000140011ad0 f   libvcruntime:risctrnsctrl.obj
 0001:00010af0       __CxxFrameHandler3         0000000140011af0 f   libvcruntime:risctrnsctrl.obj
 0001:00010b70       __CxxFrameHandler4         0000000140011b70 f   libvcruntime:risctrnsctrl.obj
 0001:00010c30       __std_exception_copy       0000000140011c30 f   libvcruntime:std_exception.obj
 0001:00010cd0       __std_exception_destroy    0000000140011cd0 f   libvcruntime:std_exception.obj
 0001:00010d10       __DestructExceptionObject  0000000140011d10 f   libvcruntime:ehhelpers.obj
 0001:00010d80       ?_CallMemberFunction0@@YAXQEAX0@Z 0000000140011d80 f i libvcruntime:ehhelpers.obj
 0001:00010d90       _IsExceptionObjectToBeDestroyed 0000000140011d90 f   libvcruntime:ehhelpers.obj
 0001:00010dd0       __AdjustPointer            0000000140011dd0 f   libvcruntime:ehhelpers.obj
 0001:00010e00       __FrameUnwindFilter        0000000140011e00 f   libvcruntime:ehhelpers.obj
 0001:00010e70       __current_exception        0000000140011e70 f   libvcruntime:ehhelpers.obj
 0001:00010e90       __current_exception_context 0000000140011e90 f   libvcruntime:ehhelpers.obj
 0001:00010eb0       __std_terminate            0000000140011eb0 f   libvcruntime:ehhelpers.obj
 0001:00010ec0       _CxxThrowException         0000000140011ec0 f   libvcruntime:throw.obj
 0001:00010f70       __C_specific_handler       0000000140011f70 f   libvcruntime:riscchandler.obj
 0001:00011190       __vcrt_initialize          0000000140012190 f   libvcruntime:initialization.obj
 0001:000111c0       __vcrt_uninitialize        00000001400121c0 f   libvcruntime:initialization.obj
 0001:000111e0       __std_type_info_compare    00000001400121e0 f   libvcruntime:std_type_info.obj
 0001:00011210       __vcrt_freefls             0000000140012210 f   libvcruntime:per_thread_data.obj
 0001:00011230       __vcrt_getptd              0000000140012230 f   libvcruntime:per_thread_data.obj
 0001:00011310       __vcrt_initialize_ptd      0000000140012310 f   libvcruntime:per_thread_data.obj
 0001:00011380       __vcrt_uninitialize_ptd    0000000140012380 f   libvcruntime:per_thread_data.obj
 0001:000113b0       ?GetCurrentState@__FrameHandler3@@SAHPEA_KPEAU_xDISPATCHER_CONTEXT@@PEBU_s_FuncInfo@@@Z 00000001400123b0 f   libvcruntime:ehstate.obj
 0001:00011440       ?GetUnwindTryBlock@__FrameHandler3@@SAHPEA_KPEAU_xDISPATCHER_CONTEXT@@PEBU_s_FuncInfo@@@Z 0000000140012440 f   libvcruntime:ehstate.obj
 0001:00011470       ?SetState@__FrameHandler3@@SAXPEA_KPEAU_xDISPATCHER_CONTEXT@@PEBU_s_FuncInfo@@H@Z 0000000140012470 f   libvcruntime:ehstate.obj
 0001:00011480       ?SetUnwindTryBlock@__FrameHandler3@@SAXPEA_KPEAU_xDISPATCHER_CONTEXT@@PEBU_s_FuncInfo@@H@Z 0000000140012480 f   libvcruntime:ehstate.obj
 0001:000114c0       ?StateFromControlPc@__FrameHandler3@@SAHPEBU_s_FuncInfo@@PEAU_xDISPATCHER_CONTEXT@@@Z 00000001400124c0 f   libvcruntime:ehstate.obj
 0001:00011530       ?StateFromControlPc@__FrameHandler4@@SAHPEAUFuncInfo4@FH4@@PEAU_xDISPATCHER_CONTEXT@@@Z 0000000140012530 f   libvcruntime:ehstate.obj
 0001:00011630       ?StateFromIp@__FrameHandler3@@SAHPEBU_s_FuncInfo@@PEAU_xDISPATCHER_CONTEXT@@_K@Z 0000000140012630 f   libvcruntime:ehstate.obj
 0001:000116a0       ?StateFromIp@__FrameHandler4@@SAHPEAUFuncInfo4@FH4@@PEAU_xDISPATCHER_CONTEXT@@_K@Z 00000001400126a0 f   libvcruntime:ehstate.obj
 0001:00012e10       ??$TypeMatchHelper@V__FrameHandler3@@@@YAHPEBU_s_HandlerType@@PEBU_s_CatchableType@@PEBU_s_ThrowInfo@@@Z 0000000140013e10 f i libvcruntime:frame.obj
 0001:00012f40       ??$TypeMatchHelper@V__FrameHandler4@@@@YAHPEAUHandlerType4@FH4@@PEBU_s_CatchableType@@PEBU_s_ThrowInfo@@@Z 0000000140013f40 f i libvcruntime:frame.obj
 0001:00013070       ??$__InternalCxxFrameHandler@V__FrameHandler3@@@@YA?AW4_EXCEPTION_DISPOSITION@@PEAUEHExceptionRecord@@PEA_KPEAU_CONTEXT@@PEAU_xDISPATCHER_CONTEXT@@PEBU_s_FuncInfo@@H1E@Z 0000000140014070 f i libvcruntime:frame.obj
 0001:000132a0       ??$__InternalCxxFrameHandler@V__FrameHandler4@@@@YA?AW4_EXCEPTION_DISPOSITION@@PEAUEHExceptionRecord@@PEA_KPEAU_CONTEXT@@PEAU_xDISPATCHER_CONTEXT@@PEAUFuncInfo4@FH4@@H1E@Z 00000001400142a0 f i libvcruntime:frame.obj
 0001:00013500       ??$__InternalCxxFrameHandlerWrapper@V__FrameHandler3@@@@YA?AW4_EXCEPTION_DISPOSITION@@PEAUEHExceptionRecord@@PEA_KPEAU_CONTEXT@@PEAU_xDISPATCHER_CONTEXT@@PEBU_s_FuncInfo@@H1E@Z 0000000140014500 f i libvcruntime:frame.obj
 0001:00013510       ??$__InternalCxxFrameHandlerWrapper@V__FrameHandler4@@@@YA?AW4_EXCEPTION_DISPOSITION@@PEAUEHExceptionRecord@@PEA_KPEAU_CONTEXT@@PEAU_xDISPATCHER_CONTEXT@@PEAUFuncInfo4@FH4@@H1E@Z 0000000140014510 f i libvcruntime:frame.obj
 0001:00013570       ??0TryBlockMap4@FH4@@QEAA@PEBUFuncInfo4@1@_K@Z 0000000140014570 f i libvcruntime:frame.obj
 0001:00013660       ??0bad_exception@std@@QEAA@AEBV01@@Z 0000000140014660 f i libvcruntime:frame.obj
 0001:000136a0       ??0bad_exception@std@@QEAA@XZ 00000001400146a0 f i libvcruntime:frame.obj
 0001:000136d0       ?CxxCallCatchBlock@__FrameHandler3@@SAPEAXPEAU_EXCEPTION_RECORD@@@Z 00000001400146d0 f   libvcruntime:frame.obj
 0001:000138e0       ?CxxCallCatchBlock@__FrameHandler4@@SAPEAXPEAU_EXCEPTION_RECORD@@@Z 00000001400148e0 f   libvcruntime:frame.obj
 0001:00013b40       ?DecompHandler@HandlerMap4@FH4@@AEAAXXZ 0000000140014b40 f i libvcruntime:frame.obj
 0001:00013d90       ?FrameUnwindToState@__FrameHandler3@@SAXPEA_KPEAU_xDISPATCHER_CONTEXT@@PEBU_s_FuncInfo@@H@Z 0000000140014d90 f   libvcruntime:frame.obj
 0001:00013f40       ?FrameUnwindToState@__FrameHandler4@@SAXPEA_KPEAU_xDISPATCHER_CONTEXT@@PEAUFuncInfo4@FH4@@H@Z 0000000140014f40 f   libvcruntime:frame.obj
 0001:00014320       ?GetHandlerSearchState@__FrameHandler4@@SAHPEA_KPEAU_xDISPATCHER_CONTEXT@@PEAUFuncInfo4@FH4@@@Z 0000000140015320 f i libvcruntime:frame.obj
 0001:00014390       ?GetMaxState@__FrameHandler4@@SAHPEAU_xDISPATCHER_CONTEXT@@PEAUFuncInfo4@FH4@@@Z 0000000140015390 f i libvcruntime:frame.obj
 0001:00014570       ?ReadEntry@UWMap4@FH4@@AEAAXPEAPEAE@Z 0000000140015570 f i libvcruntime:frame.obj
 0001:00014610       ?_CallMemberFunction1@@YAXQEAX00@Z 0000000140015610 f i libvcruntime:frame.obj
 0001:00014620       ?_CallMemberFunction2@@YAXQEAX00H@Z 0000000140015620 f i libvcruntime:frame.obj
 0001:00014630       ?getStateFromIterators@UWMap4@FH4@@SAHAEBViterator@12@H0H0@Z 0000000140015630 f i libvcruntime:frame.obj
 0001:00014710       ?setBuffer@HandlerMap4@FH4@@QEAAXI@Z 0000000140015710 f i libvcruntime:frame.obj
 0001:00014930       _NLG_Notify                0000000140015930 f   libvcruntime:notify.obj
 0001:00014950       __NLG_Dispatch2            0000000140015950 f   libvcruntime:notify.obj
 0001:00014960       __NLG_Return2              0000000140015960 f   libvcruntime:notify.obj
 0001:00014970       __except_validate_context_record 0000000140015970 f   libvcruntime:jbcxrval.obj
 0001:000149b0       __vcrt_initialize_locks    00000001400159b0 f   libvcruntime:locks.obj
 0001:00014a40       __vcrt_uninitialize_locks  0000000140015a40 f   libvcruntime:locks.obj
 0001:00014ad0       _CallSettingFrame          0000000140015ad0 f   libvcruntime:handlers.obj
 0001:00014b10       _CallSettingFrame_LookupContinuationIndex 0000000140015b10 f   libvcruntime:handlers.obj
 0001:00014b40       _CallSettingFrame_NotifyContinuationAddr 0000000140015b40 f   libvcruntime:handlers.obj
 0001:00014b70       _CallSettingFrameEncoded   0000000140015b70 f   libvcruntime:handlers.obj
 0001:00014bb8       ??$ensure_buffer_is_big_enough@D@formatting_buffer@__crt_stdio_output@@QEAA_N_KAEAV__crt_cached_ptd_host@@@Z 0000000140015bb8 f i libucrt:output.obj
 0001:00014c60       ??$ensure_buffer_is_big_enough@_W@formatting_buffer@__crt_stdio_output@@QEAA_N_KAEAV__crt_cached_ptd_host@@@Z 0000000140015c60 f i libucrt:output.obj
 0001:00014d0c       ??$is_wide_character_specifier@_W@__crt_stdio_output@@YA_N_K_WW4length_modifier@0@@Z 0000000140015d0c f i libucrt:output.obj
 0001:00014d4c       ??$parse_integer@KV?$c_string_character_source@_W@__crt_strtox@@$0A@@__crt_strtox@@YAKAEAV__crt_cached_ptd_host@@V?$c_string_character_source@_W@0@H_N@Z 0000000140015d4c f i libucrt:output.obj
 0001:000154b8       ??$type_case_integer@$07@?$output_processor@_WV?$string_output_adapter@_W@__crt_stdio_output@@V?$standard_base@_WV?$string_output_adapter@_W@__crt_stdio_output@@@2@@__crt_stdio_output@@AEAA_N_N@Z 00000001400164b8 f i libucrt:output.obj
 0001:000156c4       ??$type_case_integer@$09@?$output_processor@_WV?$string_output_adapter@_W@__crt_stdio_output@@V?$standard_base@_WV?$string_output_adapter@_W@__crt_stdio_output@@@2@@__crt_stdio_output@@AEAA_N_N@Z 00000001400166c4 f i libucrt:output.obj
 0001:000158d0       ??$type_case_integer@$0BA@@?$output_processor@_WV?$string_output_adapter@_W@__crt_stdio_output@@V?$standard_base@_WV?$string_output_adapter@_W@__crt_stdio_output@@@2@@__crt_stdio_output@@AEAA_N_N@Z 00000001400168d0 f i libucrt:output.obj
 0001:00015adc       ??$type_case_integer_parse_into_buffer@I$07@?$output_processor@_WV?$string_output_adapter@_W@__crt_stdio_output@@V?$standard_base@_WV?$string_output_adapter@_W@__crt_stdio_output@@@2@@__crt_stdio_output@@AEAAXI_N@Z 0000000140016adc f i libucrt:output.obj
 0001:00015b60       ??$type_case_integer_parse_into_buffer@I$09@?$output_processor@_WV?$string_output_adapter@_W@__crt_stdio_output@@V?$standard_base@_WV?$string_output_adapter@_W@__crt_stdio_output@@@2@@__crt_stdio_output@@AEAAXI_N@Z 0000000140016b60 f i libucrt:output.obj
 0001:00015c20       ??$type_case_integer_parse_into_buffer@I$0BA@@?$output_processor@_WV?$string_output_adapter@_W@__crt_stdio_output@@V?$standard_base@_WV?$string_output_adapter@_W@__crt_stdio_output@@@2@@__crt_stdio_output@@AEAAXI_N@Z 0000000140016c20 f i libucrt:output.obj
 0001:00015cc0       ??$type_case_integer_parse_into_buffer@_K$07@?$output_processor@_WV?$string_output_adapter@_W@__crt_stdio_output@@V?$standard_base@_WV?$string_output_adapter@_W@__crt_stdio_output@@@2@@__crt_stdio_output@@AEAAX_K_N@Z 0000000140016cc0 f i libucrt:output.obj
 0001:00015d48       ??$type_case_integer_parse_into_buffer@_K$09@?$output_processor@_WV?$string_output_adapter@_W@__crt_stdio_output@@V?$standard_base@_WV?$string_output_adapter@_W@__crt_stdio_output@@@2@@__crt_stdio_output@@AEAAX_K_N@Z 0000000140016d48 f i libucrt:output.obj
 0001:00015e0c       ??$type_case_integer_parse_into_buffer@_K$0BA@@?$output_processor@_WV?$string_output_adapter@_W@__crt_stdio_output@@V?$standard_base@_WV?$string_output_adapter@_W@__crt_stdio_output@@@2@@__crt_stdio_output@@AEAAX_K_N@Z 0000000140016e0c f i libucrt:output.obj
 0001:00015eac       ?crop_zeroes@__crt_stdio_output@@YAXPEADQEAU__crt_locale_pointers@@@Z 0000000140016eac f i libucrt:output.obj
 0001:00015f20       ?get_raw_ptd@__crt_cached_ptd_host@@QEAAPEAU__acrt_ptd@@XZ 0000000140016f20 f i libucrt:output.obj
 0001:00015f88       ?parse_int_from_format_string@?$output_processor@_WV?$string_output_adapter@_W@__crt_stdio_output@@V?$standard_base@_WV?$string_output_adapter@_W@__crt_stdio_output@@@2@@__crt_stdio_output@@AEAA_NQEAH@Z 0000000140016f88 f i libucrt:output.obj
 0001:00016018       ?process@?$output_processor@_WV?$string_output_adapter@_W@__crt_stdio_output@@V?$standard_base@_WV?$string_output_adapter@_W@__crt_stdio_output@@@2@@__crt_stdio_output@@QEAAHXZ 0000000140017018 f i libucrt:output.obj
 0001:000162dc       ?state_case_size@?$output_processor@_WV?$string_output_adapter@_W@__crt_stdio_output@@V?$standard_base@_WV?$string_output_adapter@_W@__crt_stdio_output@@@2@@__crt_stdio_output@@AEAA_NXZ 00000001400172dc f i libucrt:output.obj
 0001:0001648c       ?state_case_type@?$output_processor@_WV?$string_output_adapter@_W@__crt_stdio_output@@V?$standard_base@_WV?$string_output_adapter@_W@__crt_stdio_output@@@2@@__crt_stdio_output@@AEAA_NXZ 000000014001748c f i libucrt:output.obj
 0001:00016a04       ?type_case_Z@?$output_processor@_WV?$string_output_adapter@_W@__crt_stdio_output@@V?$standard_base@_WV?$string_output_adapter@_W@__crt_stdio_output@@@2@@__crt_stdio_output@@AEAA_NXZ 0000000140017a04 f i libucrt:output.obj
 0001:00016a78       ?type_case_a@?$output_processor@_WV?$string_output_adapter@_W@__crt_stdio_output@@V?$standard_base@_WV?$string_output_adapter@_W@__crt_stdio_output@@@2@@__crt_stdio_output@@AEAA_NXZ 0000000140017a78 f i libucrt:output.obj
 0001:00016cf4       ?type_case_c_tchar@?$output_processor@_WV?$string_output_adapter@_W@__crt_stdio_output@@V?$standard_base@_WV?$string_output_adapter@_W@__crt_stdio_output@@@2@@__crt_stdio_output@@AEAA_N_W@Z 0000000140017cf4 f i libucrt:output.obj
 0001:00016db8       ?type_case_n@?$output_processor@_WV?$string_output_adapter@_W@__crt_stdio_output@@V?$standard_base@_WV?$string_output_adapter@_W@__crt_stdio_output@@@2@@__crt_stdio_output@@AEAA_NXZ 0000000140017db8 f i libucrt:output.obj
 0001:00016e70       ?type_case_s@?$output_processor@_WV?$string_output_adapter@_W@__crt_stdio_output@@V?$standard_base@_WV?$string_output_adapter@_W@__crt_stdio_output@@@2@@__crt_stdio_output@@AEAA_NXZ 0000000140017e70 f i libucrt:output.obj
 0001:00016f0c       ?type_case_s_compute_narrow_string_length@?$output_processor@_WV?$string_output_adapter@_W@__crt_stdio_output@@V?$standard_base@_WV?$string_output_adapter@_W@__crt_stdio_output@@@2@@__crt_stdio_output@@AEAAHH_W@Z 0000000140017f0c f i libucrt:output.obj
 0001:00016fd0       ?update_locale_slow@__crt_cached_ptd_host@@AEAAXXZ 0000000140017fd0 f i libucrt:output.obj
 0001:00017048       ?write_string@?$string_output_adapter@_W@__crt_stdio_output@@QEBAXQEB_WHQEAHAEAV__crt_cached_ptd_host@@@Z 0000000140018048 f i libucrt:output.obj
 0001:000170f0       __stdio_common_vswprintf   00000001400180f0 f   libucrt:output.obj
 0001:00017350       wcscpy_s                   0000000140018350 f   libucrt:wcscpy_s.obj
 0001:000173e0       ceilf                      00000001400183e0 f   libucrt:ceilf.obj
 0001:00017480       wcslen                     0000000140018480 f   libucrt:strnlen.obj
 0001:000175d0       wcsnlen                    00000001400185d0 f   libucrt:strnlen.obj
 0001:00017908       _beginthreadex             0000000140018908 f   libucrt:thread.obj
 0001:000179e8       _endthreadex               00000001400189e8 f   libucrt:thread.obj
 0001:000179f4       terminate                  00000001400189f4 f   libucrt:terminate.obj
 0001:00017a14       abort                      0000000140018a14 f   libucrt:abort.obj
 0001:00017a70       calloc                     0000000140018a70 f   libucrt:calloc.obj
 0001:00017a78       __acrt_initialize_stdio    0000000140018a78 f   libucrt:_file.obj
 0001:00017b98       __acrt_uninitialize_stdio  0000000140018b98 f   libucrt:_file.obj
 0001:00017bf4       _lock_file                 0000000140018bf4 f   libucrt:_file.obj
 0001:00017c00       _unlock_file               0000000140018c00 f   libucrt:_file.obj
 0001:00017c10       free                       0000000140018c10 f   libucrt:free.obj
 0001:00017c20       _callnewh                  0000000140018c20 f   libucrt:new_handler.obj
 0001:00017c60       __acrt_initialize_new_handler 0000000140018c60 f   libucrt:new_handler.obj
 0001:00017c70       _query_new_handler         0000000140018c70 f   libucrt:new_handler.obj
 0001:00017cb0       _set_new_handler           0000000140018cb0 f   libucrt:new_handler.obj
 0001:00017d10       ?_set_new_handler@@YAP6AH_K@ZH@Z 0000000140018d10 f   libucrt:new_handler.obj
 0001:00017d20       malloc                     0000000140018d20 f   libucrt:malloc.obj
 0001:00017d28       _seh_filter_exe            0000000140018d28 f   libucrt:exception_filter.obj
 0001:00017e94       _query_app_type            0000000140018e94 f   libucrt:report_runtime_error.obj
 0001:00017e9c       _set_app_type              0000000140018e9c f   libucrt:report_runtime_error.obj
 0001:00017eb0       __acrt_has_user_matherr    0000000140018eb0 f   libucrt:matherr.obj
 0001:00017ed0       __acrt_initialize_user_matherr 0000000140018ed0 f   libucrt:matherr.obj
 0001:00017ee0       __acrt_invoke_user_matherr 0000000140018ee0 f   libucrt:matherr.obj
 0001:00017f10       __setusermatherr           0000000140018f10 f   libucrt:matherr.obj
 0001:000180d8       __acrt_allocate_buffer_for_argv 00000001400190d8 f   libucrt:argv_parsing.obj
 0001:00018138       _configure_wide_argv       0000000140019138 f   libucrt:argv_parsing.obj
 0001:000184c0       __dcrt_uninitialize_environments_nolock 00000001400194c0 f   libucrt:environment_initialization.obj
 0001:00018504       _initialize_wide_environment 0000000140019504 f   libucrt:environment_initialization.obj
 0001:0001850c       _get_wide_winmain_command_line 000000014001950c f   libucrt:argv_winmain.obj
 0001:00018560       _initterm                  0000000140019560 f   libucrt:initterm.obj
 0001:00018598       _initterm_e                0000000140019598 f   libucrt:initterm.obj
 0001:00018844       __acrt_initialize_thread_local_exit_callback 0000000140019844 f   libucrt:exit.obj
 0001:0001884c       _c_exit                    000000014001984c f   libucrt:exit.obj
 0001:0001885c       _cexit                     000000014001985c f   libucrt:exit.obj
 0001:0001886c       _exit                      000000014001986c f   libucrt:exit.obj
 0001:00018878       _register_thread_local_exe_atexit_callback 0000000140019878 f   libucrt:exit.obj
 0001:000188b4       exit                       00000001400198b4 f   libucrt:exit.obj
 0001:000188c0       _set_fmode                 00000001400198c0 f   libucrt:setmode.obj
 0001:00018970       __acrt_set_locale_changed  0000000140019970 f   libucrt:wsetlocale.obj
 0001:0001897c       __acrt_uninitialize_locale 000000014001997c f   libucrt:wsetlocale.obj
 0001:000189ac       _configthreadlocale        00000001400199ac f   libucrt:wsetlocale.obj
 0001:00018a20       _query_new_mode            0000000140019a20 f   libucrt:new_mode.obj
 0001:00018a30       _set_new_mode              0000000140019a30 f   libucrt:new_mode.obj
 0001:00018a5c       __p__commode               0000000140019a5c f   libucrt:ncommode.obj
 0001:00018da4       _crt_atexit                0000000140019da4 f   libucrt:onexit.obj
 0001:00018db4       _execute_onexit_table      0000000140019db4 f   libucrt:onexit.obj
 0001:00018df8       _initialize_onexit_table   0000000140019df8 f   libucrt:onexit.obj
 0001:00018e20       _register_onexit_function  0000000140019e20 f   libucrt:onexit.obj
 0001:00018f94       __acrt_initialize          0000000140019f94 f   libucrt:initialization.obj
 0001:00018fa8       __acrt_uninitialize        0000000140019fa8 f   libucrt:initialization.obj
 0001:00018fe0       strcpy_s                   0000000140019fe0 f   libucrt:strcpy_s.obj
 0001:00019060       ?get_raw_ptd_noexit@__crt_cached_ptd_host@@QEAAPEAU__acrt_ptd@@XZ 000000014001a060 f i libucrt:invalid_parameter.obj
 0001:000190cc       ?value@?$dual_state_global@P6AXPEB_W00I_K@Z@__crt_state_management@@QEAAAEAP6AXPEB_W00I_K@ZAEAV__crt_cached_ptd_host@@@Z 000000014001a0cc f i libucrt:invalid_parameter.obj
 0001:00019118       __acrt_call_reportfault    000000014001a118 f   libucrt:invalid_parameter.obj
 0001:00019288       __acrt_initialize_invalid_parameter_handler 000000014001a288 f   libucrt:invalid_parameter.obj
 0001:00019290       _invalid_parameter         000000014001a290 f   libucrt:invalid_parameter.obj
 0001:0001932c       _invalid_parameter_internal 000000014001a32c f   libucrt:invalid_parameter.obj
 0001:000193e4       _invalid_parameter_noinfo  000000014001a3e4 f   libucrt:invalid_parameter.obj
 0001:00019404       _invoke_watson             000000014001a404 f   libucrt:invalid_parameter.obj
 0001:0001944c       __acrt_errno_from_os_error 000000014001a44c f   libucrt:errno.obj
 0001:0001951c       __acrt_errno_map_os_error  000000014001a51c f   libucrt:errno.obj
 0001:00019544       __acrt_errno_map_os_error_ptd 000000014001a544 f   libucrt:errno.obj
 0001:00019568       __doserrno                 000000014001a568 f   libucrt:errno.obj
 0001:0001958c       _errno                     000000014001a58c f   libucrt:errno.obj
 0001:000195b0       _free_base                 000000014001a5b0 f   libucrt:free_base.obj
 0001:00019610       _malloc_base               000000014001a610 f   libucrt:malloc_base.obj
 0001:00019670       __acrt_update_locale_info  000000014001a670 f   libucrt:locale_update.obj
 0001:000196a4       __acrt_update_locale_info_explicit 000000014001a6a4 f   libucrt:locale_update.obj
 0001:000196dc       __acrt_update_multibyte_info 000000014001a6dc f   libucrt:locale_update.obj
 0001:00019710       __acrt_update_multibyte_info_explicit 000000014001a710 f   libucrt:locale_update.obj
 0001:0001a258       __acrt_fp_format           000000014001b258 f   libucrt:cvt.obj
 0001:0001a540       _mbtowc_internal           000000014001b540 f   libucrt:mbtowc.obj
 0001:0001a6b8       ?__mblen_utf8@__crt_mbstring@@YAHPEBD@Z 000000014001b6b8 f   libucrt:mbrtoc32.obj
 0001:0001a6f0       ?__mbrtoc32_utf8@__crt_mbstring@@YA_KPEA_UPEBD_KPEAU_Mbstatet@@AEAV__crt_cached_ptd_host@@@Z 000000014001b6f0 f   libucrt:mbrtoc32.obj
 0001:0001a8b0       ?__mbrtowc_utf8@__crt_mbstring@@YA_KPEA_WPEBD_KPEAU_Mbstatet@@AEAV__crt_cached_ptd_host@@@Z 000000014001b8b0 f   libucrt:mbrtowc.obj
 0001:0001a8f8       ?__mbsrtowcs_utf8@__crt_mbstring@@YA_KPEA_WPEAPEBD_KPEAU_Mbstatet@@AEAV__crt_cached_ptd_host@@@Z 000000014001b8f8 f   libucrt:mbrtowc.obj
 0001:0001aab0       _fileno                    000000014001bab0 f   libucrt:fileno.obj
 0001:0001aad8       _get_printf_count_output   000000014001bad8 f   libucrt:printf_count_output.obj
 0001:0001ae00       ?internal_get_ptd_head_slow@@YAPEAU__acrt_ptd@@XZ 000000014001be00 f   libucrt:per_thread_data.obj
 0001:0001af20       __acrt_getptd              000000014001bf20 f   libucrt:per_thread_data.obj
 0001:0001af3c       __acrt_getptd_head         000000014001bf3c f   libucrt:per_thread_data.obj
 0001:0001af80       __acrt_getptd_noexit       000000014001bf80 f   libucrt:per_thread_data.obj
 0001:0001b010       __acrt_getptd_noexit_explicit 000000014001c010 f   libucrt:per_thread_data.obj
 0001:0001b06c       __acrt_initialize_ptd      000000014001c06c f   libucrt:per_thread_data.obj
 0001:0001b0b0       __acrt_uninitialize_ptd    000000014001c0b0 f   libucrt:per_thread_data.obj
 0001:0001b2dc       __acrt_initialize_lowio    000000014001c2dc f   libucrt:ioinit.obj
 0001:0001b318       __acrt_uninitialize_lowio  000000014001c318 f   libucrt:ioinit.obj
 0001:0001b470       _handle_error              000000014001c470 f   libucrt:libm_error.obj
 0001:0001b5b0       _handle_nan                000000014001c5b0 f   libucrt:libm_error.obj
 0001:0001b5d0       _handle_nanf               000000014001c5d0 f   libucrt:libm_error.obj
 0001:0001b5e0       ceil_sse41                 000000014001c5e0 f   libucrt:floorceil_sse41.obj
 0001:0001b5f0       ceilf_sse41                000000014001c5f0 f   libucrt:floorceil_sse41.obj
 0001:0001b600       _calloc_base               000000014001c600 f   libucrt:calloc_base.obj
 0001:0001b82c       __acrt_AppPolicyGetProcessTerminationMethodInternal 000000014001c82c f   libucrt:winapi_thunks.obj
 0001:0001b888       __acrt_AppPolicyGetThreadInitializationTypeInternal 000000014001c888 f   libucrt:winapi_thunks.obj
 0001:0001b8e4       __acrt_FlsAlloc            000000014001c8e4 f   libucrt:winapi_thunks.obj
 0001:0001b8ec       __acrt_FlsFree             000000014001c8ec f   libucrt:winapi_thunks.obj
 0001:0001b8f4       __acrt_FlsGetValue         000000014001c8f4 f   libucrt:winapi_thunks.obj
 0001:0001b8fc       __acrt_FlsGetValue2        000000014001c8fc f   libucrt:winapi_thunks.obj
 0001:0001b908       __acrt_FlsSetValue         000000014001c908 f   libucrt:winapi_thunks.obj
 0001:0001b910       __acrt_InitializeCriticalSectionEx 000000014001c910 f   libucrt:winapi_thunks.obj
 0001:0001b918       __acrt_LCMapStringEx       000000014001c918 f   libucrt:winapi_thunks.obj
 0001:0001ba0c       __acrt_LocaleNameToLCID    000000014001ca0c f   libucrt:winapi_thunks.obj
 0001:0001ba70       __acrt_RoInitialize        000000014001ca70 f   libucrt:winapi_thunks.obj
 0001:0001bac0       __acrt_RoUninitialize      000000014001cac0 f   libucrt:winapi_thunks.obj
 0001:0001bb04       __acrt_initialize_winapi_thunks 000000014001cb04 f   libucrt:winapi_thunks.obj
 0001:0001bb34       __acrt_tls2_supported      000000014001cb34 f   libucrt:winapi_thunks.obj
 0001:0001bb78       __acrt_uninitialize_winapi_thunks 000000014001cb78 f   libucrt:winapi_thunks.obj
 0001:0001bbbc       __acrt_get_begin_thread_init_policy 000000014001cbbc f   libucrt:win_policies.obj
 0001:0001bbfc       __acrt_get_process_end_policy 000000014001cbfc f   libucrt:win_policies.obj
 0001:0001bc78       __acrt_get_sigabrt_handler 000000014001cc78 f   libucrt:signal.obj
 0001:0001bca8       __acrt_initialize_signal_handlers 000000014001cca8 f   libucrt:signal.obj
 0001:0001bcc8       raise                      000000014001ccc8 f   libucrt:signal.obj
 0001:0001bf24       _fcloseall                 000000014001cf24 f   libucrt:closeall.obj
 0001:0001c1b8       __acrt_stdio_flush_nolock  000000014001d1b8 f   libucrt:fflush.obj
 0001:0001c244       _fflush_nolock             000000014001d244 f   libucrt:fflush.obj
 0001:0001c318       _flushall                  000000014001d318 f   libucrt:fflush.obj
 0001:0001c320       __acrt_stdio_free_buffer_nolock 000000014001d320 f   libucrt:_freebuf.obj
 0001:0001c364       __acrt_initialize_locks    000000014001d364 f   libucrt:locks.obj
 0001:0001c3ac       __acrt_lock                000000014001d3ac f   libucrt:locks.obj
 0001:0001c3c8       __acrt_uninitialize_locks  000000014001d3c8 f   libucrt:locks.obj
 0001:0001c400       __acrt_unlock              000000014001d400 f   libucrt:locks.obj
 0001:0001c420       wcsncpy_s                  000000014001d420 f   libucrt:wcsncpy_s.obj
 0001:0001cb00       ??0_LocaleUpdate@@QEAA@QEAU__crt_locale_pointers@@@Z 000000014001db00 f i libucrt:argv_wildcards.obj
 0001:0001cb9c       __acrt_expand_wide_argv_wildcards 000000014001db9c f   libucrt:argv_wildcards.obj
 0001:0001d3ac       __acrt_initialize_multibyte 000000014001e3ac f   libucrt:mbctype.obj
 0001:0001d40c       __acrt_update_thread_multibyte_data 000000014001e40c f   libucrt:mbctype.obj
 0001:0001d428       _setmbcp_nolock            000000014001e428 f   libucrt:mbctype.obj
 0001:0001d6f0       __acrt_initialize_command_line 000000014001e6f0 f   libucrt:argv_data.obj
 0001:0001d718       __acrt_MultiByteToWideChar 000000014001e718 f   libucrt:multibytetowidechar.obj
 0001:0001d7a8       __acrt_WideCharToMultiByte 000000014001e7a8 f   libucrt:widechartomultibyte.obj
 0001:0001d888       __dcrt_get_wide_environment_from_os 000000014001e888 f   libucrt:get_environment_from_os.obj
 0001:0001d924       __acrt_app_verifier_enabled 000000014001e924 f   libucrt:peb_access.obj
 0001:0001d940       __acrt_is_secure_process   000000014001e940 f   libucrt:peb_access.obj
 0001:0001d958       __acrt_lowio_create_handle_array 000000014001e958 f   libucrt:osfinfo.obj
 0001:0001da00       __acrt_lowio_destroy_handle_array 000000014001ea00 f   libucrt:osfinfo.obj
 0001:0001da50       __acrt_lowio_ensure_fh_exists 000000014001ea50 f   libucrt:osfinfo.obj
 0001:0001daf8       __acrt_lowio_lock_fh       000000014001eaf8 f   libucrt:osfinfo.obj
 0001:0001db20       __acrt_lowio_unlock_fh     000000014001eb20 f   libucrt:osfinfo.obj
 0001:0001db48       _free_osfhnd               000000014001eb48 f   libucrt:osfinfo.obj
 0001:0001dc04       _get_osfhandle             000000014001ec04 f   libucrt:osfinfo.obj
 0001:0001dc7c       __acrt_initialize_fmode    000000014001ec7c f   libucrt:txtmode.obj
 0001:0001dc94       __acrt_locale_free_monetary 000000014001ec94 f   libucrt:initmon.obj
 0001:0001dda0       __acrt_locale_free_numeric 000000014001eda0 f   libucrt:initnum.obj
 0001:0001de40       __acrt_locale_free_time    000000014001ee40 f   libucrt:inittime.obj
 0001:0001df50       wcsncmp                    000000014001ef50 f   libucrt:wcsncmp.obj
 0001:0001df90       wcspbrk                    000000014001ef90 f   libucrt:wcspbrk.obj
 0001:0001dfe8       __acrt_GetStringTypeA      000000014001efe8 f   libucrt:getstringtypea.obj
 0001:0001e178       __acrt_add_locale_ref      000000014001f178 f   libucrt:locale_refcounting.obj
 0001:0001e204       __acrt_free_locale         000000014001f204 f   libucrt:locale_refcounting.obj
 0001:0001e37c       __acrt_locale_add_lc_time_reference 000000014001f37c f   libucrt:locale_refcounting.obj
 0001:0001e3a4       __acrt_locale_free_lc_time_if_unreferenced 000000014001f3a4 f   libucrt:locale_refcounting.obj
 0001:0001e3dc       __acrt_locale_release_lc_time_reference 000000014001f3dc f   libucrt:locale_refcounting.obj
 0001:0001e404       __acrt_release_locale_ref  000000014001f404 f   libucrt:locale_refcounting.obj
 0001:0001e4ac       __acrt_update_thread_locale_data 000000014001f4ac f   libucrt:locale_refcounting.obj
 0001:0001e51c       _updatetlocinfoEx_nolock   000000014001f51c f   libucrt:locale_refcounting.obj
 0001:0001e590       _recalloc_base             000000014001f590 f   libucrt:recalloc.obj
 0001:0001e630       _recalloc                  000000014001f630 f   libucrt:recalloc.obj
 0001:0001e640       _get_heap_handle           000000014001f640 f   libucrt:heap_handle.obj
 0001:0001e650       __acrt_initialize_heap     000000014001f650 f   libucrt:heap_handle.obj
 0001:0001e680       __acrt_uninitialize_heap   000000014001f680 f   libucrt:heap_handle.obj
 0001:0001e6a0       __acrt_getheap             000000014001f6a0 f   libucrt:heap_handle.obj
 0001:0001e6a8       __acrt_execute_initializers 000000014001f6a8 f   libucrt:shared_initialization.obj
 0001:0001e728       __acrt_execute_uninitializers 000000014001f728 f   libucrt:shared_initialization.obj
 0001:0001e834       __acrt_fp_strflt_to_string 000000014001f834 f   libucrt:_fptostr.obj
 0001:0001e950       ?divide@__crt_strtox@@YA_KAEAUbig_integer@1@AEBU21@@Z 000000014001f950 f i libucrt:cfout.obj
 0001:0001eddc       __acrt_fltout              000000014001fddc f   libucrt:cfout.obj
 0001:000200f0       fegetround                 00000001400210f0 f   libucrt:fegetround.obj
 0001:00020104       ?reset_and_return@__crt_mbstring@@YA_K_KPEAU_Mbstatet@@@Z 0000000140021104 f   libucrt:common_utf8.obj
 0001:0002010c       ?return_illegal_sequence@__crt_mbstring@@YA_KPEAU_Mbstatet@@AEAV__crt_cached_ptd_host@@@Z 000000014002110c f   libucrt:common_utf8.obj
 0001:00020120       _isatty                    0000000140021120 f   libucrt:isatty.obj
 0001:00020180       _clrfp                     0000000140021180 f   libucrt:fpctrl.obj
 0001:000201a0       _ctrlfp                    00000001400211a0 f   libucrt:fpctrl.obj
 0001:00020220       _get_fpcsr                 0000000140021220 f   libucrt:fpctrl.obj
 0001:00020220       _get_fpsr                  0000000140021220 f   libucrt:fpctrl.obj
 0001:00020230       _set_fpcsr                 0000000140021230 f   libucrt:fpctrl.obj
 0001:00020230       _set_fpsr                  0000000140021230 f   libucrt:fpctrl.obj
 0001:00020240       _set_statfp                0000000140021240 f   libucrt:fpctrl.obj
 0001:00020260       _statfp                    0000000140021260 f   libucrt:fpctrl.obj
 0001:00020270       _raise_exc                 0000000140021270 f   libucrt:fpexcept.obj
 0001:000202a0       _raise_exc_ex              00000001400212a0 f   libucrt:fpexcept.obj
 0001:000205b0       _set_errno_from_matherr    00000001400215b0 f   libucrt:fpexcept.obj
 0001:000205e4       __acrt_DownlevelLocaleNameToLCID 00000001400215e4 f   libucrt:lcidtoname_downlevel.obj
 0001:000207b0       fclose                     00000001400217b0 f   libucrt:fclose.obj
 0001:000208d4       _commit                    00000001400218d4 f   libucrt:commit.obj
 0001:00021194       _write_internal            0000000140022194 f   libucrt:write.obj
 0001:000212b4       _write_nolock              00000001400222b4 f   libucrt:write.obj
 0001:00021694       _lseeki64_nolock_internal  0000000140022694 f   libucrt:lseek.obj
 0001:000216a0       qsort                      00000001400226a0 f   libucrt:qsort.obj
 0001:00021d6c       __acrt_LCMapStringA        0000000140022d6c f   libucrt:lcmapstringa.obj
 0001:00021e20       __ascii_wcsnicmp           0000000140022e20 f   libucrt:wcsnicmp.obj
 0001:00021e90       _msize_base                0000000140022e90 f   libucrt:msize.obj
 0001:00021ed0       _msize                     0000000140022ed0 f   libucrt:msize.obj
 0001:00021ee0       _realloc_base              0000000140022ee0 f   libucrt:realloc_base.obj
 0001:00021f60       _controlfp_s               0000000140022f60 f   libucrt:contrlfp.obj
 0001:00021fd0       fegetenv                   0000000140022fd0 f   libucrt:fegetenv.obj
 0001:00021ff0       fesetenv                   0000000140022ff0 f   libucrt:fesetenv.obj
 0001:00022060       feholdexcept               0000000140023060 f   libucrt:feholdexcept.obj
 0001:000220c0       ceil                       00000001400230c0 f   libucrt:ceil.obj
 0001:00022190       log10                      0000000140023190 f   libucrt:log10.obj
 0001:00022740       __acrt_fenv_get_common_round_control 0000000140023740 f   libucrt:_fenvutils.obj
 0001:00022750       __acrt_fenv_get_control    0000000140023750 f   libucrt:_fenvutils.obj
 0001:00022830       __acrt_fenv_get_status     0000000140023830 f   libucrt:_fenvutils.obj
 0001:00022890       __acrt_fenv_set_control    0000000140023890 f   libucrt:_fenvutils.obj
 0001:000229c0       __acrt_fenv_set_status     00000001400239c0 f   libucrt:_fenvutils.obj
 0001:00022aac       _close_internal            0000000140023aac f   libucrt:close.obj
 0001:00022b70       _close_nolock_internal     0000000140023b70 f   libucrt:close.obj
 0001:00022c40       ?__acrt_stdio_free_stream@@YAXV__crt_stdio_stream@@@Z 0000000140023c40 f   libucrt:stream.obj
 0001:00022c5c       _putwch_nolock             0000000140023c5c f   libucrt:putwch.obj
 0001:00022c9c       _guard_check_icall         0000000140023c9c f i libucrt:checkcfg.obj
 0001:00022cc0       __strncnt                  0000000140023cc0 f   libucrt:strncnt.obj
 0001:00022ce0       _clearfp                   0000000140023ce0 f   libucrt:ieee.obj
 0001:00022d50       _control87                 0000000140023d50 f   libucrt:ieee.obj
 0001:00023000       __acrt_initialize_fma3     0000000140024000 f   libucrt:fma3_available.obj
 0001:000230c0       _log10_special             00000001400240c0 f   libucrt:log_special.obj
 0001:0002317c       __dcrt_lowio_ensure_console_output_initialized 000000014002417c f   libucrt:initcon.obj
 0001:000231d0       __dcrt_terminate_console_output 00000001400241d0 f   libucrt:initcon.obj
 0001:000231ec       __dcrt_write_console       00000001400241ec f   libucrt:initcon.obj
 0001:000232b0       _FindPESection             00000001400242b0 f   LIBCMT:pesect.obj
 0001:00023300       _IsNonwritableInCurrentImage 0000000140024300 f   LIBCMT:pesect.obj
 0001:00023350       _ValidateImageBase         0000000140024350 f   LIBCMT:pesect.obj
 0001:00023380       __GSHandlerCheck_SEH       0000000140024380 f   LIBCMT:gshandlerseh.obj
 0001:00023400       __GSHandlerCheck_EH        0000000140024400 f   LIBCMT:gshandlereh.obj
 0001:00023480       __chkstk                   0000000140024480 f   LIBCMT:chkstk.obj
 0001:00023480       _alloca_probe              0000000140024480 f   LIBCMT:chkstk.obj
 0001:000234d0       __C_specific_handler_noexcept 00000001400244d0 f   libvcruntime:chandler_noexcept.obj
 0001:00023520       strrchr                    0000000140024520 f   libvcruntime:strrchr.obj
 0001:00023660       wcschr                     0000000140024660 f   libvcruntime:wcschr.obj
 0001:00023700       _guard_dispatch_icall_nop  0000000140024700 f   LIBCMT:guard_dispatch.obj
 0001:00023720       _guard_xfg_dispatch_icall_nop 0000000140024720 f   LIBCMT:guard_xfg_dispatch.obj
 0001:00023740       _guard_dispatch_icall      0000000140024740 f   libucrt:dispatchcfg.obj
 0001:00023740       _guard_dispatch_icall_$fo_default$ 0000000140024740     libucrt:dispatchcfg.obj
 0001:00023770       memcpy_repmovs             0000000140024770 f   libvcruntime:memcpy.obj
 0001:00023780       memcpy                     0000000140024780 f   libvcruntime:memcpy.obj
 0001:00023780       memcpy_$fo_default$        0000000140024780     libvcruntime:memcpy.obj
 0001:00023780       memmove                    0000000140024780 f   libvcruntime:memcpy.obj
 0001:00023e40       memset_repstos             0000000140024e40 f   libvcruntime:memset.obj
 0001:00023e50       memset                     0000000140024e50 f   libvcruntime:memset.obj
 0001:00023e50       memset_$fo_default$        0000000140024e50     libvcruntime:memset.obj
 0001:000241f0       strncmp                    00000001400251f0 f   libucrt:strncmp.obj
 0002:00000000       __imp_ADsOpenObject        0000000140027000     activeds:ACTIVEDS.dll
 0002:00000008       \177ACTIVEDS_NULL_THUNK_DATA 0000000140027008     activeds:ACTIVEDS.dll
 0002:00000010       __imp_InitCommonControlsEx 0000000140027010     comctl32:COMCTL32.dll
 0002:00000018       __imp_DefSubclassProc      0000000140027018     comctl32:COMCTL32.dll
 0002:00000020       __imp_SetWindowSubclass    0000000140027020     comctl32:COMCTL32.dll
 0002:00000028       __imp_RemoveWindowSubclass 0000000140027028     comctl32:COMCTL32.dll
 0002:00000030       \177COMCTL32_NULL_THUNK_DATA 0000000140027030     comctl32:COMCTL32.dll
 0002:00000038       __imp_SetBkColor           0000000140027038     gdi32:GDI32.dll
 0002:00000040       __imp_DeleteObject         0000000140027040     gdi32:GDI32.dll
 0002:00000048       __imp_CreateFontIndirectW  0000000140027048     gdi32:GDI32.dll
 0002:00000050       __imp_SetBkMode            0000000140027050     gdi32:GDI32.dll
 0002:00000058       \177GDI32_NULL_THUNK_DATA  0000000140027058     gdi32:GDI32.dll
 0002:00000060       __imp_HeapSize             0000000140027060     kernel32:KERNEL32.dll
 0002:00000068       __imp_GetConsoleMode       0000000140027068     kernel32:KERNEL32.dll
 0002:00000070       __imp_GetConsoleOutputCP   0000000140027070     kernel32:KERNEL32.dll
 0002:00000078       __imp_FlushFileBuffers     0000000140027078     kernel32:KERNEL32.dll
 0002:00000080       __imp_GetProcessHeap       0000000140027080     kernel32:KERNEL32.dll
 0002:00000088       __imp_GetStringTypeW       0000000140027088     kernel32:KERNEL32.dll
 0002:00000090       __imp_SetStdHandle         0000000140027090     kernel32:KERNEL32.dll
 0002:00000098       __imp_FreeEnvironmentStringsW 0000000140027098     kernel32:KERNEL32.dll
 0002:000000a0       __imp_GetEnvironmentStringsW 00000001400270a0     kernel32:KERNEL32.dll
 0002:000000a8       __imp_WideCharToMultiByte  00000001400270a8     kernel32:KERNEL32.dll
 0002:000000b0       __imp_MultiByteToWideChar  00000001400270b0     kernel32:KERNEL32.dll
 0002:000000b8       __imp_GetCommandLineW      00000001400270b8     kernel32:KERNEL32.dll
 0002:000000c0       __imp_GetCommandLineA      00000001400270c0     kernel32:KERNEL32.dll
 0002:000000c8       __imp_GetCPInfo            00000001400270c8     kernel32:KERNEL32.dll
 0002:000000d0       __imp_GetOEMCP             00000001400270d0     kernel32:KERNEL32.dll
 0002:000000d8       __imp_GetACP               00000001400270d8     kernel32:KERNEL32.dll
 0002:000000e0       __imp_IsValidCodePage      00000001400270e0     kernel32:KERNEL32.dll
[...]
 0002:0000ff20       $unwind$__dcrt_lowio_ensure_console_output_initialized 0000000140036f20     libucrt:initcon.obj
 0002:0000ff20       $unwind$?__mbrtowc_utf8@__crt_mbstring@@YA_KPEA_WPEBD_KPEAU_Mbstatet@@AEAV__crt_cached_ptd_host@@@Z 0000000140036f20     libucrt:mbrtowc.obj
 0002:0000ff20       $unwind$?getSystemCP@@YAHH@Z 0000000140036f20     libucrt:mbctype.obj
 0002:0000ff28       $unwind$?__mbsrtowcs_utf8@__crt_mbstring@@YA_KPEA_WPEAPEBD_KPEAU_Mbstatet@@AEAV__crt_cached_ptd_host@@@Z 0000000140036f28     libucrt:mbrtowc.obj
 0002:0000ff44       $unwind$__acrt_getptd_noexit 0000000140036f44     libucrt:per_thread_data.obj
 0002:0000ff44       $unwind$__acrt_getptd_noexit_explicit 0000000140036f44     libucrt:per_thread_data.obj
 0002:0000ff58       $unwind$?destroy_fls@@YAXPEAX@Z 0000000140036f58     libucrt:per_thread_data.obj
 0002:0000ff58       $unwind$__acrt_locale_free_numeric 0000000140036f58     libucrt:initnum.obj
 0002:0000ff58       $unwind$__acrt_locale_free_lc_time_if_unreferenced 0000000140036f58     libucrt:locale_refcounting.obj
 0002:0000ff60       $unwind$?construct_ptd_array@@YAXQEAU__acrt_ptd@@@Z 0000000140036f60     libucrt:per_thread_data.obj
 0002:0000ff68       $unwind$?destroy_ptd_array@@YAXQEAU__acrt_ptd@@@Z 0000000140036f68     libucrt:per_thread_data.obj
 0002:0000ff70       $unwind$??$?RV<lambda_0ae27a3a962d80f24befdcbee591983d>@@AEAV<lambda_8d0ee55de4b1038c4002e0adecdf1839>@@V<lambda_dc504788e8f1664fe9b84e20bfb512f2>@@@?$__crt_seh_guarded_call@X@@QEAAX$$QEAV<lambda_0ae27a3a962d80f24befdcbee591983d>@@AEAV<lambda_8d0ee55de4b1038c4002e0adecdf1839>@@$$QEAV<lambda_dc504788e8f1664fe9b84e20bfb512f2>@@@Z 0000000140036f70     libucrt:per_thread_data.obj
 0002:0000ff94       $unwind$??$?RV<lambda_aa87e3671a710a21b5dc78c0bdf72e11>@@AEAV<lambda_92619d2358a28f41a33ba319515a20b9>@@V<lambda_6992ecaafeb10aed2b74cb1fae11a551>@@@?$__crt_seh_guarded_call@X@@QEAAX$$QEAV<lambda_aa87e3671a710a21b5dc78c0bdf72e11>@@AEAV<lambda_92619d2358a28f41a33ba319515a20b9>@@$$QEAV<lambda_6992ecaafeb10aed2b74cb1fae11a551>@@@Z 0000000140036f94     libucrt:per_thread_data.obj
 0002:0000ffb8       $unwind$??$?RV<lambda_f2e299630e499de9f9a165e60fcd3db5>@@AEAV<lambda_2ae9d31cdba2644fcbeaf08da7c24588>@@V<lambda_40d01ff24d0e7b3814fdbdcee8eab3c7>@@@?$__crt_seh_guarded_call@X@@QEAAX$$QEAV<lambda_f2e299630e499de9f9a165e60fcd3db5>@@AEAV<lambda_2ae9d31cdba2644fcbeaf08da7c24588>@@$$QEAV<lambda_40d01ff24d0e7b3814fdbdcee8eab3c7>@@@Z 0000000140036fb8     libucrt:per_thread_data.obj
 0002:0000ffdc       $unwind$??$?RV<lambda_2d41944a1d46af3157314b8a01080d33>@@AEAV<lambda_8f455de75cd7d7f24b4096f044d8b9e6>@@V<lambda_aa500f224e6afead328df44964fe2772>@@@?$__crt_seh_guarded_call@X@@QEAAX$$QEAV<lambda_2d41944a1d46af3157314b8a01080d33>@@AEAV<lambda_8f455de75cd7d7f24b4096f044d8b9e6>@@$$QEAV<lambda_aa500f224e6afead328df44964fe2772>@@@Z 0000000140036fdc     libucrt:per_thread_data.obj
 0002:00010000       $unwind$__acrt_initialize_lowio 0000000140037000     libucrt:ioinit.obj
 0002:00010020       $unwind$?initialize_inherited_file_handles_nolock@@YAXXZ 0000000140037020     libucrt:ioinit.obj
 0002:0001003c       $unwind$_exception_enabled 000000014003703c     libucrt:libm_error.obj
 0002:00010050       $chain$0$_exception_enabled 0000000140037050     libucrt:libm_error.obj
 0002:00010064       $chain$1$_exception_enabled 0000000140037064     libucrt:libm_error.obj
 0002:00010074       $unwind$_handle_error      0000000140037074     libucrt:libm_error.obj
 0002:00010090       $unwind$_calloc_base       0000000140037090     libucrt:calloc_base.obj
 0002:00010098       $unwind$?try_get_function_slow@@YAPEAXW4function_id@?A0x391cf84c@@QEBDQEBW4module_id@2@2@Z 0000000140037098     libucrt:winapi_thunks.obj
 0002:000100b8       $unwind$raise              00000001400370b8     libucrt:signal.obj
 0002:000100f8       $unwind$??$?RV<lambda_450d765d439847d4c735a33c368b5fc0>@@AEAV<lambda_44731a7d0e6d81c3e6aa82d741081786>@@V<lambda_601a2a7da3b7a96e9554ac7215c4b07c>@@@?$__crt_seh_guarded_call@P6AXH@Z@@QEAAP6AXH@Z$$QEAV<lambda_450d765d439847d4c735a33c368b5fc0>@@AEAV<lambda_44731a7d0e6d81c3e6aa82d741081786>@@$$QEAV<lambda_601a2a7da3b7a96e9554ac7215c4b07c>@@@Z 00000001400370f8     libucrt:signal.obj
 0002:0001011c       $unwind$_fcloseall         000000014003711c     libucrt:closeall.obj
 0002:00010140       $unwind$fclose             0000000140037140     libucrt:fclose.obj
 0002:00010140       $unwind$_fflush_nolock     0000000140037140     libucrt:fflush.obj
 0002:00010150       $unwind$?common_flush_all@@YAH_N@Z 0000000140037150     libucrt:fflush.obj
 0002:00010158       $unwind$??$?RV<lambda_842d9ff0dc9ef11c61343bbaebe7f885>@@AEAV<lambda_c5860995281e5c4ce005b3de8f5874ee>@@V<lambda_d90129c13df834fdcbf8d2b88dafcf2d>@@@?$__crt_seh_guarded_call@X@@QEAAX$$QEAV<lambda_842d9ff0dc9ef11c61343bbaebe7f885>@@AEAV<lambda_c5860995281e5c4ce005b3de8f5874ee>@@$$QEAV<lambda_d90129c13df834fdcbf8d2b88dafcf2d>@@@Z 0000000140037158     libucrt:fflush.obj
 0002:0001017c       $unwind$??$?RV<lambda_886d6c58226a84441f68b9f2b8217b83>@@AEAV<lambda_ab61a845afdef5b7c387490eaf3616ee>@@V<lambda_f7f22ab5edc0698d5f6905b0d3f44752>@@@?$__crt_seh_guarded_call@X@@QEAAX$$QEAV<lambda_886d6c58226a84441f68b9f2b8217b83>@@AEAV<lambda_ab61a845afdef5b7c387490eaf3616ee>@@$$QEAV<lambda_f7f22ab5edc0698d5f6905b0d3f44752>@@@Z 000000014003717c     libucrt:fflush.obj
 0002:000101a4       $unwind$wcsncpy_s          00000001400371a4     libucrt:wcsncpy_s.obj
 0002:000101b0       $chain$0$wcsncpy_s         00000001400371b0     libucrt:wcsncpy_s.obj
 0002:000101c4       $chain$2$wcsncpy_s         00000001400371c4     libucrt:wcsncpy_s.obj
 0002:000101c4       $chain$4$wcsncpy_s         00000001400371c4     libucrt:wcsncpy_s.obj
 0002:000101d8       $unwind$??$common_expand_argv_wildcards@_W@@YAHQEAPEA_WQEAPEAPEA_W@Z 00000001400371d8     libucrt:argv_wildcards.obj
 0002:000101fc       $unwind$??$copy_and_add_argument_to_buffer@_W@@YAHQEB_W0_KAEAV?$argument_list@_W@?A0x5f5c8891@@@Z 00000001400371fc     libucrt:argv_wildcards.obj
 0002:00010218       $unwind$_setmbcp_nolock    0000000140037218     libucrt:mbctype.obj
 0002:00010238       $unwind$?update_thread_multibyte_data_internal@@YAPEAU__crt_multibyte_data@@QEAU__acrt_ptd@@QEAPEAU1@@Z 0000000140037238     libucrt:mbctype.obj
 0002:00010260       $unwind$?setmbcp_internal@@YAHH_NQEAU__acrt_ptd@@QEAPEAU__crt_multibyte_data@@@Z 0000000140037260     libucrt:mbctype.obj
 0002:00010278       $unwind$?setSBUpLow@@YAXPEAU__crt_multibyte_data@@@Z 0000000140037278     libucrt:mbctype.obj
 0002:00010294       $unwind$??$?RV<lambda_efdfa57d1f175319df784efa44bb7b81>@@AEAV<lambda_5f0a4c1567f8adc6734073e5d1e1b35c>@@V<lambda_2e8a7d3640ea6ccb4c2413664c2db6fd>@@@?$__crt_seh_guarded_call@X@@QEAAX$$QEAV<lambda_efdfa57d1f175319df784efa44bb7b81>@@AEAV<lambda_5f0a4c1567f8adc6734073e5d1e1b35c>@@$$QEAV<lambda_2e8a7d3640ea6ccb4c2413664c2db6fd>@@@Z 0000000140037294     libucrt:mbctype.obj
 0002:000102b8       $unwind$__acrt_WideCharToMultiByte 00000001400372b8     libucrt:widechartomultibyte.obj
 0002:000102c4       $unwind$_free_osfhnd       00000001400372c4     libucrt:osfinfo.obj
 0002:000102d8       $unwind$__acrt_lowio_destroy_handle_array 00000001400372d8     libucrt:osfinfo.obj
 0002:000102e8       $unwind$__acrt_lowio_ensure_fh_exists 00000001400372e8     libucrt:osfinfo.obj
 0002:00010314       $unwind$__acrt_locale_free_monetary 0000000140037314     libucrt:initmon.obj
 0002:0001031c       $unwind$__acrt_locale_free_time 000000014003731c     libucrt:inittime.obj
 0002:0001032c       $unwind$__acrt_GetStringTypeA 000000014003732c     libucrt:getstringtypea.obj
 0002:00010354       $unwind$__acrt_update_thread_locale_data 0000000140037354     libucrt:locale_refcounting.obj
 0002:00010378       $unwind$_recalloc_base     0000000140037378     libucrt:recalloc.obj
 0002:0001038c       $unwind$__acrt_initialize_heap 000000014003738c     libucrt:heap_handle.obj
 0002:00010394       $unwind$__acrt_fltout      0000000140037394     libucrt:cfout.obj
 0002:000103b8       $unwind$?divide@__crt_strtox@@YA_KAEAUbig_integer@1@AEBU21@@Z 00000001400373b8     libucrt:cfout.obj
 0002:000103d0       $chain$0$?divide@__crt_strtox@@YA_KAEAUbig_integer@1@AEBU21@@Z 00000001400373d0     libucrt:cfout.obj
 0002:000103e4       $chain$1$?divide@__crt_strtox@@YA_KAEAUbig_integer@1@AEBU21@@Z 00000001400373e4     libucrt:cfout.obj
 0002:000103f4       $unwind$_ctrlfp            00000001400373f4     libucrt:fpctrl.obj
 0002:00010414       $unwind$_raise_exc_ex      0000000140037414     libucrt:fpexcept.obj
 0002:00010428       $unwind$?_fclose_nolock_internal@@YAHQEAU_iobuf@@AEAV__crt_cached_ptd_host@@@Z 0000000140037428     libucrt:fclose.obj
 0002:00010438       $unwind$?_fclose_internal@@YAHQEAU_iobuf@@AEAV__crt_cached_ptd_host@@@Z 0000000140037438     libucrt:fclose.obj
 0002:0001045c       $unwind$_commit            000000014003745c     libucrt:commit.obj
 0002:00010464       $unwind$??$?RV<lambda_a37b2b86f63e897a80ea819b0eb08c01>@@AEAV<lambda_38ce7e780aa69e748d6df282ebc68efe>@@V<lambda_99fb1378e971ab6e7edea83e3a7a83a2>@@@?$__crt_seh_guarded_call@H@@QEAAH$$QEAV<lambda_a37b2b86f63e897a80ea819b0eb08c01>@@AEAV<lambda_38ce7e780aa69e748d6df282ebc68efe>@@$$QEAV<lambda_99fb1378e971ab6e7edea83e3a7a83a2>@@@Z 0000000140037464     libucrt:commit.obj
 0002:00010488       $unwind$_write_nolock      0000000140037488     libucrt:write.obj
 0002:000104a0       $unwind$_write_internal    00000001400374a0     libucrt:write.obj
 0002:000104cc       $unwind$?write_double_translated_ansi_nolock@@YA?AUwrite_result@?A0x17268360@@HQEBDIAEAV__crt_cached_ptd_host@@@Z 00000001400374cc     libucrt:write.obj
 0002:000104f8       $ip2state$?write_double_translated_ansi_nolock@@YA?AUwrite_result@?A0x17268360@@HQEBDIAEAV__crt_cached_ptd_host@@@Z 00000001400374f8     libucrt:write.obj
 0002:00010500       $unwind$?write_text_ansi_nolock@@YA?AUwrite_result@?A0x17268360@@HQEBDI@Z 0000000140037500     libucrt:write.obj
 0002:00010500       $unwind$?write_text_utf16le_nolock@@YA?AUwrite_result@?A0x17268360@@HQEBDI@Z 0000000140037500     libucrt:write.obj
 0002:00010520       $unwind$?write_text_utf8_nolock@@YA?AUwrite_result@?A0x17268360@@HQEBDI@Z 0000000140037520     libucrt:write.obj
 0002:00010544       $unwind$qsort              0000000140037544     libucrt:qsort.obj
 0002:0001055c       $chain$3$qsort             000000014003755c     libucrt:qsort.obj
 0002:0001057c       $chain$4$qsort             000000014003757c     libucrt:qsort.obj
 0002:0001058c       $unwind$__acrt_LCMapStringA 000000014003758c     libucrt:lcmapstringa.obj
 0002:0001059c       $unwind$?__acrt_LCMapStringA_stat@@YAHPEAU__crt_locale_pointers@@PEB_WKPEBDHPEADHHH@Z 000000014003759c     libucrt:lcmapstringa.obj
 0002:000105c4       $unwind$_msize_base        00000001400375c4     libucrt:msize.obj
 0002:000105cc       $unwind$_realloc_base      00000001400375cc     libucrt:realloc_base.obj
 0002:000105d8       $xdatasym$log10            00000001400375d8     libucrt:log10.obj
 0002:000105e4       $unwind$__acrt_fenv_set_control 00000001400375e4     libucrt:_fenvutils.obj
 0002:000105f0       $chain$0$__acrt_fenv_set_control 00000001400375f0     libucrt:_fenvutils.obj
 0002:00010604       $chain$1$__acrt_fenv_set_control 0000000140037604     libucrt:_fenvutils.obj
 0002:00010614       $unwind$_close_internal    0000000140037614     libucrt:close.obj
 0002:0001061c       $unwind$??$?RV<lambda_ad8af0d99a0adf03d037d7dffe354bb5>@@AEAV<lambda_c9ba49e555ba839a7b07aa3fbecb7617>@@V<lambda_2f1ebd5d68526518146ae959c9e734c8>@@@?$__crt_seh_guarded_call@H@@QEAAH$$QEAV<lambda_ad8af0d99a0adf03d037d7dffe354bb5>@@AEAV<lambda_c9ba49e555ba839a7b07aa3fbecb7617>@@$$QEAV<lambda_2f1ebd5d68526518146ae959c9e734c8>@@@Z 000000014003761c     libucrt:close.obj
 0002:00010640       $unwind$_putwch_nolock     0000000140037640     libucrt:putwch.obj
 0002:00010648       $unwind$_guard_check_icall 0000000140037648     libucrt:checkcfg.obj
 0002:00010654       $unwind$common_control87   0000000140037654     libucrt:ieee.obj
 0002:00010678       $unwind$__acrt_initialize_fma3 0000000140037678     libucrt:fma3_available.obj
 0002:00010680       $unwind$_log_special_common 0000000140037680     libucrt:log_special.obj
 0002:0001068c       $unwind$__dcrt_write_console 000000014003768c     libucrt:initcon.obj
 0002:000106a0       $unwind$_IsNonwritableInCurrentImage 00000001400376a0     LIBCMT:pesect.obj
 0002:000106c8       $xdatasym                  00000001400376c8     LIBCMT:chkstk.obj
 0002:00010f90       .idata$6                   0000000140037f90     activeds:ACTIVEDS.dll
 0002:00010fb6       .idata$6                   0000000140037fb6     comctl32:COMCTL32.dll
 0002:00010fe8       .idata$6                   0000000140037fe8     ole32:ole32.dll
 0002:00010ff2       .idata$6                   0000000140037ff2     oleaut32:OLEAUT32.dll
 0002:000112f6       .idata$6                   00000001400382f6     user32:USER32.dll
 0002:00011342       .idata$6                   0000000140038342     gdi32:GDI32.dll
 0002:0001154c       .idata$6                   000000014003854c     kernel32:KERNEL32.dll
 0003:00000010       ?_Thread_exit_data_mutex@?A0x7f1b0160@@3Vmutex@std@@A 0000000140039010     libcpmt:xnotify.obj
 0003:000000e0       ?__vcrt_flsindex@@3KA      00000001400390e0     libvcruntime:per_thread_data.obj
 0003:00000210       ?errno_no_memory@@3HA      0000000140039210     libucrt:errno.obj
 0003:00000214       ?doserrno_no_memory@@3KA   0000000140039214     libucrt:errno.obj
 0003:00000218       ?__acrt_flsindex@@3KA      0000000140039218     libucrt:per_thread_data.obj
 0003:000005c0       _mbctypes                  00000001400395c0     libucrt:mbctype.obj
 0003:000006d0       _mbcasemaps                00000001400396d0     libucrt:mbctype.obj
 0003:000007d0       ?__rgctypeflag@@3PADA      00000001400397d0     libucrt:mbctype.obj
 0003:000007e0       ?__rgcode_page_info@@3PAUcode_page_info@@A 00000001400397e0     libucrt:mbctype.obj
 0003:00000974       ?dazSupported@?1??_ctrlfp@@9@9 0000000140039974     libucrt:fpctrl.obj
 0003:00000a80       ?dazSupported@?1??common_control87@@9@9 0000000140039a80     libucrt:ieee.obj
 0003:00000a90       ?__dcrt_lowio_console_output_handle@@3PEAXEA 0000000140039a90     libucrt:initcon.obj
 0003:00000aa0       ?kTypeLabels@?A0xd1b81b73@ith@@3PAPEB_WA 0000000140039aa0     AdQueryTool.obj
 0003:00000c90       ??_R0?AV<lambda_1>@?1??CollectNames@?A0x1f6e8d05@ith@@YA?AV?$vector@UNamedEntry@ith@@V?$allocator@UNamedEntry@ith@@@std@@@std@@PEAUIDirectorySearch@@AEBV?$basic_string@_WU?$char_traits@_W@std@@V?$allocator@_W@2@@5@@Z@@8 0000000140039c90     AdQuery.obj
 0003:00000d80       ??_R0?AV<lambda_1>@?1??RunAdQuery@ith@@YA?AV?$unique_ptr@UAdResult@ith@@U?$default_delete@UAdResult@ith@@@std@@@std@@AEBUAdQueryRequest@2@@Z@@8 0000000140039d80     AdQuery.obj
 0003:00000ef0       ??_R0?AV?$_Func_impl_no_alloc@V<lambda_1>@?1??CollectNames@?A0x1f6e8d05@ith@@YA?AV?$vector@UNamedEntry@ith@@V?$allocator@UNamedEntry@ith@@@std@@@std@@PEAUIDirectorySearch@@AEBV?$basic_string@_WU?$char_traits@_W@std@@V?$allocator@_W@2@@6@@Z@XPEAX@std@@@8 0000000140039ef0     AdQuery.obj
 0003:00001030       ??_R0?AV?$_Func_impl_no_alloc@V<lambda_1>@?1??RunAdQuery@ith@@YA?AV?$unique_ptr@UAdResult@ith@@U?$default_delete@UAdResult@ith@@@std@@@std@@AEBUAdQueryRequest@3@@Z@XPEAX@std@@@8 000000014003a030     AdQuery.obj
 0003:00001140       ?_Thread_exit_data@?A0x7f1b0160@@3U_At_thread_exit_block@1@A 000000014003a140     libcpmt:xnotify.obj
 0003:00001488       ?is_initialized_as_dll@@3_NA 000000014003a488     LIBCMT:utility.obj
 0003:00001489       ?module_local_atexit_table_initialized@@3_NA 000000014003a489     LIBCMT:utility.obj
 0003:00001490       ?module_local_atexit_table@@3U_onexit_table_t@@A 000000014003a490     LIBCMT:utility.obj
 0003:000014a8       ?module_local_at_quick_exit_table@@3U_onexit_table_t@@A 000000014003a4a8     LIBCMT:utility.obj
 0003:000014f0       ?__vcrt_startup_thread_ptd@@3U__vcrt_ptd@@A 000000014003a4f0     libvcruntime:per_thread_data.obj
 0003:00001578       __vcrt_lock_table          000000014003a578     libvcruntime:locks.obj
 0003:000015a0       __vcrt_locks_initialized   000000014003a5a0     libvcruntime:locks.obj
 0003:000015b8       ?__acrt_new_handler@@3V?$dual_state_global@P6AH_K@Z@__crt_state_management@@A 000000014003a5b8     libucrt:new_handler.obj
 0003:000015c0       ?__acrt_app_type@@3W4_crt_app_type@@A 000000014003a5c0     libucrt:report_runtime_error.obj
 0003:000015c8       ?user_matherr@@3V?$dual_state_global@P6AHPEAU_exception@@@Z@__crt_state_management@@A 000000014003a5c8     libucrt:matherr.obj
 0003:000015d0       ?program_name@?1???$common_configure_argv@_W@@YAHW4_crt_argv_mode@@@Z@4PA_WA 000000014003a5d0     libucrt:argv_parsing.obj
 0003:00001800       ?empty_string@?1???$common_wincmdln@_W@@YAPEA_WXZ@4PA_WA 000000014003a800     libucrt:argv_winmain.obj
 0003:00001804       ?c_termination_complete@@3JA 000000014003a804     libucrt:exit.obj
 0003:00001808       ?thread_local_exit_callback_func@@3P6AXPEAXK0@ZEA 000000014003a808     libucrt:exit.obj
 0003:00001810       ?c_exit_complete@?1???R<lambda_6e4b09c48022b2350581041d5f6b0c4c>@@QEBA@XZ@4_NA 000000014003a810     libucrt:exit.obj
 0003:00001818       ?__acrt_global_new_mode@@3V?$dual_state_global@J@__crt_state_management@@A 000000014003a818     libucrt:new_mode.obj
 0003:00001850       ?__acrt_invalid_parameter_handler@@3V?$dual_state_global@P6AXPEB_W00I_K@Z@__crt_state_management@@A 000000014003a850     libucrt:invalid_parameter.obj
 0003:00001858       ?internal_state@?1??_mbtowc_internal@@9@4U_Mbstatet@@A 000000014003a858     libucrt:mbtowc.obj
 0003:00001860       ?internal_pst@?1??__mbrtoc32_utf8@__crt_mbstring@@YA_KPEA_UPEBD_KPEAU_Mbstatet@@AEAV__crt_cached_ptd_host@@@Z@4U3@A 000000014003a860     libucrt:mbrtoc32.obj
 0003:00001868       ?enable_percent_n@@3_KA    000000014003a868     libucrt:printf_count_output.obj
 0003:00001ca0       ?module_handles@@3PAPEAUHINSTANCE__@@A 000000014003aca0     libucrt:winapi_thunks.obj
 0003:00001d58       ?state_cache@?1???$get_cached_win_policy@Ubegin_thread_init_policy_properties@?1??__acrt_get_begin_thread_init_policy@@YA?AW4begin_thread_init_policy@@XZ@@@YA?AW4begin_thread_init_policy@@W4AppPolicyThreadInitializationType@@@Z@4JA 000000014003ad58     libucrt:win_policies.obj
 0003:00001d60       ?ctrlc_action@@3V?$dual_state_global@P6AXH@Z@__crt_state_management@@A 000000014003ad60     libucrt:signal.obj
 0003:00001d68       ?ctrlbreak_action@@3V?$dual_state_global@P6AXH@Z@__crt_state_management@@A 000000014003ad68     libucrt:signal.obj
 0003:00001d70       ?abort_action@@3V?$dual_state_global@P6AXH@Z@__crt_state_management@@A 000000014003ad70     libucrt:signal.obj
 0003:00001d78       ?term_action@@3V?$dual_state_global@P6AXH@Z@__crt_state_management@@A 000000014003ad78     libucrt:signal.obj
 0003:00001d80       ?__acrt_lock_table@@3PAU_RTL_CRITICAL_SECTION@@A 000000014003ad80     libucrt:locks.obj
 0003:00001fd8       ?__acrt_locks_initialized@@3IA 000000014003afd8     libucrt:locks.obj
 0003:00001ff8       ?fSystemSet@@3HA           000000014003aff8     libucrt:mbctype.obj
 0003:00001ffc       ?initialized@?1??__acrt_initialize_multibyte@@9@4_NA 000000014003affc     libucrt:mbctype.obj
 0003:00002060       ?done@?1??EnsureClasses@AdQueryView@ith@@CAXPEAUHINSTANCE__@@@Z@4_NA 000000014003b060     AdQueryTool.obj
 0003:00002068       ?currentTool@?A0x788d576c@ith@@3PEAVITool@2@EA 000000014003b068     Shell.obj
 0005:00000000       ?function_pointers@@3PAPEAXA 000000014003e000     libucrt:winapi_thunks.obj
 0006:00000130       $R000000                   000000014003f130     ITHelper.res
 0006:00000418       $R0002E8                   000000014003f418     ITHelper.res
 0006:00000430       $R000300                   000000014003f430     ITHelper.res
 0006:000007a0       $R000670                   000000014003f7a0     ITHelper.res
